BL51 BANKED LINKER/LOCATER V6.22                                                        07/17/2017  17:31:02  PAGE 1


BL51 BANKED LINKER/LOCATER V6.22, INVOKED BY:
D:\KEIL\C51\BIN\BL51.EXE STARTUP.obj, MAIN.obj, CONFIG.obj, CONTROL.obj, TELE_PACK.obj, TELE_T_R.obj, TELE_PARSE.obj, RE
>> LAY.obj, SCR.obj, TELE_MANAGE.obj, SENSOR_T_H.obj, LUX_LIGHT.obj TO MainModule RAMSIZE (256)


MEMORY MODEL: LARGE WITH FLOATING POINT ARITHMETIC


INPUT MODULES INCLUDED:
  STARTUP.obj (?C_STARTUP)
  MAIN.obj (MAIN)
  CONFIG.obj (CONFIG)
  CONTROL.obj (CONTROL)
  TELE_PACK.obj (TELE_PACK)
  TELE_T_R.obj (TELE_T_R)
  TELE_PARSE.obj (TELE_PARSE)
  RELAY.obj (RELAY)
  SCR.obj (SCR)
  TELE_MANAGE.obj (TELE_MANAGE)
  SENSOR_T_H.obj (SENSOR_T_H)
  LUX_LIGHT.obj (LUX_LIGHT)
  D:\KEIL\C51\LIB\C51FPL.LIB (?C?FPADD)
  D:\KEIL\C51\LIB\C51FPL.LIB (?C?FPMUL)
  D:\KEIL\C51\LIB\C51FPL.LIB (?C?FPDIV)
  D:\KEIL\C51\LIB\C51FPL.LIB (?C?FPCMP)
  D:\KEIL\C51\LIB\C51FPL.LIB (?C?FPNEG)
  D:\KEIL\C51\LIB\C51FPL.LIB (?C?FCAST)
  D:\KEIL\C51\LIB\C51FPL.LIB (?C?CASTF)
  D:\KEIL\C51\LIB\C51FPL.LIB (?C?FPGETOPN)
  D:\KEIL\C51\LIB\C51L.LIB (?C_INIT)
  D:\KEIL\C51\LIB\C51L.LIB (?C?COPY)
  D:\KEIL\C51\LIB\C51L.LIB (?C?CLDPTR)
  D:\KEIL\C51\LIB\C51L.LIB (?C?CLDOPTR)
  D:\KEIL\C51\LIB\C51L.LIB (?C?CSTPTR)
  D:\KEIL\C51\LIB\C51L.LIB (?C?CSTOPTR)
  D:\KEIL\C51\LIB\C51L.LIB (?C?UIDIV)
  D:\KEIL\C51\LIB\C51L.LIB (?C?IILDX)
  D:\KEIL\C51\LIB\C51L.LIB (?C?LNEG)
  D:\KEIL\C51\LIB\C51L.LIB (?C?LSTXDATA)
  D:\KEIL\C51\LIB\C51L.LIB (?C?LSTKXDATA)
  D:\KEIL\C51\LIB\C51L.LIB (?C?CCASE)


LINK MAP OF MODULE:  MainModule (?C_STARTUP)


            TYPE    BASE      LENGTH    RELOCATION   SEGMENT NAME
            -----------------------------------------------------

            * * * * * * *   D A T A   M E M O R Y   * * * * * * *
            REG     0000H     0008H     ABSOLUTE     "REG BANK 0"
                    0008H     0018H                  *** GAP ***
            DATA    0020H     0002H     BIT_ADDR     ?BA?CONFIG
            BIT     0022H.0   0001H.3   UNIT         ?BI?TELE_T_R
            BIT     0023H.3   0001H.3   UNIT         ?BI?SCR
            BIT     0024H.6   0001H.2   UNIT         ?BI?CONFIG
            BIT     0026H.0   0001H.0   UNIT         ?BI?CONTROL
            BIT     0027H.0   0001H.0   UNIT         ?BI?RELAY
BL51 BANKED LINKER/LOCATER V6.22                                                      07/17/2017  17:31:02  PAGE 2


            BIT     0028H.0   0000H.6   UNIT         ?BI?LUX_LIGHT
            BIT     0028H.6   0000H.5   UNIT         ?BI?TELE_MANAGE
            BIT     0029H.3   0000H.4   UNIT         ?BI?TELE_PARSE
            BIT     0029H.7   0000H.3   UNIT         ?BI?SENSOR_T_H
            BIT     002AH.2   0000H.1   UNIT         _BIT_GROUP_
                    002AH.3   0000H.5                *** GAP ***
            DATA    002BH     0029H     UNIT         ?DT?TELE_T_R
            IDATA   0054H     0001H     UNIT         ?STACK

            * * * * * * *  X D A T A   M E M O R Y  * * * * * * *
            XDATA   0000H     00DCH     UNIT         ?XD?CONFIG
            XDATA   00DCH     0084H     UNIT         ?XD?TELE_MANAGE
            XDATA   0160H     0048H     UNIT         ?XD?TELE_PARSE
            XDATA   01A8H     0021H     UNIT         _XDATA_GROUP_
            XDATA   01C9H     0013H     UNIT         ?XD?CONTROL
            XDATA   01DCH     000AH     UNIT         ?XD?SENSOR_T_H
            XDATA   01E6H     0007H     UNIT         ?XD?SCR
            XDATA   01EDH     0004H     UNIT         ?XD?LUX_LIGHT
            XDATA   01F1H     0003H     UNIT         ?XD?TELE_T_R
            XDATA   01F4H     0003H     UNIT         ?XD?RELAY

            * * * * * * *   C O D E   M E M O R Y   * * * * * * *
            CODE    0000H     0003H     ABSOLUTE     
            CODE    0003H     0003H     ABSOLUTE     
            CODE    0006H     0003H     UNIT         ?PR?_DELAYUS?RELAY
                    0009H     0002H                  *** GAP ***
            CODE    000BH     0003H     ABSOLUTE     
                    000EH     0005H                  *** GAP ***
            CODE    0013H     0003H     ABSOLUTE     
            CODE    0016H     000DH     UNIT         ?PR?IIC_STOP?LUX_LIGHT
            CODE    0023H     0003H     ABSOLUTE     
                    0026H     0005H                  *** GAP ***
            CODE    002BH     0003H     ABSOLUTE     
            CODE    002EH     0E3FH     UNIT         ?PR?TELE_PARSE?TELE_PARSE
            CODE    0E6DH     0633H     UNIT         ?C?LIB_CODE
            CODE    14A0H     05A8H     UNIT         ?PR?KEY_CONFIG?TELE_PARSE
            CODE    1A48H     0512H     UNIT         ?PR?_JUMP_ORDER?TELE_PARSE
            CODE    1F5AH     03D5H     UNIT         ?PR?INTERRUPT_TIMER2?CONTROL
            CODE    232FH     03B9H     UNIT         ?PR?_READ_TELE_R?TELE_MANAGE
            CODE    26E8H     032EH     UNIT         ?PR?_READ_TELE_T?TELE_MANAGE
            CODE    2A16H     0265H     UNIT         ?PR?INTERRUPT_UART?TELE_T_R
            CODE    2C7BH     022CH     UNIT         ?PR?_WRITE_TELE_R?TELE_MANAGE
            CODE    2EA7H     0229H     UNIT         ?PR?_WRITE_TELE_T?TELE_MANAGE
            CODE    30D0H     01DBH     UNIT         ?PR?READ_SENSOR_T_H?SENSOR_T_H
            CODE    32ABH     01C3H     UNIT         ?PR?MAIN?MAIN
            CODE    346EH     01ADH     UNIT         ?PR?_ORDER?TELE_PACK
            CODE    361BH     01A8H     UNIT         ?PR?JUMP_ORDER2?TELE_PARSE
            CODE    37C3H     0197H     UNIT         ?PR?_TELE_PACK_SHORTCONFIG?TELE_PACK
            CODE    395AH     012DH     UNIT         ?PR?INTERRUPT_TIMER0?TELE_T_R
            CODE    3A87H     0100H     UNIT         ?CO?TELE_T_R
            CODE    3B87H     00FBH     UNIT         ?PR?INIT_CONFIG?CONFIG
            CODE    3C82H     00CEH     UNIT         ?PR?STAR_SENSOR_T_H?SENSOR_T_H
            CODE    3D50H     00B3H     UNIT         ?PR?TELE_PACK_TEMPERATURE?TELE_PACK
            CODE    3E03H     00A6H     UNIT         ?PR?JUMPTELE_WRITE?TELE_PARSE
            CODE    3EA9H     008CH     UNIT         ?C_C51STARTUP
            CODE    3F35H     0081H     UNIT         ?PR?TELE_PACK_HUMIDITY?TELE_PACK
            CODE    3FB6H     006CH     UNIT         ?PR?TELE_PACK_SCRVAL?TELE_PACK
BL51 BANKED LINKER/LOCATER V6.22                                                      07/17/2017  17:31:02  PAGE 3


            CODE    4022H     0067H     UNIT         ?PR?TELE_PACK_RELAY?TELE_PACK
            CODE    4089H     0063H     UNIT         ?PR?TELE_PACK_KEY?TELE_PACK
            CODE    40ECH     005FH     UNIT         ?PR?ID_CHANG?CONFIG
            CODE    414BH     005BH     UNIT         ?PR?_KEY_INQUIRE?TELE_PARSE
            CODE    41A6H     005BH     UNIT         ?PR?READ_LUX?LUX_LIGHT
            CODE    4201H     0056H     UNIT         ?PR?JUMPTELE_CACHE?TELE_PARSE
            CODE    4257H     0051H     UNIT         ?PR?RELAY_HANDLE?RELAY
            CODE    42A8H     0050H     UNIT         ?PR?ID_GP_Q_SAVE?CONFIG
            CODE    42F8H     0050H     UNIT         ?PR?TELE_CHEAKT?TELE_MANAGE
            CODE    4348H     004BH     UNIT         ?PR?TELE_PACK_LUXVALUE?TELE_PACK
            CODE    4393H     0047H     UNIT         ?PR?TELE_PACK_RELAYVAL?TELE_PACK
            CODE    43DAH     0047H     UNIT         ?PR?INIT_TELE_T_R?TELE_T_R
            CODE    4421H     0044H     UNIT         ?PR?TELE_PACK_SCR1?TELE_PACK
            CODE    4465H     0044H     UNIT         ?PR?TELE_PACK_SCR2?TELE_PACK
            CODE    44A9H     0043H     UNIT         ?CO?TELE_PACK
            CODE    44ECH     0041H     UNIT         ?PR?INIT_TELE_MANAGE?TELE_MANAGE
            CODE    452DH     003FH     UNIT         ?PR?TELE_PACK_SOUND?TELE_PACK
            CODE    456CH     003DH     UNIT         ?PR?TELE_PACK_ID?TELE_PACK
            CODE    45A9H     003BH     UNIT         ?PR?TELE_PACK_MODULE_CONTAIN_GROUP?TELE_PACK
            CODE    45E4H     003BH     UNIT         ?PR?TELE_PACK_GROUP?TELE_PACK
            CODE    461FH     0037H     UNIT         ?C_INITSEG
            CODE    4656H     0037H     UNIT         ?PR?CONFIG_SUCCESS?TELE_PACK
            CODE    468DH     0034H     UNIT         ?PR?INIT_KEY?CONTROL
            CODE    46C1H     0030H     UNIT         ?PR?TELE_PACK_LUX?TELE_PACK
            CODE    46F1H     002EH     UNIT         ?PR?_WRITE4094?RELAY
            CODE    471FH     002BH     UNIT         ?PR?INIT_SCR?SCR
            CODE    474AH     0026H     UNIT         ?PR?INIT_SENSOR_T_H?SENSOR_T_H
            CODE    4770H     0025H     UNIT         ?PR?START_LUX?LUX_LIGHT
            CODE    4795H     0020H     UNIT         ?PR?IIC_RECVBYTE?LUX_LIGHT
            CODE    47B5H     001EH     UNIT         ?PR?_ROM_W?CONFIG
            CODE    47D3H     001EH     UNIT         ?PR?INTERRUPT_INT0?CONTROL
            CODE    47F1H     001DH     UNIT         ?PR?_IIC_SENDBYTE?LUX_LIGHT
            CODE    480EH     001CH     UNIT         ?PR?_ROM_R?CONFIG
            CODE    482AH     001AH     UNIT         ?PR?_ROM_C?CONFIG
            CODE    4844H     001AH     UNIT         ?PR?INTERRUPT_INT1?SCR
            CODE    485EH     0017H     UNIT         ?PR?DELETE_ALL_E2PROM?CONFIG
            CODE    4875H     0016H     UNIT         ?PR?INIT_RELAY?RELAY
            CODE    488BH     0014H     UNIT         ?PR?INIT_LUX?LUX_LIGHT
            CODE    489FH     0013H     UNIT         ?PR?TELEGRAM_T?TELE_T_R
            CODE    48B2H     0012H     UNIT         ?PR?IIC_START?LUX_LIGHT
            CODE    48C4H     0011H     UNIT         ?PR?IIC_SENDACK?LUX_LIGHT
            CODE    48D5H     000FH     UNIT         ?PR?IIC_RECVACK?LUX_LIGHT
            CODE    48E4H     0006H     UNIT         ?PR?TELE_CHEAKR?TELE_MANAGE



OVERLAY MAP OF MODULE:   MainModule (?C_STARTUP)


SEGMENT                                             BIT_GROUP          XDATA_GROUP
  +--> CALLED SEGMENT                            START    LENGTH     START    LENGTH
------------------------------------------------------------------------------------
?C_C51STARTUP                                    -----    -----      -----    -----
  +--> ?PR?MAIN?MAIN
  +--> ?C_INITSEG

?PR?MAIN?MAIN                                    -----    -----      -----    -----
BL51 BANKED LINKER/LOCATER V6.22                                                      07/17/2017  17:31:02  PAGE 4


  +--> ?PR?INIT_TELE_T_R?TELE_T_R
  +--> ?PR?INIT_CONFIG?CONFIG
  +--> ?PR?INIT_TELE_MANAGE?TELE_MANAGE
  +--> ?PR?INIT_SCR?SCR
  +--> ?PR?INIT_SENSOR_T_H?SENSOR_T_H
  +--> ?PR?INIT_LUX?LUX_LIGHT
  +--> ?PR?INIT_KEY?CONTROL
  +--> ?PR?INIT_RELAY?RELAY
  +--> ?PR?TELE_CHEAKT?TELE_MANAGE
  +--> ?PR?TELE_CHEAKR?TELE_MANAGE
  +--> ?PR?TELEGRAM_T?TELE_T_R
  +--> ?PR?TELE_PARSE?TELE_PARSE
  +--> ?PR?TELE_PACK_KEY?TELE_PACK
  +--> ?PR?TELE_PACK_RELAYVAL?TELE_PACK
  +--> ?PR?TELE_PACK_SCRVAL?TELE_PACK
  +--> ?PR?TELE_PACK_SOUND?TELE_PACK
  +--> ?PR?STAR_SENSOR_T_H?SENSOR_T_H
  +--> ?PR?READ_SENSOR_T_H?SENSOR_T_H
  +--> ?PR?START_LUX?LUX_LIGHT
  +--> ?PR?READ_LUX?LUX_LIGHT
  +--> ?PR?TELE_PACK_LUX?TELE_PACK
  +--> ?PR?TELE_PACK_RELAY?TELE_PACK
  +--> ?PR?TELE_PACK_SCR1?TELE_PACK
  +--> ?PR?TELE_PACK_SCR2?TELE_PACK
  +--> ?PR?_JUMP_ORDER?TELE_PARSE

?PR?INIT_CONFIG?CONFIG                           -----    -----      01A8H    0001H
  +--> ?PR?_ROM_R?CONFIG
  +--> ?PR?_ROM_C?CONFIG
  +--> ?PR?_ROM_W?CONFIG
  +--> ?PR?ID_CHANG?CONFIG

?PR?ID_CHANG?CONFIG                              -----    -----      -----    -----
  +--> ?PR?_ROM_R?CONFIG

?PR?INIT_RELAY?RELAY                             -----    -----      -----    -----
  +--> ?PR?_WRITE4094?RELAY

?PR?_WRITE4094?RELAY                             -----    -----      -----    -----
  +--> ?PR?_DELAYUS?RELAY

?PR?TELE_CHEAKT?TELE_MANAGE                      -----    -----      -----    -----
  +--> ?PR?_READ_TELE_T?TELE_MANAGE
  +--> ?PR?_ROM_R?CONFIG

?PR?_READ_TELE_T?TELE_MANAGE                     -----    -----      01A8H    0005H

?PR?TELE_PARSE?TELE_PARSE                        -----    -----      01A8H    0005H
  +--> ?PR?_READ_TELE_R?TELE_MANAGE
  +--> ?PR?_ROM_R?CONFIG
  +--> ?PR?RELAY_HANDLE?RELAY
  +--> ?PR?JUMPTELE_WRITE?TELE_PARSE
  +--> ?PR?JUMP_ORDER2?TELE_PARSE
  +--> ?PR?ID_GP_Q_SAVE?CONFIG
  +--> ?PR?CONFIG_SUCCESS?TELE_PACK
  +--> ?PR?DELETE_ALL_E2PROM?CONFIG
  +--> ?PR?KEY_CONFIG?TELE_PARSE
BL51 BANKED LINKER/LOCATER V6.22                                                      07/17/2017  17:31:02  PAGE 5


  +--> ?PR?_ROM_C?CONFIG
  +--> ?PR?_ROM_W?CONFIG
  +--> ?PR?TELE_PACK_ID?TELE_PACK
  +--> ?PR?TELE_PACK_MODULE_CONTAIN_GROUP?TE...
  +--> ?PR?_KEY_INQUIRE?TELE_PARSE
  +--> ?PR?TELE_PACK_LUXVALUE?TELE_PACK
  +--> ?PR?TELE_PACK_TEMPERATURE?TELE_PACK
  +--> ?PR?TELE_PACK_HUMIDITY?TELE_PACK
  +--> ?PR?TELE_PACK_GROUP?TELE_PACK

?PR?_READ_TELE_R?TELE_MANAGE                     -----    -----      01ADH    0005H

?PR?RELAY_HANDLE?RELAY                           -----    -----      -----    -----
  +--> ?PR?_WRITE4094?RELAY

?PR?JUMPTELE_WRITE?TELE_PARSE                    -----    -----      -----    -----
  +--> ?PR?JUMPTELE_CACHE?TELE_PARSE

?PR?JUMPTELE_CACHE?TELE_PARSE                    002AH.2  0000H.1    -----    -----

?PR?JUMP_ORDER2?TELE_PARSE                       -----    -----      -----    -----
  +--> ?PR?TELE_PACK_KEY?TELE_PACK
  +--> ?PR?TELE_PACK_SOUND?TELE_PACK
  +--> ?PR?TELE_PACK_RELAY?TELE_PACK

?PR?TELE_PACK_KEY?TELE_PACK                      -----    -----      01AFH    0002H
  +--> ?PR?_ORDER?TELE_PACK

?PR?_ORDER?TELE_PACK                             -----    -----      01B1H    000CH
  +--> ?PR?_ROM_R?CONFIG
  +--> ?PR?_WRITE_TELE_T?TELE_MANAGE

?PR?_WRITE_TELE_T?TELE_MANAGE                    -----    -----      01BFH    0005H

?PR?TELE_PACK_SOUND?TELE_PACK                    -----    -----      01AFH    0002H
  +--> ?PR?_ROM_R?CONFIG
  +--> ?PR?_ORDER?TELE_PACK

?PR?TELE_PACK_RELAY?TELE_PACK                    -----    -----      01AFH    0002H
  +--> ?PR?_ORDER?TELE_PACK

?PR?ID_GP_Q_SAVE?CONFIG                          -----    -----      -----    -----
  +--> ?PR?_ROM_C?CONFIG
  +--> ?PR?_ROM_W?CONFIG
  +--> ?PR?ID_CHANG?CONFIG

?PR?CONFIG_SUCCESS?TELE_PACK                     -----    -----      01ADH    0006H
  +--> ?CO?TELE_PACK
  +--> ?PR?_WRITE_TELE_T?TELE_MANAGE

?PR?DELETE_ALL_E2PROM?CONFIG                     -----    -----      -----    -----
  +--> ?PR?_ROM_C?CONFIG

?PR?KEY_CONFIG?TELE_PARSE                        -----    -----      01ADH    0002H

?PR?TELE_PACK_ID?TELE_PACK                       -----    -----      01ADH    0006H
  +--> ?CO?TELE_PACK
BL51 BANKED LINKER/LOCATER V6.22                                                      07/17/2017  17:31:02  PAGE 6


  +--> ?PR?_ROM_R?CONFIG
  +--> ?PR?_WRITE_TELE_T?TELE_MANAGE

?PR?TELE_PACK_MODULE_CONTAIN_GROUP?TE...         -----    -----      01ADH    0006H
  +--> ?CO?TELE_PACK
  +--> ?PR?_WRITE_TELE_T?TELE_MANAGE

?PR?_KEY_INQUIRE?TELE_PARSE                      -----    -----      01ADH    0002H
  +--> ?PR?_TELE_PACK_SHORTCONFIG?TELE_PACK

?PR?_TELE_PACK_SHORTCONFIG?TELE_PACK             -----    -----      01AFH    0010H
  +--> ?CO?TELE_PACK
  +--> ?PR?_ROM_R?CONFIG
  +--> ?PR?_WRITE_TELE_T?TELE_MANAGE

?PR?TELE_PACK_LUXVALUE?TELE_PACK                 -----    -----      01ADH    0006H
  +--> ?CO?TELE_PACK
  +--> ?PR?_WRITE_TELE_T?TELE_MANAGE

?PR?TELE_PACK_TEMPERATURE?TELE_PACK              -----    -----      01ADH    000AH
  +--> ?CO?TELE_PACK
  +--> ?PR?_WRITE_TELE_T?TELE_MANAGE

?PR?TELE_PACK_HUMIDITY?TELE_PACK                 -----    -----      01ADH    000AH
  +--> ?CO?TELE_PACK
  +--> ?PR?_WRITE_TELE_T?TELE_MANAGE

?PR?TELE_PACK_GROUP?TELE_PACK                    -----    -----      01ADH    0006H
  +--> ?CO?TELE_PACK
  +--> ?PR?_WRITE_TELE_T?TELE_MANAGE

?PR?TELE_PACK_RELAYVAL?TELE_PACK                 -----    -----      01A8H    0007H
  +--> ?CO?TELE_PACK
  +--> ?PR?_WRITE_TELE_T?TELE_MANAGE

?PR?TELE_PACK_SCRVAL?TELE_PACK                   -----    -----      01A8H    0006H
  +--> ?CO?TELE_PACK
  +--> ?PR?_WRITE_TELE_T?TELE_MANAGE

?PR?READ_SENSOR_T_H?SENSOR_T_H                   -----    -----      01A8H    0003H

?PR?START_LUX?LUX_LIGHT                          -----    -----      -----    -----
  +--> ?PR?IIC_START?LUX_LIGHT
  +--> ?PR?_IIC_SENDBYTE?LUX_LIGHT
  +--> ?PR?IIC_STOP?LUX_LIGHT

?PR?_IIC_SENDBYTE?LUX_LIGHT                      -----    -----      -----    -----
  +--> ?PR?IIC_RECVACK?LUX_LIGHT

?PR?READ_LUX?LUX_LIGHT                           -----    -----      -----    -----
  +--> ?PR?IIC_START?LUX_LIGHT
  +--> ?PR?_IIC_SENDBYTE?LUX_LIGHT
  +--> ?PR?IIC_RECVBYTE?LUX_LIGHT
  +--> ?PR?IIC_SENDACK?LUX_LIGHT
  +--> ?PR?IIC_STOP?LUX_LIGHT

?PR?IIC_SENDACK?LUX_LIGHT                        002AH.2  0000H.1    -----    -----
BL51 BANKED LINKER/LOCATER V6.22                                                      07/17/2017  17:31:02  PAGE 7



?PR?TELE_PACK_LUX?TELE_PACK                      -----    -----      01A8H    0002H
  +--> ?PR?_ORDER?TELE_PACK

?PR?TELE_PACK_SCR1?TELE_PACK                     -----    -----      01A8H    0002H
  +--> ?PR?_ORDER?TELE_PACK

?PR?TELE_PACK_SCR2?TELE_PACK                     -----    -----      01A8H    0002H
  +--> ?PR?_ORDER?TELE_PACK

?PR?_JUMP_ORDER?TELE_PARSE                       -----    -----      01A8H    0007H
  +--> ?PR?TELE_PACK_KEY?TELE_PACK
  +--> ?PR?TELE_PACK_SOUND?TELE_PACK
  +--> ?PR?TELE_PACK_RELAY?TELE_PACK

*** NEW ROOT ***************************************************

?PR?INTERRUPT_TIMER0?TELE_T_R                    -----    -----      -----    -----
  +--> ?CO?TELE_T_R

*** NEW ROOT ***************************************************

?PR?INTERRUPT_UART?TELE_T_R                      -----    -----      -----    -----
  +--> ?CO?TELE_T_R
  +--> ?PR?_ROM_R?CONFIG
  +--> ?PR?_WRITE_TELE_R?TELE_MANAGE

?PR?_WRITE_TELE_R?TELE_MANAGE                    -----    -----      01C4H    0005H



SYMBOL TABLE OF MODULE:  MainModule (?C_STARTUP)

  VALUE           TYPE          NAME
  ----------------------------------

  -------         MODULE        ?C_STARTUP
  C:3EA9H         SEGMENT       ?C_C51STARTUP
  I:0054H         SEGMENT       ?STACK
  C:0000H         PUBLIC        ?C_STARTUP
  D:00E0H         SYMBOL        ACC
  D:00F0H         SYMBOL        B
  D:0083H         SYMBOL        DPH
  D:0082H         SYMBOL        DPL
  N:0000H         SYMBOL        IBPSTACK
  N:0100H         SYMBOL        IBPSTACKTOP
  N:0080H         SYMBOL        IDATALEN
  C:3EACH         SYMBOL        IDATALOOP
  N:0000H         SYMBOL        PBPSTACK
  N:0100H         SYMBOL        PBPSTACKTOP
  N:0000H         SYMBOL        PDATALEN
  N:0000H         SYMBOL        PDATASTART
  N:0000H         SYMBOL        PPAGE
  N:0000H         SYMBOL        PPAGEENABLE
  D:00A0H         SYMBOL        PPAGE_SFR
  D:0081H         SYMBOL        SP
  C:3EA9H         SYMBOL        STARTUP1
BL51 BANKED LINKER/LOCATER V6.22                                                      07/17/2017  17:31:02  PAGE 8


  N:0000H         SYMBOL        XBPSTACK
  N:0000H         SYMBOL        XBPSTACKTOP
  N:0000H         SYMBOL        XDATALEN
  N:0000H         SYMBOL        XDATASTART
  C:0000H         LINE#         126
  C:3EA9H         LINE#         133
  C:3EABH         LINE#         134
  C:3EACH         LINE#         135
  C:3EADH         LINE#         136
  C:3EAFH         LINE#         185
  C:3EB2H         LINE#         196
  -------         ENDMOD        ?C_STARTUP

  -------         MODULE        MAIN
  C:0000H         SYMBOL        _ICE_DUMMY_
  D:0080H         PUBLIC        P0
  D:0090H         PUBLIC        P1
  D:00A0H         PUBLIC        P2
  D:00B0H         PUBLIC        P3
  D:00E8H         PUBLIC        P4
  B:00A8H.7       PUBLIC        EA
  D:00A8H         PUBLIC        IE
  B:00A8H.4       PUBLIC        ES
  D:00B8H         PUBLIC        IP
  B:0098H.0       PUBLIC        RI
  B:0098H.1       PUBLIC        TI
  C:32ABH         PUBLIC        main
  B:0090H.5       PUBLIC        sound
  D:0098H         PUBLIC        SCON
  D:0088H         PUBLIC        TCON
  B:0098H.5       PUBLIC        SM2
  B:0090H.7       PUBLIC        T_H_Data
  D:00E1H         PUBLIC        WDT_CONTR
  B:0098H.4       PUBLIC        REN
  D:00C8H         PUBLIC        T2CON
  D:00D0H         PUBLIC        PSW
  -------         PROC          MAIN
  -------         DO            
  D:0007H         SYMBOL        i
  -------         ENDDO         
  C:32ABH         LINE#         14
  C:32ABH         LINE#         15
  C:32ABH         LINE#         18
  C:32AEH         LINE#         19
  C:32B1H         LINE#         20
  C:32B4H         LINE#         21
  C:32B7H         LINE#         22
  C:32BAH         LINE#         23
  C:32BDH         LINE#         24
  C:32C0H         LINE#         25
  C:32C3H         LINE#         26
  C:32C5H         LINE#         28
  C:32C7H         LINE#         30
  C:32C9H         LINE#         31
  C:32CFH         LINE#         32
  C:32D1H         LINE#         33
  C:32D7H         LINE#         34
BL51 BANKED LINKER/LOCATER V6.22                                                      07/17/2017  17:31:02  PAGE 9


  C:32D9H         LINE#         35
  C:32DFH         LINE#         36
  C:32E1H         LINE#         37
  C:32E7H         LINE#         38
  C:32E9H         LINE#         39
  C:32EBH         LINE#         40
  C:32EDH         LINE#         41
  C:32EFH         LINE#         42
  C:32F1H         LINE#         43
  C:32F4H         LINE#         45
  C:32F4H         LINE#         46
  C:32F4H         LINE#         47
  C:32F7H         LINE#         48
  C:32FAH         LINE#         49
  C:32FDH         LINE#         50
  C:3300H         LINE#         52
  C:3303H         LINE#         53
  C:3306H         LINE#         54
  C:3309H         LINE#         55
  C:330CH         LINE#         57
  C:330FH         LINE#         58
  C:330FH         LINE#         59
  C:3312H         LINE#         60
  C:3312H         LINE#         61
  C:3315H         LINE#         62
  C:3318H         LINE#         63
  C:331BH         LINE#         64
  C:331BH         LINE#         65
  C:331EH         LINE#         66
  C:3320H         LINE#         67
  C:3320H         LINE#         68
  C:3323H         LINE#         69
  C:3323H         LINE#         70
  C:3326H         LINE#         71
  C:3328H         LINE#         72
  C:3328H         LINE#         74
  C:332BH         LINE#         75
  C:332BH         LINE#         76
  C:332EH         LINE#         77
  C:332EH         LINE#         78
  C:3330H         LINE#         79
  C:3332H         LINE#         80
  C:3332H         LINE#         81
  C:3332H         LINE#         82
  C:3335H         LINE#         83
  C:3338H         LINE#         85
  C:333BH         LINE#         86
  C:333EH         LINE#         87
  C:3344H         LINE#         88
  C:3347H         LINE#         90
  C:334AH         LINE#         91
  C:334DH         LINE#         92
  C:3350H         LINE#         93
  C:3353H         LINE#         95
  C:3356H         LINE#         96
  C:3356H         LINE#         97
  C:3369H         LINE#         98
BL51 BANKED LINKER/LOCATER V6.22                                                      07/17/2017  17:31:02  PAGE 10


  C:3369H         LINE#         99
  C:336BH         LINE#         100
  C:336DH         LINE#         101
  C:3370H         LINE#         102
  C:3372H         LINE#         103
  C:3385H         LINE#         104
  C:3385H         LINE#         105
  C:3387H         LINE#         106
  C:3389H         LINE#         107
  C:338CH         LINE#         108
  C:338CH         LINE#         109
  C:338CH         LINE#         110
  C:33ACH         LINE#         111
  C:33ACH         LINE#         112
  C:33AEH         LINE#         113
  C:33AEH         LINE#         115
  C:33B1H         LINE#         116
  C:33B1H         LINE#         117
  C:33B7H         LINE#         118
  C:33B7H         LINE#         119
  C:33B9H         LINE#         120
  C:33BBH         LINE#         121
  C:33C0H         LINE#         122
  C:33C3H         LINE#         123
  C:33C5H         LINE#         124
  C:33CBH         LINE#         125
  C:33CBH         LINE#         126
  C:33CDH         LINE#         127
  C:33CFH         LINE#         128
  C:33D5H         LINE#         129
  C:33D8H         LINE#         130
  C:33DAH         LINE#         131
  C:33E0H         LINE#         132
  C:33E0H         LINE#         133
  C:33E2H         LINE#         134
  C:33E4H         LINE#         135
  C:33EAH         LINE#         136
  C:33EDH         LINE#         137
  C:33EFH         LINE#         138
  C:33F5H         LINE#         139
  C:33F5H         LINE#         140
  C:33F7H         LINE#         141
  C:33F9H         LINE#         142
  C:33FFH         LINE#         143
  C:3402H         LINE#         144
  C:3402H         LINE#         145
  C:3402H         LINE#         146
  C:3405H         LINE#         147
  C:3405H         LINE#         148
  C:3411H         LINE#         149
  C:3411H         LINE#         150
  C:3413H         LINE#         151
  C:3416H         LINE#         152
  C:3416H         LINE#         153
  C:3418H         LINE#         154
  C:341BH         LINE#         155
  C:341BH         LINE#         156
BL51 BANKED LINKER/LOCATER V6.22                                                      07/17/2017  17:31:02  PAGE 11


  C:341EH         LINE#         157
  C:341EH         LINE#         158
  C:3420H         LINE#         159
  C:3423H         LINE#         160
  C:3423H         LINE#         162
  C:3423H         LINE#         163
  C:3423H         LINE#         165
  C:3426H         LINE#         166
  C:3426H         LINE#         167
  C:3428H         LINE#         168
  C:342DH         LINE#         169
  C:3432H         LINE#         170
  C:3434H         LINE#         171
  C:3434H         LINE#         172
  C:3437H         LINE#         173
  C:3437H         LINE#         174
  C:3439H         LINE#         175
  C:343EH         LINE#         176
  C:3443H         LINE#         177
  C:3445H         LINE#         178
  C:3445H         LINE#         179
  C:3448H         LINE#         180
  C:3448H         LINE#         181
  C:344AH         LINE#         182
  C:344FH         LINE#         183
  C:3454H         LINE#         184
  C:3456H         LINE#         185
  C:3456H         LINE#         186
  C:3459H         LINE#         187
  C:3459H         LINE#         188
  C:345BH         LINE#         189
  C:3460H         LINE#         190
  C:3465H         LINE#         191
  C:3467H         LINE#         192
  C:3467H         LINE#         193
  C:346AH         LINE#         194
  -------         ENDPROC       MAIN
  -------         ENDMOD        MAIN

  -------         MODULE        CONFIG
  C:0000H         SYMBOL        _ICE_DUMMY_
  D:0080H         PUBLIC        P0
  D:0090H         PUBLIC        P1
  D:00A0H         PUBLIC        P2
  D:00B0H         PUBLIC        P3
  D:00E8H         PUBLIC        P4
  D:00E6H         PUBLIC        ISP_TRIG
  D:00A8H         PUBLIC        IE
  C:3B87H         PUBLIC        init_config
  C:482AH         PUBLIC        _rom_c
  B:0024H.6       PUBLIC        Relay1_Alconfig_Flag
  B:0024H.7       PUBLIC        Relay2_Alconfig_Flag
  D:00B8H         PUBLIC        IP
  B:0025H.0       PUBLIC        Relay3_Alconfig_Flag
  B:0025H.1       PUBLIC        Relay4_Alconfig_Flag
  D:00E5H         PUBLIC        ISP_CMD
  C:480EH         PUBLIC        _rom_r
BL51 BANKED LINKER/LOCATER V6.22                                                      07/17/2017  17:31:02  PAGE 12


  C:47B5H         PUBLIC        _rom_w
  C:42A8H         PUBLIC        id_Gp_Q_save
  B:0025H.2       PUBLIC        Sound_Check_Flag
  X:0000H         PUBLIC        Sound_Sensor_Counter
  D:00E3H         PUBLIC        ISP_ADDRH
  C:40ECH         PUBLIC        id_chang
  D:0098H         PUBLIC        SCON
  D:0088H         PUBLIC        TCON
  D:00E4H         PUBLIC        ISP_ADDRL
  X:0002H         PUBLIC        ID_GP_Q
  X:0005H         PUBLIC        ID1
  X:0006H         PUBLIC        ID2
  B:0025H.3       PUBLIC        Scr1_Alconfig_Flag
  B:0025H.4       PUBLIC        Scr2_Alconfig_Flag
  X:0007H         PUBLIC        Write_Cache
  D:0020H         PUBLIC        Temp1
  B:0025H.5       PUBLIC        Sound_Pack_Flag
  D:0021H         PUBLIC        Temp2
  C:485EH         PUBLIC        delete_all_e2prom
  D:00E7H         PUBLIC        ISP_CONTR
  B:0020H.0       PUBLIC        Temp1_0
  B:0021H.0       PUBLIC        Temp2_0
  B:0020H.1       PUBLIC        Temp1_1
  B:0021H.1       PUBLIC        Temp2_1
  B:0020H.2       PUBLIC        Temp1_2
  B:0021H.2       PUBLIC        Temp2_2
  B:0020H.3       PUBLIC        Temp1_3
  B:0021H.3       PUBLIC        Temp2_3
  B:0020H.4       PUBLIC        Temp1_4
  B:0021H.4       PUBLIC        Temp2_4
  B:0020H.5       PUBLIC        Temp1_5
  X:00C7H         PUBLIC        Sound_Delay
  B:0021H.5       PUBLIC        Temp2_5
  B:0020H.6       PUBLIC        Temp1_6
  B:0021H.6       PUBLIC        Temp2_6
  B:0020H.7       PUBLIC        Temp1_7
  X:00CBH         PUBLIC        Sound_Sensor_Counter1
  B:0021H.7       PUBLIC        Temp2_7
  D:00C8H         PUBLIC        T2CON
  D:00E2H         PUBLIC        ISP_DATA
  X:00CCH         PUBLIC        Analog_Threshold
  B:0025H.6       PUBLIC        Sound_Delay1_Flag
  D:00D0H         PUBLIC        PSW
  B:0025H.7       PUBLIC        Sound_Pack2_Flag
  -------         PROC          INIT_CONFIG
  -------         DO            
  X:01A8H         SYMBOL        i
  -------         ENDDO         
  C:3B87H         LINE#         58
  C:3B87H         LINE#         59
  C:3B87H         LINE#         62
  C:3B93H         LINE#         63
  C:3B9AH         LINE#         64
  C:3B9AH         LINE#         65
  C:3BA1H         LINE#         67
  C:3BAAH         LINE#         68
  C:3BB3H         LINE#         69
BL51 BANKED LINKER/LOCATER V6.22                                                      07/17/2017  17:31:02  PAGE 13


  C:3BBCH         LINE#         70
  C:3BC5H         LINE#         71
  C:3BD4H         LINE#         72
  C:3BD4H         LINE#         73
  C:3BE1H         LINE#         74
  C:3BE7H         LINE#         75
  C:3BECH         LINE#         76
  C:3BFBH         LINE#         77
  C:3BFBH         LINE#         78
  C:3C08H         LINE#         79
  C:3C0EH         LINE#         80
  C:3C13H         LINE#         81
  C:3C1CH         LINE#         82
  C:3C1CH         LINE#         83
  C:3C2BH         LINE#         84
  C:3C2BH         LINE#         85
  C:3C45H         LINE#         86
  C:3C4DH         LINE#         87
  C:3C5CH         LINE#         88
  C:3C5CH         LINE#         89
  C:3C76H         LINE#         90
  C:3C7EH         LINE#         91
  C:3C81H         LINE#         92
  -------         ENDPROC       INIT_CONFIG
  -------         PROC          ID_CHANG
  C:40ECH         LINE#         97
  C:40ECH         LINE#         98
  C:40ECH         LINE#         99
  C:40F5H         LINE#         100
  C:40F9H         LINE#         101
  C:40FDH         LINE#         102
  C:4101H         LINE#         103
  C:4105H         LINE#         104
  C:4109H         LINE#         105
  C:410DH         LINE#         106
  C:4111H         LINE#         107
  C:4115H         LINE#         108
  C:4118H         LINE#         109
  C:411BH         LINE#         110
  C:411FH         LINE#         111
  C:4123H         LINE#         112
  C:4127H         LINE#         113
  C:412BH         LINE#         114
  C:4131H         LINE#         115
  C:4134H         LINE#         116
  C:4138H         LINE#         117
  C:413CH         LINE#         118
  C:4140H         LINE#         119
  C:4144H         LINE#         120
  C:414AH         LINE#         121
  -------         ENDPROC       ID_CHANG
  -------         PROC          _ROM_C
  D:0006H         SYMBOL        addr
  C:482AH         LINE#         126
  C:482AH         LINE#         127
  C:482AH         LINE#         128
  C:482DH         LINE#         129
BL51 BANKED LINKER/LOCATER V6.22                                                      07/17/2017  17:31:02  PAGE 14


  C:4830H         LINE#         130
  C:4832H         LINE#         131
  C:4835H         LINE#         132
  C:4838H         LINE#         133
  C:483BH         LINE#         134
  C:483CH         LINE#         135
  C:483FH         LINE#         136
  C:4841H         LINE#         137
  C:4843H         LINE#         138
  -------         ENDPROC       _ROM_C
  -------         PROC          _ROM_W
  D:0006H         SYMBOL        addr
  D:0005H         SYMBOL        dat
  C:47B5H         LINE#         143
  C:47B5H         LINE#         144
  C:47B5H         LINE#         145
  C:47B8H         LINE#         146
  C:47BBH         LINE#         147
  C:47BDH         LINE#         148
  C:47C0H         LINE#         149
  C:47C4H         LINE#         150
  C:47C7H         LINE#         151
  C:47CAH         LINE#         152
  C:47CBH         LINE#         153
  C:47CEH         LINE#         154
  C:47D0H         LINE#         155
  C:47D2H         LINE#         156
  -------         ENDPROC       _ROM_W
  -------         PROC          _ROM_R
  D:0006H         SYMBOL        addr
  -------         DO            
  D:0007H         SYMBOL        dat
  -------         ENDDO         
  C:480EH         LINE#         160
  C:480EH         LINE#         161
  C:480EH         LINE#         163
  C:4811H         LINE#         164
  C:4814H         LINE#         165
  C:4816H         LINE#         166
  C:4819H         LINE#         167
  C:481CH         LINE#         168
  C:481FH         LINE#         169
  C:4820H         LINE#         170
  C:4822H         LINE#         171
  C:4825H         LINE#         172
  C:4827H         LINE#         173
  C:4829H         LINE#         174
  C:4829H         LINE#         175
  -------         ENDPROC       _ROM_R
  -------         PROC          ID_GP_Q_SAVE
  -------         DO            
  D:0004H         SYMBOL        i
  -------         ENDDO         
  C:42A8H         LINE#         180
  C:42A8H         LINE#         181
  C:42A8H         LINE#         183
  C:42AFH         LINE#         184
BL51 BANKED LINKER/LOCATER V6.22                                                      07/17/2017  17:31:02  PAGE 15


  C:42B1H         LINE#         185
  C:42B1H         LINE#         186
  C:42C8H         LINE#         187
  C:42CDH         LINE#         188
  C:42CFH         LINE#         189
  C:42CFH         LINE#         190
  C:42E6H         LINE#         191
  C:42EBH         LINE#         192
  C:42F4H         LINE#         193
  C:42F7H         LINE#         194
  -------         ENDPROC       ID_GP_Q_SAVE
  -------         PROC          DELETE_ALL_E2PROM
  -------         DO            
  D:0005H         SYMBOL        i
  -------         ENDDO         
  C:485EH         LINE#         195
  C:485EH         LINE#         196
  C:485EH         LINE#         198
  C:4860H         LINE#         199
  C:4860H         LINE#         200
  C:486FH         LINE#         201
  C:4874H         LINE#         202
  -------         ENDPROC       DELETE_ALL_E2PROM
  -------         ENDMOD        CONFIG

  -------         MODULE        CONTROL
  C:0000H         SYMBOL        _ICE_DUMMY_
  D:0080H         PUBLIC        P0
  D:0090H         PUBLIC        P1
  D:00A0H         PUBLIC        P2
  D:00B0H         PUBLIC        P3
  D:00E8H         PUBLIC        P4
  B:0026H.0       PUBLIC        Key_Flag
  X:01C9H         PUBLIC        Key_Value
  D:00A8H         PUBLIC        IE
  X:01CAH         PUBLIC        Delay_Count1
  X:01CCH         PUBLIC        Delay_Count2
  X:01CEH         PUBLIC        Delay_Count3
  X:01D0H         PUBLIC        Delay_Count4
  D:00B8H         PUBLIC        IP
  B:0090H.0       PUBLIC        SCR1
  B:0090H.1       PUBLIC        SCR2
  B:00B0H.2       PUBLIC        INT0
  D:00CBH         PUBLIC        RCAP2H
  D:00CAH         PUBLIC        RCAP2L
  C:1F5AH         PUBLIC        interrupt_timer2
  D:0098H         PUBLIC        SCON
  D:0088H         PUBLIC        TCON
  B:0088H.1       PUBLIC        IE0
  B:00A8H.5       PUBLIC        ET2
  B:00C8H.7       PUBLIC        TF2
  B:00A8H.0       PUBLIC        EX0
  B:0088H.0       PUBLIC        IT0
  D:00CDH         PUBLIC        TH2
  B:0026H.1       PUBLIC        Long_Cheak
  D:00CCH         PUBLIC        TL2
  B:00C8H.2       PUBLIC        TR2
BL51 BANKED LINKER/LOCATER V6.22                                                      07/17/2017  17:31:02  PAGE 16


  C:468DH         PUBLIC        init_key
  X:01D2H         PUBLIC        Delay_CountS1
  X:01D4H         PUBLIC        Delay_CountS2
  X:01D6H         PUBLIC        Delay_CountS3
  X:01D8H         PUBLIC        Delay_CountS4
  D:00C9H         PUBLIC        T2MOD
  D:00C8H         PUBLIC        T2CON
  B:0026H.2       PUBLIC        Time_Up1
  B:0026H.3       PUBLIC        Time_Up2
  B:0026H.4       PUBLIC        Key_Cheak
  B:0026H.5       PUBLIC        Time_Up3
  B:0026H.6       PUBLIC        Time_Up4
  X:01DAH         PUBLIC        Key_Counter
  C:47D3H         PUBLIC        interrupt_INT0
  B:00B0H.6       PUBLIC        A0
  B:00B0H.5       PUBLIC        A1
  B:00B0H.4       PUBLIC        A2
  B:0026H.7       PUBLIC        Key_Shake
  D:00D0H         PUBLIC        PSW
  -------         PROC          INIT_KEY
  C:468DH         LINE#         43
  C:468DH         LINE#         44
  C:468DH         LINE#         45
  C:468FH         LINE#         46
  C:4691H         LINE#         47
  C:4693H         LINE#         48
  C:4695H         LINE#         49
  C:469CH         LINE#         50
  C:469EH         LINE#         51
  C:46A0H         LINE#         52
  C:46A4H         LINE#         53
  C:46A6H         LINE#         56
  C:46AAH         LINE#         57
  C:46B0H         LINE#         58
  C:46B6H         LINE#         59
  C:46B8H         LINE#         60
  C:46BAH         LINE#         62
  C:46BCH         LINE#         63
  C:46BEH         LINE#         64
  C:46C0H         LINE#         65
  -------         ENDPROC       INIT_KEY
  -------         PROC          INTERRUPT_INT0
  C:47D3H         LINE#         70
  C:47D9H         LINE#         72
  C:47DBH         LINE#         73
  C:47E2H         LINE#         74
  C:47E6H         LINE#         75
  C:47E8H         LINE#         76
  C:47EAH         LINE#         77
  -------         ENDPROC       INTERRUPT_INT0
  -------         PROC          INTERRUPT_TIMER2
  C:1F5AH         LINE#         82
  C:1F6FH         LINE#         84
  C:1F71H         LINE#         88
  C:1F74H         LINE#         89
  C:1F74H         LINE#         90
  C:1F82H         LINE#         91
BL51 BANKED LINKER/LOCATER V6.22                                                      07/17/2017  17:31:02  PAGE 17


  C:1F8EH         LINE#         92
  C:1F8EH         LINE#         93
  C:1F95H         LINE#         94
  C:1FA3H         LINE#         96
  C:1FB6H         LINE#         97
  C:1FB6H         LINE#         98
  C:1FBAH         LINE#         99
  C:1FBCH         LINE#         100
  C:1FBEH         LINE#         101
  C:1FBEH         LINE#         102
  C:1FBEH         LINE#         103
  C:1FBEH         LINE#         104
  C:1FC1H         LINE#         105
  C:1FC1H         LINE#         106
  C:1FCFH         LINE#         107
  C:1FDBH         LINE#         108
  C:1FDBH         LINE#         109
  C:1FE2H         LINE#         110
  C:1FF0H         LINE#         112
  C:2003H         LINE#         113
  C:2003H         LINE#         114
  C:2007H         LINE#         115
  C:2009H         LINE#         116
  C:200BH         LINE#         117
  C:200BH         LINE#         118
  C:200BH         LINE#         119
  C:200BH         LINE#         120
  C:200EH         LINE#         121
  C:200EH         LINE#         122
  C:201CH         LINE#         123
  C:2028H         LINE#         124
  C:2028H         LINE#         125
  C:202FH         LINE#         126
  C:203DH         LINE#         128
  C:2050H         LINE#         129
  C:2050H         LINE#         130
  C:2054H         LINE#         131
  C:2056H         LINE#         132
  C:2058H         LINE#         133
  C:2058H         LINE#         134
  C:2058H         LINE#         135
  C:2058H         LINE#         136
  C:205BH         LINE#         137
  C:205BH         LINE#         138
  C:2069H         LINE#         139
  C:2075H         LINE#         140
  C:2075H         LINE#         141
  C:207CH         LINE#         142
  C:208AH         LINE#         144
  C:209DH         LINE#         145
  C:209DH         LINE#         146
  C:20A1H         LINE#         147
  C:20A3H         LINE#         148
  C:20A5H         LINE#         149
  C:20A5H         LINE#         150
  C:20A5H         LINE#         151
  C:20A5H         LINE#         153
BL51 BANKED LINKER/LOCATER V6.22                                                      07/17/2017  17:31:02  PAGE 18


  C:20ABH         LINE#         154
  C:20B8H         LINE#         155
  C:20B8H         LINE#         156
  C:20BAH         LINE#         157
  C:20BFH         LINE#         158
  C:20BFH         LINE#         159
  C:20C7H         LINE#         160
  C:20C7H         LINE#         161
  C:20C9H         LINE#         162
  C:20CEH         LINE#         163
  C:20CEH         LINE#         164
  C:20E6H         LINE#         165
  C:20E8H         LINE#         166
  C:20FAH         LINE#         167
  C:20FCH         LINE#         170
  C:2105H         LINE#         171
  C:2105H         LINE#         172
  C:2113H         LINE#         173
  C:2124H         LINE#         174
  C:2124H         LINE#         175
  C:2127H         LINE#         176
  C:2127H         LINE#         177
  C:2131H         LINE#         178
  C:2131H         LINE#         179
  C:2133H         LINE#         180
  C:2136H         LINE#         181
  C:2138H         LINE#         182
  C:213EH         LINE#         183
  C:213EH         LINE#         184
  C:2140H         LINE#         185
  C:2146H         LINE#         186
  C:2146H         LINE#         187
  C:2149H         LINE#         188
  C:2151H         LINE#         190
  C:2157H         LINE#         191
  C:2163H         LINE#         192
  C:2165H         LINE#         193
  C:2165H         LINE#         195
  C:2168H         LINE#         196
  C:2168H         LINE#         197
  C:2172H         LINE#         198
  C:2172H         LINE#         199
  C:2174H         LINE#         200
  C:2177H         LINE#         201
  C:2179H         LINE#         202
  C:217FH         LINE#         203
  C:217FH         LINE#         204
  C:2181H         LINE#         205
  C:2187H         LINE#         206
  C:2187H         LINE#         208
  C:218AH         LINE#         209
  C:2192H         LINE#         211
  C:2198H         LINE#         212
  C:21A4H         LINE#         213
  C:21A6H         LINE#         214
  C:21A6H         LINE#         216
  C:21ADH         LINE#         217
BL51 BANKED LINKER/LOCATER V6.22                                                      07/17/2017  17:31:02  PAGE 19


  C:21ADH         LINE#         218
  C:21ADH         LINE#         221
  C:21B3H         LINE#         222
  C:21B3H         LINE#         223
  C:21C1H         LINE#         225
  C:21CFH         LINE#         227
  C:21CFH         LINE#         228
  C:21D2H         LINE#         229
  C:21D2H         LINE#         230
  C:21D5H         LINE#         231
  C:21DCH         LINE#         232
  C:21DFH         LINE#         233
  C:21E6H         LINE#         234
  C:21E9H         LINE#         235
  C:21F0H         LINE#         237
  C:21F6H         LINE#         238
  C:21F9H         LINE#         239
  C:21FBH         LINE#         241
  C:21FBH         LINE#         242
  C:21FDH         LINE#         243
  C:2204H         LINE#         244
  C:2206H         LINE#         245
  C:2206H         LINE#         246
  C:2206H         LINE#         248
  C:2216H         LINE#         249
  C:2216H         LINE#         250
  C:2219H         LINE#         251
  C:2219H         LINE#         252
  C:2220H         LINE#         253
  C:2222H         LINE#         254
  C:2224H         LINE#         255
  C:222BH         LINE#         256
  C:222DH         LINE#         257
  C:222FH         LINE#         258
  C:2235H         LINE#         259
  C:2235H         LINE#         260
  C:223CH         LINE#         261
  C:223EH         LINE#         262
  C:2240H         LINE#         263
  C:2247H         LINE#         264
  C:2249H         LINE#         265
  C:2249H         LINE#         266
  C:2249H         LINE#         267
  C:2249H         LINE#         269
  C:224CH         LINE#         270
  C:224CH         LINE#         271
  C:224FH         LINE#         272
  C:224FH         LINE#         273
  C:2256H         LINE#         274
  C:2258H         LINE#         275
  C:225AH         LINE#         276
  C:225CH         LINE#         277
  C:225CH         LINE#         278
  C:225CH         LINE#         280
  C:225FH         LINE#         281
  C:225FH         LINE#         282
  C:226DH         LINE#         283
BL51 BANKED LINKER/LOCATER V6.22                                                      07/17/2017  17:31:02  PAGE 20


  C:2279H         LINE#         284
  C:2279H         LINE#         285
  C:227BH         LINE#         286
  C:2282H         LINE#         287
  C:2284H         LINE#         288
  C:2286H         LINE#         289
  C:2286H         LINE#         290
  C:2286H         LINE#         294
  C:2289H         LINE#         295
  C:2289H         LINE#         296
  C:2297H         LINE#         297
  C:22A3H         LINE#         298
  C:22A3H         LINE#         299
  C:22AAH         LINE#         300
  C:22B0H         LINE#         301
  C:22BCH         LINE#         302
  C:22BCH         LINE#         303
  C:22C3H         LINE#         304
  C:22C7H         LINE#         305
  C:22C9H         LINE#         306
  C:22CBH         LINE#         307
  C:22CDH         LINE#         308
  C:22CFH         LINE#         309
  C:22CFH         LINE#         310
  C:22CFH         LINE#         311
  C:22CFH         LINE#         314
  C:22DDH         LINE#         315
  C:22E9H         LINE#         316
  C:22E9H         LINE#         317
  C:22EBH         LINE#         318
  C:22F2H         LINE#         319
  C:22F4H         LINE#         320
  C:22F4H         LINE#         323
  C:22F7H         LINE#         324
  C:22F7H         LINE#         325
  C:2305H         LINE#         326
  C:2311H         LINE#         327
  C:2311H         LINE#         328
  C:2313H         LINE#         329
  C:231AH         LINE#         330
  C:231CH         LINE#         331
  C:231CH         LINE#         332
  C:231CH         LINE#         333
  -------         ENDPROC       INTERRUPT_TIMER2
  -------         ENDMOD        CONTROL

  -------         MODULE        TELE_PACK
  C:0000H         SYMBOL        _ICE_DUMMY_
  D:0080H         PUBLIC        P0
  D:0090H         PUBLIC        P1
  D:00A0H         PUBLIC        P2
  C:3F35H         PUBLIC        tele_pack_humidity
  D:00B0H         PUBLIC        P3
  D:00E8H         PUBLIC        P4
  C:4421H         PUBLIC        tele_pack_scr1
  C:4348H         PUBLIC        tele_pack_luxvalue
  C:4465H         PUBLIC        tele_pack_scr2
BL51 BANKED LINKER/LOCATER V6.22                                                      07/17/2017  17:31:02  PAGE 21


  D:00A8H         PUBLIC        IE
  D:00B8H         PUBLIC        IP
  C:45A9H         PUBLIC        tele_pack_Module_Contain_Group
  C:3FB6H         PUBLIC        tele_pack_scrval
  C:346EH         PUBLIC        _order
  C:4022H         PUBLIC        tele_pack_relay
  D:0098H         PUBLIC        SCON
  D:0088H         PUBLIC        TCON
  C:452DH         PUBLIC        tele_pack_sound
  C:37C3H         PUBLIC        _tele_pack_shortconfig
  C:45E4H         PUBLIC        tele_pack_group
  C:44A9H         SYMBOL        _?ix1000
  C:44B0H         SYMBOL        _?ix1001
  C:44B6H         SYMBOL        _?ix1002
  C:3D50H         PUBLIC        tele_pack_temperature
  C:44BCH         SYMBOL        _?ix1003
  C:44C2H         SYMBOL        _?ix1004
  C:44C8H         SYMBOL        _?ix1005
  C:44CEH         SYMBOL        _?ix1006
  C:44D4H         SYMBOL        _?ix1007
  C:44DAH         SYMBOL        _?ix1008
  C:44E6H         SYMBOL        _?ix1009
  C:4656H         PUBLIC        config_success
  C:4089H         PUBLIC        tele_pack_key
  C:456CH         PUBLIC        tele_pack_id
  D:00C8H         PUBLIC        T2CON
  C:46C1H         PUBLIC        tele_pack_lux
  C:4393H         PUBLIC        tele_pack_relayval
  D:00D0H         PUBLIC        PSW
  -------         PROC          TELE_PACK_KEY
  -------         DO            
  D:0007H         SYMBOL        Which_Key
  X:01AFH         SYMBOL        addr
  -------         ENDDO         
  C:4089H         LINE#         30
  C:4089H         LINE#         31
  C:4089H         LINE#         34
  C:408BH         LINE#         35
  C:4092H         LINE#         36
  C:40A3H         LINE#         38
  C:40A7H         LINE#         39
  C:40A7H         LINE#         40
  C:40ACH         LINE#         41
  C:40B7H         LINE#         42
  C:40B8H         LINE#         43
  C:40C0H         LINE#         44
  C:40C0H         LINE#         45
  C:40C3H         LINE#         46
  C:40D4H         LINE#         47
  C:40D5H         LINE#         49
  C:40D5H         LINE#         50
  C:40DAH         LINE#         51
  C:40EBH         LINE#         52
  C:40EBH         LINE#         53
  -------         ENDPROC       TELE_PACK_KEY
  -------         PROC          TELE_PACK_SOUND
  -------         DO            
BL51 BANKED LINKER/LOCATER V6.22                                                      07/17/2017  17:31:02  PAGE 22


  X:01AFH         SYMBOL        addr
  -------         ENDDO         
  C:452DH         LINE#         58
  C:452DH         LINE#         59
  C:452DH         LINE#         61
  C:4536H         LINE#         64
  C:4545H         LINE#         68
  C:4548H         LINE#         69
  C:4548H         LINE#         70
  C:4553H         LINE#         71
  C:4555H         LINE#         72
  C:4555H         LINE#         73
  C:4558H         LINE#         74
  C:4558H         LINE#         75
  C:4569H         LINE#         76
  C:456BH         LINE#         77
  C:456BH         LINE#         78
  -------         ENDPROC       TELE_PACK_SOUND
  -------         PROC          TELE_PACK_LUX
  -------         DO            
  X:01A8H         SYMBOL        addr
  -------         ENDDO         
  C:46C1H         LINE#         83
  C:46C1H         LINE#         84
  C:46C1H         LINE#         86
  C:46CAH         LINE#         88
  C:46CDH         LINE#         89
  C:46CDH         LINE#         90
  C:46CFH         LINE#         91
  C:46DAH         LINE#         93
  C:46DAH         LINE#         94
  C:46DDH         LINE#         95
  C:46DDH         LINE#         96
  C:46DFH         LINE#         97
  C:46F0H         LINE#         98
  C:46F0H         LINE#         99
  -------         ENDPROC       TELE_PACK_LUX
  -------         PROC          TELE_PACK_RELAY
  -------         DO            
  X:01AFH         SYMBOL        addr
  -------         ENDDO         
  C:4022H         LINE#         104
  C:4022H         LINE#         105
  C:4022H         LINE#         107
  C:4029H         LINE#         108
  C:403FH         LINE#         110
  C:4051H         LINE#         111
  C:4053H         LINE#         112
  C:4057H         LINE#         113
  C:4059H         LINE#         114
  C:405EH         LINE#         115
  C:4061H         LINE#         116
  C:4061H         LINE#         117
  C:4063H         LINE#         118
  C:406EH         LINE#         119
  C:4070H         LINE#         120
  C:4070H         LINE#         121
BL51 BANKED LINKER/LOCATER V6.22                                                      07/17/2017  17:31:02  PAGE 23


  C:4073H         LINE#         122
  C:4073H         LINE#         123
  C:4075H         LINE#         124
  C:4086H         LINE#         125
  C:4088H         LINE#         126
  C:4088H         LINE#         127
  -------         ENDPROC       TELE_PACK_RELAY
  -------         PROC          TELE_PACK_SCR1
  -------         DO            
  X:01A8H         SYMBOL        addr
  -------         ENDDO         
  C:4421H         LINE#         132
  C:4421H         LINE#         133
  C:4421H         LINE#         135
  C:442AH         LINE#         137
  C:4432H         LINE#         138
  C:4434H         LINE#         139
  C:4438H         LINE#         140
  C:443AH         LINE#         141
  C:443DH         LINE#         142
  C:443DH         LINE#         143
  C:443FH         LINE#         144
  C:4450H         LINE#         145
  C:4452H         LINE#         146
  C:4452H         LINE#         147
  C:4455H         LINE#         148
  C:4455H         LINE#         149
  C:4457H         LINE#         150
  C:4462H         LINE#         151
  C:4464H         LINE#         152
  C:4464H         LINE#         153
  -------         ENDPROC       TELE_PACK_SCR1
  -------         PROC          TELE_PACK_SCR2
  -------         DO            
  X:01A8H         SYMBOL        addr
  -------         ENDDO         
  C:4465H         LINE#         158
  C:4465H         LINE#         159
  C:4465H         LINE#         161
  C:446EH         LINE#         163
  C:4476H         LINE#         164
  C:4478H         LINE#         165
  C:447CH         LINE#         166
  C:447EH         LINE#         167
  C:4481H         LINE#         168
  C:4481H         LINE#         169
  C:4483H         LINE#         170
  C:4494H         LINE#         171
  C:4496H         LINE#         172
  C:4496H         LINE#         173
  C:4499H         LINE#         174
  C:4499H         LINE#         175
  C:449BH         LINE#         176
  C:44A6H         LINE#         177
  C:44A8H         LINE#         178
  C:44A8H         LINE#         179
  -------         ENDPROC       TELE_PACK_SCR2
BL51 BANKED LINKER/LOCATER V6.22                                                      07/17/2017  17:31:02  PAGE 24


  -------         PROC          TELE_PACK_RELAYVAL
  -------         DO            
  X:01A8H         SYMBOL        Relay_Date
  -------         ENDDO         
  C:4393H         LINE#         184
  C:4393H         LINE#         185
  C:4393H         LINE#         186
  C:43A6H         LINE#         187
  C:43A8H         LINE#         188
  C:43AEH         LINE#         189
  C:43B1H         LINE#         190
  C:43B5H         LINE#         192
  C:43B9H         LINE#         193
  C:43BCH         LINE#         194
  C:43C4H         LINE#         195
  C:43C6H         LINE#         196
  C:43D1H         LINE#         197
  C:43D9H         LINE#         198
  -------         ENDPROC       TELE_PACK_RELAYVAL
  -------         PROC          TELE_PACK_SCRVAL
  -------         DO            
  X:01A8H         SYMBOL        SCR_Date
  -------         ENDDO         
  C:3FB6H         LINE#         203
  C:3FB6H         LINE#         204
  C:3FB6H         LINE#         205
  C:3FC9H         LINE#         206
  C:3FCCH         LINE#         207
  C:3FCCH         LINE#         208
  C:3FCEH         LINE#         209
  C:3FD4H         LINE#         210
  C:3FD7H         LINE#         211
  C:3FDBH         LINE#         213
  C:3FDFH         LINE#         214
  C:3FE2H         LINE#         215
  C:3FEAH         LINE#         216
  C:3FF5H         LINE#         217
  C:3FF5H         LINE#         218
  C:3FF8H         LINE#         219
  C:3FF8H         LINE#         220
  C:3FFAH         LINE#         221
  C:4000H         LINE#         222
  C:4003H         LINE#         223
  C:4007H         LINE#         224
  C:400BH         LINE#         225
  C:400EH         LINE#         227
  C:4016H         LINE#         228
  C:4021H         LINE#         229
  C:4021H         LINE#         230
  -------         ENDPROC       TELE_PACK_SCRVAL
  -------         PROC          TELE_PACK_ID
  -------         DO            
  X:01ADH         SYMBOL        ID_Date
  -------         ENDDO         
  C:456CH         LINE#         235
  C:456CH         LINE#         236
  C:456CH         LINE#         237
BL51 BANKED LINKER/LOCATER V6.22                                                      07/17/2017  17:31:02  PAGE 25


  C:457FH         LINE#         238
  C:4585H         LINE#         239
  C:4588H         LINE#         240
  C:458CH         LINE#         241
  C:458FH         LINE#         242
  C:4591H         LINE#         243
  C:459DH         LINE#         244
  C:45A8H         LINE#         245
  -------         ENDPROC       TELE_PACK_ID
  -------         PROC          TELE_PACK_MODULE_CONTAIN_GROUP
  -------         DO            
  X:01ADH         SYMBOL        Module_Contain_Group
  -------         ENDDO         
  C:45A9H         LINE#         249
  C:45A9H         LINE#         250
  C:45A9H         LINE#         251
  C:45BCH         LINE#         253
  C:45C2H         LINE#         254
  C:45C5H         LINE#         255
  C:45C9H         LINE#         257
  C:45CDH         LINE#         258
  C:45D0H         LINE#         259
  C:45D8H         LINE#         260
  C:45E3H         LINE#         261
  -------         ENDPROC       TELE_PACK_MODULE_CONTAIN_GROUP
  -------         PROC          TELE_PACK_GROUP
  -------         DO            
  X:01ADH         SYMBOL        Group
  -------         ENDDO         
  C:45E4H         LINE#         266
  C:45E4H         LINE#         267
  C:45E4H         LINE#         268
  C:45F7H         LINE#         269
  C:45FDH         LINE#         270
  C:4600H         LINE#         271
  C:4604H         LINE#         273
  C:4608H         LINE#         274
  C:460BH         LINE#         275
  C:4613H         LINE#         276
  C:461EH         LINE#         277
  -------         ENDPROC       TELE_PACK_GROUP
  -------         PROC          TELE_PACK_LUXVALUE
  -------         DO            
  X:01ADH         SYMBOL        Lux_Data
  -------         ENDDO         
  C:4348H         LINE#         282
  C:4348H         LINE#         283
  C:4348H         LINE#         284
  C:435BH         LINE#         285
  C:4362H         LINE#         286
  C:4365H         LINE#         287
  C:4368H         LINE#         288
  C:436CH         LINE#         290
  C:4370H         LINE#         291
  C:4373H         LINE#         292
  C:4387H         LINE#         293
  C:4392H         LINE#         294
BL51 BANKED LINKER/LOCATER V6.22                                                      07/17/2017  17:31:02  PAGE 26


  -------         ENDPROC       TELE_PACK_LUXVALUE
  -------         PROC          TELE_PACK_TEMPERATURE
  -------         DO            
  X:01ADH         SYMBOL        Temperature_Date
  X:01B3H         SYMBOL        t
  -------         ENDDO         
  C:3D50H         LINE#         299
  C:3D50H         LINE#         300
  C:3D50H         LINE#         301
  C:3D63H         LINE#         303
  C:3D6AH         LINE#         304
  C:3D6DH         LINE#         306
  C:3D70H         LINE#         307
  C:3D74H         LINE#         309
  C:3D78H         LINE#         310
  C:3D7CH         LINE#         311
  C:3D90H         LINE#         312
  C:3DA8H         LINE#         313
  C:3DA8H         LINE#         314
  C:3DBFH         LINE#         315
  C:3DD5H         LINE#         316
  C:3DDFH         LINE#         317
  C:3DE1H         LINE#         319
  C:3DF7H         LINE#         320
  C:3E02H         LINE#         321
  -------         ENDPROC       TELE_PACK_TEMPERATURE
  -------         PROC          TELE_PACK_HUMIDITY
  -------         DO            
  X:01ADH         SYMBOL        Humidity_Date
  X:01B3H         SYMBOL        t
  -------         ENDDO         
  C:3F35H         LINE#         326
  C:3F35H         LINE#         327
  C:3F35H         LINE#         328
  C:3F48H         LINE#         330
  C:3F4FH         LINE#         331
  C:3F52H         LINE#         333
  C:3F55H         LINE#         334
  C:3F59H         LINE#         336
  C:3F5DH         LINE#         337
  C:3F61H         LINE#         338
  C:3F75H         LINE#         339
  C:3F8DH         LINE#         340
  C:3F94H         LINE#         342
  C:3FAAH         LINE#         343
  C:3FB5H         LINE#         344
  -------         ENDPROC       TELE_PACK_HUMIDITY
  -------         PROC          _TELE_PACK_SHORTCONFIG
  X:01AFH         SYMBOL        address
  -------         DO            
  X:01B1H         SYMBOL        i
  X:01B2H         SYMBOL        n
  X:01B3H         SYMBOL        Config_Date
  -------         ENDDO         
  C:37C3H         LINE#         349
  C:37CBH         LINE#         350
  C:37CBH         LINE#         352
BL51 BANKED LINKER/LOCATER V6.22                                                      07/17/2017  17:31:02  PAGE 27


  C:37DEH         LINE#         353
  C:37E5H         LINE#         356
  C:37E8H         LINE#         357
  C:37ECH         LINE#         359
  C:37F3H         LINE#         360
  C:37F9H         LINE#         361
  C:3800H         LINE#         362
  C:3806H         LINE#         363
  C:380DH         LINE#         364
  C:3813H         LINE#         365
  C:381AH         LINE#         366
  C:3820H         LINE#         367
  C:3827H         LINE#         368
  C:382BH         LINE#         370
  C:3843H         LINE#         371
  C:3843H         LINE#         372
  C:385DH         LINE#         373
  C:3866H         LINE#         374
  C:386EH         LINE#         375
  C:3881H         LINE#         376
  C:3881H         LINE#         377
  C:38A9H         LINE#         378
  C:38B1H         LINE#         379
  C:38C1H         LINE#         380
  C:38C1H         LINE#         381
  C:38D9H         LINE#         382
  C:38D9H         LINE#         383
  C:38F3H         LINE#         384
  C:38FCH         LINE#         385
  C:3906H         LINE#         386
  C:3919H         LINE#         387
  C:3919H         LINE#         388
  C:3941H         LINE#         389
  C:3949H         LINE#         390
  C:3959H         LINE#         391
  C:3959H         LINE#         392
  -------         ENDPROC       _TELE_PACK_SHORTCONFIG
  -------         PROC          CONFIG_SUCCESS
  -------         DO            
  X:01ADH         SYMBOL        ID_Date
  -------         ENDDO         
  C:4656H         LINE#         396
  C:4656H         LINE#         397
  C:4656H         LINE#         398
  C:4669H         LINE#         399
  C:466FH         LINE#         400
  C:4672H         LINE#         401
  C:4676H         LINE#         402
  C:467AH         LINE#         403
  C:467DH         LINE#         404
  C:4681H         LINE#         405
  C:468CH         LINE#         406
  -------         ENDPROC       CONFIG_SUCCESS
  -------         PROC          _ORDER
  X:01B1H         SYMBOL        address
  -------         DO            
  X:01B3H         SYMBOL        n
BL51 BANKED LINKER/LOCATER V6.22                                                      07/17/2017  17:31:02  PAGE 28


  X:01B4H         SYMBOL        i
  X:01B5H         SYMBOL        Cache
  -------         ENDDO         
  C:346EH         LINE#         410
  C:3476H         LINE#         411
  C:3476H         LINE#         414
  C:3483H         LINE#         415
  C:3483H         LINE#         416
  C:3492H         LINE#         417
  C:34C2H         LINE#         418
  C:34D0H         LINE#         419
  C:34D9H         LINE#         420
  C:34D9H         LINE#         421
  C:34EEH         LINE#         422
  C:34EEH         LINE#         423
  C:34FDH         LINE#         424
  C:352DH         LINE#         425
  C:353BH         LINE#         426
  C:3544H         LINE#         427
  C:3544H         LINE#         428
  C:3559H         LINE#         429
  C:3559H         LINE#         430
  C:3568H         LINE#         431
  C:3598H         LINE#         432
  C:35A6H         LINE#         433
  C:35AFH         LINE#         434
  C:35AFH         LINE#         435
  C:35C4H         LINE#         436
  C:35C4H         LINE#         437
  C:35D3H         LINE#         438
  C:3603H         LINE#         439
  C:3611H         LINE#         440
  C:361AH         LINE#         441
  C:361AH         LINE#         442
  -------         ENDPROC       _ORDER
  -------         ENDMOD        TELE_PACK

  -------         MODULE        TELE_T_R
  C:0000H         SYMBOL        _ICE_DUMMY_
  B:0022H.0       PUBLIC        Tele_Ring
  D:0080H         PUBLIC        P0
  D:0090H         PUBLIC        P1
  D:00A0H         PUBLIC        P2
  D:00B0H         PUBLIC        P3
  D:00E8H         PUBLIC        P4
  D:002BH         PUBLIC        Idle_Cheak_Counter
  B:0022H.1       PUBLIC        Tele_TF
  D:002CH         PUBLIC        Retry_Time
  D:002DH         PUBLIC        CRC_R
  D:002EH         PUBLIC        CRC_T
  D:00A8H         PUBLIC        IE
  B:0022H.2       PUBLIC        Back_Read_Cheak
  C:2A16H         PUBLIC        interrupt_uart
  D:002FH         PUBLIC        Tele_RT
  D:0030H         PUBLIC        Ack_Cheak_Counter
  D:0031H         PUBLIC        Tele_TT
  D:0032H         PUBLIC        Back_Read_Counter
BL51 BANKED LINKER/LOCATER V6.22                                                      07/17/2017  17:31:02  PAGE 29


  D:00B8H         PUBLIC        IP
  B:0098H.0       PUBLIC        RI
  B:0098H.1       PUBLIC        TI
  B:0022H.3       PUBLIC        Group_Operate_Flag
  C:3A87H         PUBLIC        CRC_Table
  C:395AH         PUBLIC        interrupt_timer0
  C:489FH         PUBLIC        telegram_t
  B:0022H.4       PUBLIC        GZC_Control
  D:0099H         PUBLIC        SBUF
  D:0033H         PUBLIC        Frame_Num_T
  D:0098H         PUBLIC        SCON
  D:0089H         PUBLIC        TMOD
  D:0088H         PUBLIC        TCON
  X:01F1H         PUBLIC        Attribute
  B:0022H.5       PUBLIC        Idle_Cheak
  B:00A8H.1       PUBLIC        ET0
  B:0022H.6       PUBLIC        Tele_Second
  D:008CH         PUBLIC        TH0
  D:008DH         PUBLIC        TH1
  B:0098H.3       PUBLIC        TB8
  B:0022H.7       PUBLIC        Ack_Cheak
  B:0023H.0       PUBLIC        Over_Time_Cheak
  D:008AH         PUBLIC        TL0
  X:01F2H         PUBLIC        Group_a
  D:008BH         PUBLIC        TL1
  X:01F3H         PUBLIC        Group_b
  B:0098H.5       PUBLIC        SM2
  D:0034H         PUBLIC        Over_Time_Counter
  B:0088H.4       PUBLIC        TR0
  B:0088H.6       PUBLIC        TR1
  B:0090H.2       PUBLIC        PDI
  B:0090H.4       PUBLIC        RDI
  B:0090H.3       PUBLIC        GZC
  B:0098H.4       PUBLIC        REN
  D:00C8H         PUBLIC        T2CON
  C:43DAH         PUBLIC        init_tele_t_r
  B:0023H.1       PUBLIC        Ack_Flag
  D:0035H         PUBLIC        GZC_Control_Counter
  B:00B0H.1       PUBLIC        TDX
  D:0036H         PUBLIC        r
  D:0045H         PUBLIC        t
  D:00D0H         PUBLIC        PSW
  B:0023H.2       PUBLIC        Module_Operate_Flag
  -------         PROC          INIT_TELE_T_R
  C:43DAH         LINE#         83
  C:43DAH         LINE#         84
  C:43DAH         LINE#         85
  C:43DCH         LINE#         86
  C:43DFH         LINE#         87
  C:43E1H         LINE#         89
  C:43E3H         LINE#         91
  C:43E5H         LINE#         92
  C:43E7H         LINE#         93
  C:43E9H         LINE#         95
  C:43EBH         LINE#         97
  C:43EDH         LINE#         99
  C:43EFH         LINE#         100
BL51 BANKED LINKER/LOCATER V6.22                                                      07/17/2017  17:31:02  PAGE 30


  C:43F1H         LINE#         102
  C:43F3H         LINE#         103
  C:43F5H         LINE#         105
  C:43F7H         LINE#         106
  C:43F9H         LINE#         108
  C:43FBH         LINE#         109
  C:43FDH         LINE#         111
  C:43FFH         LINE#         112
  C:4401H         LINE#         114
  C:4403H         LINE#         117
  C:4405H         LINE#         119
  C:4408H         LINE#         120
  C:440EH         LINE#         121
  C:4410H         LINE#         123
  C:4416H         LINE#         125
  C:4418H         LINE#         126
  C:441AH         LINE#         128
  C:441DH         LINE#         130
  C:4420H         LINE#         131
  -------         ENDPROC       INIT_TELE_T_R
  -------         PROC          TELEGRAM_T
  C:489FH         LINE#         136
  C:489FH         LINE#         137
  C:489FH         LINE#         138
  C:48A2H         LINE#         139
  C:48A2H         LINE#         141
  C:48A4H         LINE#         142
  C:48A7H         LINE#         143
  C:48A9H         LINE#         144
  C:48ABH         LINE#         146
  C:48ADH         LINE#         148
  C:48AFH         LINE#         150
  C:48B1H         LINE#         151
  C:48B1H         LINE#         152
  -------         ENDPROC       TELEGRAM_T
  -------         PROC          INTERRUPT_TIMER0
  C:395AH         LINE#         158
  C:3967H         LINE#         161
  C:396AH         LINE#         162
  C:396AH         LINE#         163
  C:396CH         LINE#         164
  C:3971H         LINE#         165
  C:3973H         LINE#         166
  C:3978H         LINE#         167
  C:3978H         LINE#         168
  C:397AH         LINE#         169
  C:397DH         LINE#         170
  C:397FH         LINE#         171
  C:397FH         LINE#         172
  C:397FH         LINE#         176
  C:3982H         LINE#         177
  C:3982H         LINE#         178
  C:3984H         LINE#         179
  C:3996H         LINE#         180
  C:3996H         LINE#         181
  C:399AH         LINE#         182
  C:399DH         LINE#         183
BL51 BANKED LINKER/LOCATER V6.22                                                      07/17/2017  17:31:02  PAGE 31


  C:39A5H         LINE#         184
  C:39A7H         LINE#         185
  C:39A9H         LINE#         186
  C:39ADH         LINE#         187
  C:39B0H         LINE#         188
  C:39B8H         LINE#         189
  C:39BAH         LINE#         190
  C:39BCH         LINE#         191
  C:39C0H         LINE#         192
  C:39C3H         LINE#         193
  C:39CBH         LINE#         194
  C:39CDH         LINE#         195
  C:39CFH         LINE#         196
  C:39D3H         LINE#         197
  C:39D6H         LINE#         198
  C:39DEH         LINE#         199
  C:39E0H         LINE#         200
  C:39E2H         LINE#         201
  C:39E5H         LINE#         202
  C:39ECH         LINE#         203
  C:39EEH         LINE#         204
  C:39F8H         LINE#         205
  C:39F8H         LINE#         206
  C:39F8H         LINE#         207
  C:39F8H         LINE#         211
  C:39FBH         LINE#         212
  C:39FBH         LINE#         213
  C:39FEH         LINE#         214
  C:3A02H         LINE#         216
  C:3A05H         LINE#         217
  C:3A0CH         LINE#         218
  C:3A0CH         LINE#         219
  C:3A0EH         LINE#         220
  C:3A10H         LINE#         221
  C:3A12H         LINE#         222
  C:3A14H         LINE#         223
  C:3A1AH         LINE#         224
  C:3A1DH         LINE#         225
  C:3A23H         LINE#         228
  C:3A26H         LINE#         229
  C:3A28H         LINE#         230
  C:3A2AH         LINE#         231
  C:3A2CH         LINE#         232
  C:3A2FH         LINE#         233
  C:3A31H         LINE#         234
  C:3A34H         LINE#         235
  C:3A40H         LINE#         237
  C:3A42H         LINE#         238
  C:3A42H         LINE#         239
  C:3A42H         LINE#         243
  C:3A45H         LINE#         244
  C:3A45H         LINE#         245
  C:3A47H         LINE#         246
  C:3A4CH         LINE#         247
  C:3A4CH         LINE#         249
  C:3A4EH         LINE#         250
  C:3A51H         LINE#         251
BL51 BANKED LINKER/LOCATER V6.22                                                      07/17/2017  17:31:02  PAGE 32


  C:3A53H         LINE#         252
  C:3A55H         LINE#         253
  C:3A58H         LINE#         254
  C:3A5BH         LINE#         255
  C:3A5BH         LINE#         256
  C:3A5BH         LINE#         260
  C:3A5EH         LINE#         261
  C:3A5EH         LINE#         262
  C:3A60H         LINE#         263
  C:3A65H         LINE#         264
  C:3A65H         LINE#         265
  C:3A67H         LINE#         266
  C:3A6AH         LINE#         267
  C:3A6CH         LINE#         268
  C:3A6EH         LINE#         269
  C:3A73H         LINE#         270
  C:3A73H         LINE#         271
  C:3A75H         LINE#         272
  C:3A77H         LINE#         273
  C:3A7AH         LINE#         274
  C:3A7AH         LINE#         275
  C:3A7CH         LINE#         276
  C:3A7CH         LINE#         277
  C:3A7CH         LINE#         278
  -------         ENDPROC       INTERRUPT_TIMER0
  -------         PROC          INTERRUPT_UART
  C:2A16H         LINE#         283
  C:2A33H         LINE#         286
  C:2A39H         LINE#         287
  C:2A39H         LINE#         288
  C:2A3BH         LINE#         289
  C:2A3EH         LINE#         290
  C:2A40H         LINE#         291
  C:2A43H         LINE#         292
  C:2A49H         LINE#         293
  C:2A49H         LINE#         294
  C:2A4BH         LINE#         295
  C:2A52H         LINE#         296
  C:2A52H         LINE#         297
  C:2A59H         LINE#         298
  C:2A5BH         LINE#         300
  C:2A65H         LINE#         301
  C:2A67H         LINE#         302
  C:2A6AH         LINE#         303
  C:2A70H         LINE#         304
  C:2A70H         LINE#         306
  C:2A78H         LINE#         307
  C:2A78H         LINE#         308
  C:2A7FH         LINE#         309
  C:2A89H         LINE#         310
  C:2A8BH         LINE#         312
  C:2A95H         LINE#         313
  C:2A97H         LINE#         314
  C:2A9AH         LINE#         316
  C:2A9AH         LINE#         318
  C:2A9DH         LINE#         320
  C:2AA0H         LINE#         321
BL51 BANKED LINKER/LOCATER V6.22                                                      07/17/2017  17:31:02  PAGE 33


  C:2AA2H         LINE#         322
  C:2AA2H         LINE#         323
  C:2AA5H         LINE#         324
  C:2AACH         LINE#         325
  C:2AACH         LINE#         326
  C:2AAEH         LINE#         328
  C:2AB8H         LINE#         329
  C:2ABAH         LINE#         330
  C:2ABDH         LINE#         331
  C:2AC3H         LINE#         332
  C:2AC3H         LINE#         333
  C:2ACBH         LINE#         334
  C:2ACBH         LINE#         335
  C:2AE0H         LINE#         336
  C:2AE0H         LINE#         337
  C:2AE2H         LINE#         338
  C:2AE8H         LINE#         339
  C:2AEAH         LINE#         340
  C:2AECH         LINE#         341
  C:2AF4H         LINE#         342
  C:2AF6H         LINE#         343
  C:2AF9H         LINE#         345
  C:2AF9H         LINE#         346
  C:2AFCH         LINE#         347
  C:2AFFH         LINE#         348
  C:2B01H         LINE#         349
  C:2B01H         LINE#         350
  C:2B04H         LINE#         351
  C:2B0BH         LINE#         352
  C:2B0BH         LINE#         353
  C:2B1CH         LINE#         354
  C:2B1CH         LINE#         355
  C:2B1EH         LINE#         357
  C:2B20H         LINE#         358
  C:2B22H         LINE#         359
  C:2B2CH         LINE#         360
  C:2B2EH         LINE#         361
  C:2B31H         LINE#         363
  C:2B31H         LINE#         364
  C:2B34H         LINE#         365
  C:2B37H         LINE#         366
  C:2B39H         LINE#         367
  C:2B39H         LINE#         368
  C:2B39H         LINE#         369
  C:2B3CH         LINE#         371
  C:2B49H         LINE#         372
  C:2B49H         LINE#         374
  C:2B50H         LINE#         375
  C:2B52H         LINE#         377
  C:2B5CH         LINE#         378
  C:2B5EH         LINE#         379
  C:2B61H         LINE#         381
  C:2B61H         LINE#         383
  C:2B66H         LINE#         384
  C:2B66H         LINE#         386
  C:2B68H         LINE#         387
  C:2B6AH         LINE#         388
BL51 BANKED LINKER/LOCATER V6.22                                                      07/17/2017  17:31:02  PAGE 34


  C:2B6CH         LINE#         389
  C:2B6FH         LINE#         390
  C:2B71H         LINE#         391
  C:2B7FH         LINE#         392
  C:2B7FH         LINE#         395
  C:2B82H         LINE#         396
  C:2B84H         LINE#         397
  C:2B86H         LINE#         398
  C:2B89H         LINE#         399
  C:2B89H         LINE#         400
  C:2B8CH         LINE#         402
  C:2B8CH         LINE#         403
  C:2B8EH         LINE#         404
  C:2B91H         LINE#         406
  C:2B91H         LINE#         408
  C:2B91H         LINE#         410
  C:2B93H         LINE#         411
  C:2B96H         LINE#         412
  C:2B96H         LINE#         414
  C:2B96H         LINE#         415
  C:2B96H         LINE#         416
  C:2B96H         LINE#         417
  C:2B96H         LINE#         418
  C:2B96H         LINE#         419
  C:2B96H         LINE#         420
  C:2B96H         LINE#         421
  C:2B96H         LINE#         422
  C:2B96H         LINE#         423
  C:2B96H         LINE#         424
  C:2B98H         LINE#         425
  C:2B98H         LINE#         426
  C:2B9BH         LINE#         430
  C:2B9EH         LINE#         431
  C:2B9EH         LINE#         432
  C:2BA0H         LINE#         433
  C:2BA2H         LINE#         434
  C:2BA4H         LINE#         435
  C:2BA6H         LINE#         436
  C:2BA9H         LINE#         437
  C:2BACH         LINE#         438
  C:2BACH         LINE#         439
  C:2BAEH         LINE#         440
  C:2BB0H         LINE#         441
  C:2BB2H         LINE#         442
  C:2BB4H         LINE#         443
  C:2BB6H         LINE#         444
  C:2BB8H         LINE#         445
  C:2BBBH         LINE#         447
  C:2BC4H         LINE#         448
  C:2BC4H         LINE#         449
  C:2BC6H         LINE#         450
  C:2BC8H         LINE#         451
  C:2BCAH         LINE#         452
  C:2BCAH         LINE#         453
  C:2BCDH         LINE#         455
  C:2BD0H         LINE#         456
  C:2BD0H         LINE#         457
BL51 BANKED LINKER/LOCATER V6.22                                                      07/17/2017  17:31:02  PAGE 35


  C:2BD2H         LINE#         458
  C:2BD4H         LINE#         459
  C:2BD6H         LINE#         460
  C:2BDCH         LINE#         461
  C:2BDFH         LINE#         462
  C:2BE5H         LINE#         463
  C:2BE8H         LINE#         464
  C:2BEAH         LINE#         465
  C:2BECH         LINE#         466
  C:2BEEH         LINE#         467
  C:2BF0H         LINE#         468
  C:2BFCH         LINE#         470
  C:2BFEH         LINE#         472
  C:2BFEH         LINE#         473
  C:2C00H         LINE#         474
  C:2C03H         LINE#         475
  C:2C06H         LINE#         477
  C:2C08H         LINE#         479
  C:2C0FH         LINE#         480
  C:2C13H         LINE#         482
  C:2C15H         LINE#         484
  C:2C2DH         LINE#         485
  C:2C2DH         LINE#         486
  C:2C35H         LINE#         487
[...]
  C:3CA3H         LINE#         67
  C:3CA5H         LINE#         68
  C:3CA6H         LINE#         69
  C:3CA7H         LINE#         70
  C:3CA9H         LINE#         71
  C:3CAAH         LINE#         72
  C:3CABH         LINE#         73
  C:3CADH         LINE#         74
  C:3CAEH         LINE#         75
  C:3CAFH         LINE#         76
  C:3CB1H         LINE#         77
  C:3CB2H         LINE#         78
  C:3CB3H         LINE#         80
  C:3CB5H         LINE#         81
  C:3CB6H         LINE#         82
  C:3CB7H         LINE#         83
  C:3CB9H         LINE#         84
  C:3CBAH         LINE#         85
  C:3CBBH         LINE#         86
  C:3CBDH         LINE#         87
  C:3CBEH         LINE#         88
  C:3CBFH         LINE#         89
  C:3CC1H         LINE#         90
  C:3CC2H         LINE#         91
  C:3CC4H         LINE#         92
  C:3CC5H         LINE#         93
  C:3CC7H         LINE#         94
  C:3CC8H         LINE#         95
  C:3CC9H         LINE#         96
BL51 BANKED LINKER/LOCATER V6.22                                                      07/17/2017  17:31:02  PAGE 69


  C:3CCBH         LINE#         97
  C:3CCCH         LINE#         98
  C:3CCEH         LINE#         99
  C:3CCFH         LINE#         100
  C:3CD1H         LINE#         101
  C:3CD2H         LINE#         102
  C:3CD3H         LINE#         103
  C:3CD5H         LINE#         104
  C:3CD6H         LINE#         105
  C:3CD8H         LINE#         106
  C:3CD9H         LINE#         107
  C:3CDBH         LINE#         108
  C:3CDCH         LINE#         109
  C:3CDDH         LINE#         111
  C:3CDFH         LINE#         112
  C:3CE0H         LINE#         113
  C:3CE1H         LINE#         114
  C:3CE3H         LINE#         115
  C:3CE4H         LINE#         116
  C:3CE5H         LINE#         117
  C:3CE7H         LINE#         118
  C:3CE9H         LINE#         121
  C:3CE9H         LINE#         123
  C:3CEBH         LINE#         124
  C:3CECH         LINE#         125
  C:3CEEH         LINE#         126
  C:3CEFH         LINE#         127
  C:3CF1H         LINE#         128
  C:3CF2H         LINE#         129
  C:3CF3H         LINE#         130
  C:3CF5H         LINE#         131
  C:3CF6H         LINE#         132
  C:3CF8H         LINE#         133
  C:3CF9H         LINE#         134
  C:3CFBH         LINE#         135
  C:3CFCH         LINE#         137
  C:3CFEH         LINE#         138
  C:3CFFH         LINE#         139
  C:3D01H         LINE#         140
  C:3D02H         LINE#         141
  C:3D03H         LINE#         142
  C:3D05H         LINE#         143
  C:3D06H         LINE#         144
  C:3D07H         LINE#         145
  C:3D09H         LINE#         146
  C:3D0AH         LINE#         147
  C:3D0BH         LINE#         148
  C:3D0DH         LINE#         149
  C:3D0EH         LINE#         150
  C:3D0FH         LINE#         151
  C:3D11H         LINE#         152
  C:3D12H         LINE#         153
  C:3D13H         LINE#         154
  C:3D15H         LINE#         155
  C:3D16H         LINE#         156
  C:3D17H         LINE#         158
  C:3D19H         LINE#         159
BL51 BANKED LINKER/LOCATER V6.22                                                      07/17/2017  17:31:02  PAGE 70


  C:3D1AH         LINE#         160
  C:3D1BH         LINE#         161
  C:3D1DH         LINE#         162
  C:3D1EH         LINE#         163
  C:3D1FH         LINE#         164
  C:3D21H         LINE#         165
  C:3D22H         LINE#         166
  C:3D23H         LINE#         167
  C:3D25H         LINE#         168
  C:3D26H         LINE#         169
  C:3D28H         LINE#         170
  C:3D29H         LINE#         171
  C:3D2BH         LINE#         172
  C:3D2CH         LINE#         173
  C:3D2DH         LINE#         174
  C:3D2FH         LINE#         175
  C:3D30H         LINE#         176
  C:3D32H         LINE#         177
  C:3D33H         LINE#         178
  C:3D35H         LINE#         179
  C:3D36H         LINE#         180
  C:3D37H         LINE#         181
  C:3D39H         LINE#         182
  C:3D3AH         LINE#         183
  C:3D3CH         LINE#         184
  C:3D3DH         LINE#         185
  C:3D3FH         LINE#         186
  C:3D40H         LINE#         187
  C:3D41H         LINE#         189
  C:3D43H         LINE#         190
  C:3D44H         LINE#         191
  C:3D45H         LINE#         192
  C:3D47H         LINE#         193
  C:3D48H         LINE#         194
  C:3D49H         LINE#         195
  C:3D4BH         LINE#         196
  C:3D4BH         LINE#         198
  C:3D4DH         LINE#         199
  C:3D4FH         LINE#         200
  -------         ENDPROC       STAR_SENSOR_T_H
  -------         PROC          READ_SENSOR_T_H
  -------         DO            
  X:01A8H         SYMBOL        T_H_Temp
  X:01AAH         SYMBOL        i
  -------         ENDDO         
  C:30D0H         LINE#         205
  C:30D0H         LINE#         206
  C:30D0H         LINE#         207
  C:30D7H         LINE#         209
  C:30DDH         LINE#         210
  C:30DDH         LINE#         212
  C:30DFH         LINE#         213
  C:30E0H         LINE#         214
  C:30E1H         LINE#         215
  C:30E3H         LINE#         216
  C:30E4H         LINE#         217
  C:30E5H         LINE#         218
BL51 BANKED LINKER/LOCATER V6.22                                                      07/17/2017  17:31:02  PAGE 71


  C:30E7H         LINE#         219
  C:30E8H         LINE#         220
  C:30E9H         LINE#         221
  C:30EBH         LINE#         222
  C:30ECH         LINE#         223
  C:30EDH         LINE#         224
  C:30EFH         LINE#         225
  C:30F0H         LINE#         226
  C:30F1H         LINE#         227
  C:30F3H         LINE#         228
  C:30F4H         LINE#         229
  C:30F5H         LINE#         230
  C:30F7H         LINE#         231
  C:30F8H         LINE#         232
  C:30F9H         LINE#         233
  C:30FBH         LINE#         234
  C:30FCH         LINE#         235
  C:30FDH         LINE#         237
  C:30FFH         LINE#         238
  C:30FFH         LINE#         239
  C:3101H         LINE#         240
  C:3112H         LINE#         241
  C:3123H         LINE#         242
  C:3125H         LINE#         243
  C:3126H         LINE#         244
  C:3127H         LINE#         245
  C:312FH         LINE#         247
  C:3131H         LINE#         248
  C:3132H         LINE#         249
  C:3134H         LINE#         250
  C:3135H         LINE#         251
  C:3136H         LINE#         252
  C:3138H         LINE#         253
  C:3139H         LINE#         254
  C:313AH         LINE#         256
  C:313FH         LINE#         257
  C:313FH         LINE#         258
  C:3141H         LINE#         259
  C:3152H         LINE#         260
  C:3163H         LINE#         261
  C:3165H         LINE#         262
  C:3166H         LINE#         263
  C:3167H         LINE#         264
  C:316FH         LINE#         266
  C:3171H         LINE#         267
  C:3172H         LINE#         268
  C:3174H         LINE#         269
  C:3175H         LINE#         270
  C:3176H         LINE#         271
  C:3178H         LINE#         272
  C:3179H         LINE#         273
  C:317AH         LINE#         275
  C:31EBH         LINE#         276
  C:31EEH         LINE#         279
  C:31EEH         LINE#         281
  C:31F0H         LINE#         282
  C:31F1H         LINE#         283
BL51 BANKED LINKER/LOCATER V6.22                                                      07/17/2017  17:31:02  PAGE 72


  C:31F2H         LINE#         284
  C:31F4H         LINE#         285
  C:31F5H         LINE#         286
  C:31F6H         LINE#         287
  C:31F8H         LINE#         288
  C:31F9H         LINE#         289
  C:31FAH         LINE#         290
  C:31FCH         LINE#         291
  C:31FDH         LINE#         292
  C:31FEH         LINE#         294
  C:3203H         LINE#         295
  C:3203H         LINE#         296
  C:3205H         LINE#         297
  C:3216H         LINE#         298
  C:3227H         LINE#         299
  C:3229H         LINE#         300
  C:322AH         LINE#         301
  C:322BH         LINE#         302
  C:3233H         LINE#         304
  C:3235H         LINE#         305
  C:3236H         LINE#         306
  C:3238H         LINE#         307
  C:3239H         LINE#         308
  C:323AH         LINE#         309
  C:323CH         LINE#         310
  C:323DH         LINE#         311
  C:323EH         LINE#         313
  C:3243H         LINE#         314
  C:3243H         LINE#         315
  C:3245H         LINE#         316
  C:3256H         LINE#         317
  C:3267H         LINE#         318
  C:3269H         LINE#         319
  C:326AH         LINE#         320
  C:326BH         LINE#         321
  C:3273H         LINE#         323
  C:3275H         LINE#         324
  C:3276H         LINE#         325
  C:3278H         LINE#         326
  C:3279H         LINE#         327
  C:327AH         LINE#         328
  C:327CH         LINE#         329
  C:327DH         LINE#         330
  C:327EH         LINE#         332
  C:32A6H         LINE#         333
  C:32A6H         LINE#         335
  C:32A8H         LINE#         336
  C:32AAH         LINE#         337
  -------         ENDPROC       READ_SENSOR_T_H
  -------         ENDMOD        SENSOR_T_H

  -------         MODULE        LUX_LIGHT
  C:0000H         SYMBOL        _ICE_DUMMY_
  C:0016H         PUBLIC        IIC_stop
  X:01EDH         PUBLIC        Lux_Counter
  D:0080H         PUBLIC        P0
  D:0090H         PUBLIC        P1
BL51 BANKED LINKER/LOCATER V6.22                                                      07/17/2017  17:31:02  PAGE 73


  D:00A0H         PUBLIC        P2
  D:00B0H         PUBLIC        P3
  D:00E8H         PUBLIC        P4
  B:0028H.0       PUBLIC        Lux_Start_Flag
  D:00A8H         PUBLIC        IE
  C:48C4H         PUBLIC        IIC_sendack
  B:0028H.1       PUBLIC        Lux_Flag
  B:00A0H.1       PUBLIC        Lux_Data
  D:00B8H         PUBLIC        IP
  C:47F1H         PUBLIC        _IIC_sendbyte
  C:48D5H         PUBLIC        IIC_recvack
  X:01EFH         PUBLIC        Lux_Value
  B:00D0H.7       PUBLIC        CY
  C:4795H         PUBLIC        IIC_recvbyte
  B:0028H.2       PUBLIC        Lux_Low_Flag
  D:0098H         PUBLIC        SCON
  D:0088H         PUBLIC        TCON
  B:00A0H.0       PUBLIC        Lux_Sck
  B:0028H.3       PUBLIC        Lux_Check_Flag
  C:41A6H         PUBLIC        read_lux
  C:48B2H         PUBLIC        IIC_start
  D:00C8H         PUBLIC        T2CON
  C:4770H         PUBLIC        start_lux
  C:488BH         PUBLIC        init_lux
  B:0028H.4       PUBLIC        Lux_Read_Flag
  B:0028H.5       PUBLIC        Lux_High_Flag
  D:00D0H         PUBLIC        PSW
  -------         PROC          IIC_START
  C:48B2H         LINE#         34
  C:48B2H         LINE#         35
  C:48B2H         LINE#         36
  C:48B4H         LINE#         37
  C:48B6H         LINE#         38
  C:48B7H         LINE#         39
  C:48B8H         LINE#         40
  C:48B9H         LINE#         41
  C:48BBH         LINE#         42
  C:48BCH         LINE#         43
  C:48BDH         LINE#         44
  C:48BEH         LINE#         45
  C:48C0H         LINE#         46
  C:48C1H         LINE#         47
  C:48C2H         LINE#         48
  C:48C3H         LINE#         49
  -------         ENDPROC       IIC_START
  -------         PROC          IIC_STOP
  C:0016H         LINE#         51
  C:0016H         LINE#         52
  C:0016H         LINE#         53
  C:0018H         LINE#         54
  C:001AH         LINE#         55
  C:001BH         LINE#         56
  C:001CH         LINE#         57
  C:001DH         LINE#         58
  C:001FH         LINE#         59
  C:0020H         LINE#         60
  C:0021H         LINE#         61
BL51 BANKED LINKER/LOCATER V6.22                                                      07/17/2017  17:31:02  PAGE 74


  C:0022H         LINE#         62
  -------         ENDPROC       IIC_STOP
  -------         PROC          IIC_SENDACK
  B:002AH.2       SYMBOL        ack
  C:48C4H         LINE#         64
  C:48C4H         LINE#         65
  C:48C4H         LINE#         66
  C:48C8H         LINE#         67
  C:48CAH         LINE#         68
  C:48CBH         LINE#         69
  C:48CCH         LINE#         70
  C:48CDH         LINE#         71
  C:48CEH         LINE#         72
  C:48CFH         LINE#         73
  C:48D1H         LINE#         74
  C:48D2H         LINE#         75
  C:48D3H         LINE#         76
  C:48D4H         LINE#         77
  -------         ENDPROC       IIC_SENDACK
  -------         PROC          IIC_RECVACK
  C:48D5H         LINE#         79
  C:48D5H         LINE#         80
  C:48D5H         LINE#         81
  C:48D7H         LINE#         82
  C:48D8H         LINE#         83
  C:48D9H         LINE#         84
  C:48DAH         LINE#         85
  C:48DBH         LINE#         86
  C:48DCH         LINE#         87
  C:48DEH         LINE#         88
  C:48E0H         LINE#         89
  C:48E1H         LINE#         90
  C:48E2H         LINE#         91
  C:48E3H         LINE#         93
  C:48E3H         LINE#         94
  -------         ENDPROC       IIC_RECVACK
  -------         PROC          _IIC_SENDBYTE
  D:0007H         SYMBOL        dat
  -------         DO            
  D:0006H         SYMBOL        i
  -------         ENDDO         
  C:47F1H         LINE#         96
  C:47F1H         LINE#         97
  C:47F1H         LINE#         100
  C:47F3H         LINE#         101
  C:47F3H         LINE#         102
  C:47F7H         LINE#         103
  C:47F9H         LINE#         104
  C:47FBH         LINE#         105
  C:47FCH         LINE#         106
  C:47FDH         LINE#         107
  C:47FEH         LINE#         108
  C:47FFH         LINE#         109
  C:4800H         LINE#         110
  C:4802H         LINE#         111
  C:4803H         LINE#         112
  C:4804H         LINE#         113
BL51 BANKED LINKER/LOCATER V6.22                                                      07/17/2017  17:31:02  PAGE 75


  C:4805H         LINE#         114
  C:480AH         LINE#         115
  C:480DH         LINE#         116
  -------         ENDPROC       _IIC_SENDBYTE
  -------         PROC          IIC_RECVBYTE
  -------         DO            
  D:0006H         SYMBOL        i
  D:0007H         SYMBOL        dat
  -------         ENDDO         
  C:4795H         LINE#         118
  C:4795H         LINE#         119
  C:4795H         LINE#         121
  C:4797H         LINE#         123
  C:4799H         LINE#         124
  C:479AH         LINE#         125
  C:479AH         LINE#         126
  C:479EH         LINE#         127
  C:47A0H         LINE#         128
  C:47A1H         LINE#         129
  C:47A2H         LINE#         130
  C:47A3H         LINE#         131
  C:47A4H         LINE#         132
  C:47AAH         LINE#         133
  C:47ACH         LINE#         134
  C:47ADH         LINE#         135
  C:47AEH         LINE#         136
  C:47AFH         LINE#         137
  C:47B4H         LINE#         138
  C:47B4H         LINE#         139
  -------         ENDPROC       IIC_RECVBYTE
  -------         PROC          INIT_LUX
  C:488BH         LINE#         145
  C:488BH         LINE#         146
  C:488BH         LINE#         147
  C:488DH         LINE#         148
  C:488FH         LINE#         149
  C:4891H         LINE#         150
  C:4898H         LINE#         151
  C:489AH         LINE#         152
  C:489CH         LINE#         153
  C:489EH         LINE#         154
  -------         ENDPROC       INIT_LUX
  -------         PROC          START_LUX
  C:4770H         LINE#         159
  C:4770H         LINE#         160
  C:4770H         LINE#         161
  C:4772H         LINE#         163
  C:4775H         LINE#         164
  C:477AH         LINE#         165
  C:477FH         LINE#         166
  C:4782H         LINE#         168
  C:4785H         LINE#         169
  C:478AH         LINE#         170
  C:478FH         LINE#         171
  C:4792H         LINE#         173
  C:4794H         LINE#         174
  -------         ENDPROC       START_LUX
BL51 BANKED LINKER/LOCATER V6.22                                                      07/17/2017  17:31:02  PAGE 76


  -------         PROC          READ_LUX
  -------         DO            
  D:0003H         SYMBOL        j
  D:0004H         SYMBOL        k
  -------         ENDDO         
  C:41A6H         LINE#         179
  C:41A6H         LINE#         180
  C:41A6H         LINE#         182
  C:41A9H         LINE#         184
  C:41ABH         LINE#         186
  C:41AEH         LINE#         187
  C:41B3H         LINE#         189
  C:41B8H         LINE#         190
  C:41BDH         LINE#         191
  C:41BFH         LINE#         193
  C:41C4H         LINE#         194
  C:41C9H         LINE#         195
  C:41DBH         LINE#         197
  C:41DEH         LINE#         199
  C:4200H         LINE#         205
  -------         ENDPROC       READ_LUX
  -------         ENDMOD        LUX_LIGHT

  -------         MODULE        ?C?FPADD
  C:0E74H         PUBLIC        ?C?FPADD
  C:0E70H         PUBLIC        ?C?FPSUB
  -------         ENDMOD        ?C?FPADD

  -------         MODULE        ?C?FPMUL
  C:0F65H         PUBLIC        ?C?FPMUL
  -------         ENDMOD        ?C?FPMUL

  -------         MODULE        ?C?FPDIV
  C:106EH         PUBLIC        ?C?FPDIV
  -------         ENDMOD        ?C?FPDIV

  -------         MODULE        ?C?FPCMP
  C:110DH         PUBLIC        ?C?FPCMP
  C:110BH         PUBLIC        ?C?FPCMP3
  -------         ENDMOD        ?C?FPCMP

  -------         MODULE        ?C?FPNEG
  C:1184H         PUBLIC        ?C?FPNEG
  -------         ENDMOD        ?C?FPNEG

  -------         MODULE        ?C?FCAST
  C:119FH         PUBLIC        ?C?FCASTC
  C:119AH         PUBLIC        ?C?FCASTI
  C:1195H         PUBLIC        ?C?FCASTL
  -------         ENDMOD        ?C?FCAST

  -------         MODULE        ?C?CASTF
  C:11D3H         PUBLIC        ?C?CASTF
  -------         ENDMOD        ?C?CASTF

  -------         MODULE        ?C?COPY
  C:1324H         PUBLIC        ?C?COPY
BL51 BANKED LINKER/LOCATER V6.22                                                      07/17/2017  17:31:02  PAGE 77


  -------         ENDMOD        ?C?COPY

  -------         MODULE        ?C?CLDPTR
  C:134AH         PUBLIC        ?C?CLDPTR
  -------         ENDMOD        ?C?CLDPTR

  -------         MODULE        ?C?CLDOPTR
  C:1363H         PUBLIC        ?C?CLDOPTR
  -------         ENDMOD        ?C?CLDOPTR

  -------         MODULE        ?C?CSTPTR
  C:1390H         PUBLIC        ?C?CSTPTR
  -------         ENDMOD        ?C?CSTPTR

  -------         MODULE        ?C?CSTOPTR
  C:13A2H         PUBLIC        ?C?CSTOPTR
  -------         ENDMOD        ?C?CSTOPTR

  -------         MODULE        ?C?UIDIV
  C:13C4H         PUBLIC        ?C?UIDIV
  -------         ENDMOD        ?C?UIDIV

  -------         MODULE        ?C?IILDX
  C:1419H         PUBLIC        ?C?IILDX
  -------         ENDMOD        ?C?IILDX

  -------         MODULE        ?C?LNEG
  C:142FH         PUBLIC        ?C?LNEG
  -------         ENDMOD        ?C?LNEG

  -------         MODULE        ?C?LSTXDATA
  C:143DH         PUBLIC        ?C?LSTXDATA
  -------         ENDMOD        ?C?LSTXDATA

  -------         MODULE        ?C?LSTKXDATA
  C:1449H         PUBLIC        ?C?LSTKXDATA
  -------         ENDMOD        ?C?LSTKXDATA

  -------         MODULE        ?C?CCASE
  C:147AH         PUBLIC        ?C?CCASE
  -------         ENDMOD        ?C?CCASE

Program Size: data=60.3 xdata=503 code=18654
LINK/LOCATE RUN COMPLETE.  0 WARNING(S),  0 ERROR(S)
