Component: ARM Compiler 5.05 update 1 (build 106) Tool: armlink [4d0efa]

==============================================================================

Section Cross References

    main.o(i.main) refers to misc.o(i.NVIC_PriorityGroupConfig) for NVIC_PriorityGroupConfig
    main.o(i.main) refers to delay.o(i.delay_init) for delay_init
    main.o(i.main) refers to key.o(i.KEY_Init) for KEY_Init
    main.o(i.main) refers to exti.o(i.EXTIX_Init) for EXTIX_Init
    main.o(i.main) refers to display.o(i.Display_Init) for Display_Init
    main.o(i.main) refers to delay.o(i.delay_ms) for delay_ms
    main.o(i.main) refers to bpcdecode.o(i.BPC_Decode) for BPC_Decode
    main.o(i.main) refers to clock.o(i.DokiDoki_BPC) for DokiDoki_BPC
    main.o(i.main) refers to display.o(i.Show_STOP) for Show_STOP
    main.o(i.main) refers to display.o(i.Clock_STOP) for Clock_STOP
    main.o(i.main) refers to display.o(i.Close) for Close
    main.o(i.main) refers to display.o(i.ShowNixie) for ShowNixie
    main.o(i.main) refers to bpcdecode.o(.data) for Decode_OK
    main.o(i.main) refers to display.o(.data) for show_flag
    system_stm32f10x.o(i.SetSysClock) refers to system_stm32f10x.o(i.SetSysClockTo72) for SetSysClockTo72
    system_stm32f10x.o(i.SystemCoreClockUpdate) refers to system_stm32f10x.o(.data) for SystemCoreClock
    system_stm32f10x.o(i.SystemInit) refers to system_stm32f10x.o(i.SetSysClock) for SetSysClock
    bpcdecode.o(i.BPC_Decode) refers to display.o(i.Show_STOP) for Show_STOP
    bpcdecode.o(i.BPC_Decode) refers to display.o(i.Close) for Close
    bpcdecode.o(i.BPC_Decode) refers to delay.o(i.delay_ms) for delay_ms
    bpcdecode.o(i.BPC_Decode) refers to bpcdecode.o(i.TIM3_Int_Init) for TIM3_Int_Init
    bpcdecode.o(i.BPC_Decode) refers to bpcdecode.o(.data) for Decode_count
    bpcdecode.o(i.BPC_Decode_RE) refers to bpcdecode.o(i.TIM3_Int_Init) for TIM3_Int_Init
    bpcdecode.o(i.BPC_Decode_RE) refers to bpcdecode.o(.data) for Decode_count
    bpcdecode.o(i.Calibration_12_5ms) refers to stm32f10x_tim.o(i.TIM_Cmd) for TIM_Cmd
    bpcdecode.o(i.Calibration_12_5ms) refers to stm32f10x_tim.o(i.TIM_ITConfig) for TIM_ITConfig
    bpcdecode.o(i.Calibration_12_5ms) refers to bpcdecode.o(i.TIM3_Int_Init) for TIM3_Int_Init
    bpcdecode.o(i.Calibration_12_5ms) refers to bpcdecode.o(.data) for Decode_RE
    bpcdecode.o(i.Find_Head_100us) refers to stm32f10x_tim.o(i.TIM_Cmd) for TIM_Cmd
    bpcdecode.o(i.Find_Head_100us) refers to stm32f10x_tim.o(i.TIM_ITConfig) for TIM_ITConfig
    bpcdecode.o(i.Find_Head_100us) refers to bpcdecode.o(i.TIM3_Int_Init) for TIM3_Int_Init
    bpcdecode.o(i.Head_6_25ms) refers to stm32f10x_tim.o(i.TIM_Cmd) for TIM_Cmd
    bpcdecode.o(i.Head_6_25ms) refers to stm32f10x_tim.o(i.TIM_ITConfig) for TIM_ITConfig
    bpcdecode.o(i.Head_6_25ms) refers to bpcdecode.o(i.TIM3_Int_Init) for TIM3_Int_Init
    bpcdecode.o(i.IO_Init) refers to stm32f10x_rcc.o(i.RCC_APB2PeriphClockCmd) for RCC_APB2PeriphClockCmd
    bpcdecode.o(i.IO_Init) refers to delay.o(i.delay_ms) for delay_ms
    bpcdecode.o(i.IO_Init) refers to stm32f10x_gpio.o(i.GPIO_PinRemapConfig) for GPIO_PinRemapConfig
    bpcdecode.o(i.IO_Init) refers to stm32f10x_gpio.o(i.GPIO_Init) for GPIO_Init
    bpcdecode.o(i.TIM3_IRQHandler) refers to stm32f10x_tim.o(i.TIM_GetITStatus) for TIM_GetITStatus
    bpcdecode.o(i.TIM3_IRQHandler) refers to stm32f10x_gpio.o(i.GPIO_ReadInputDataBit) for GPIO_ReadInputDataBit
    bpcdecode.o(i.TIM3_IRQHandler) refers to bpcdecode.o(i.Head_6_25ms) for Head_6_25ms
    bpcdecode.o(i.TIM3_IRQHandler) refers to bpcdecode.o(i.BPC_Decode_RE) for BPC_Decode_RE
    bpcdecode.o(i.TIM3_IRQHandler) refers to bpcdecode.o(i.Calibration_12_5ms) for Calibration_12_5ms
    bpcdecode.o(i.TIM3_IRQHandler) refers to bpcdecode.o(i.Find_Head_100us) for Find_Head_100us
    bpcdecode.o(i.TIM3_IRQHandler) refers to bpcdecode.o(.data) for Decode_start
    bpcdecode.o(i.TIM3_IRQHandler) refers to stm32f10x_tim.o(i.TIM_ClearITPendingBit) for TIM_ClearITPendingBit
    bpcdecode.o(i.TIM3_IRQHandler) refers to stm32f10x_tim.o(i.TIM_Cmd) for TIM_Cmd
    bpcdecode.o(i.TIM3_IRQHandler) refers to stm32f10x_tim.o(i.TIM_ITConfig) for TIM_ITConfig
    bpcdecode.o(i.TIM3_IRQHandler) refers to stm32f10x_rcc.o(i.RCC_APB1PeriphClockCmd) for RCC_APB1PeriphClockCmd
    bpcdecode.o(i.TIM3_Int_Init) refers to stm32f10x_rcc.o(i.RCC_APB1PeriphClockCmd) for RCC_APB1PeriphClockCmd
    bpcdecode.o(i.TIM3_Int_Init) refers to stm32f10x_tim.o(i.TIM_TimeBaseInit) for TIM_TimeBaseInit
    bpcdecode.o(i.TIM3_Int_Init) refers to stm32f10x_tim.o(i.TIM_ITConfig) for TIM_ITConfig
    bpcdecode.o(i.TIM3_Int_Init) refers to misc.o(i.NVIC_Init) for NVIC_Init
    bpcdecode.o(i.TIM3_Int_Init) refers to stm32f10x_tim.o(i.TIM_Cmd) for TIM_Cmd
    clock.o(i.DokiDoki_BPC) refers to clock.o(i.TIM4_Int_Init) for TIM4_Int_Init
    clock.o(i.DokiDoki_BPC) refers to display.o(i.Display_C) for Display_C
    clock.o(i.DokiDoki_BPC) refers to rtc.o(i.RTC_Init) for RTC_Init
[...]
    Removing stm32f10x_tim.o(i.TIM_DeInit), (488 bytes).
    Removing stm32f10x_tim.o(i.TIM_ETRClockMode1Config), (54 bytes).
    Removing stm32f10x_tim.o(i.TIM_ETRClockMode2Config), (32 bytes).
    Removing stm32f10x_tim.o(i.TIM_ETRConfig), (28 bytes).
    Removing stm32f10x_tim.o(i.TIM_EncoderInterfaceConfig), (66 bytes).
    Removing stm32f10x_tim.o(i.TIM_ForcedOC1Config), (18 bytes).
    Removing stm32f10x_tim.o(i.TIM_ForcedOC2Config), (26 bytes).
    Removing stm32f10x_tim.o(i.TIM_ForcedOC3Config), (18 bytes).
    Removing stm32f10x_tim.o(i.TIM_ForcedOC4Config), (26 bytes).
    Removing stm32f10x_tim.o(i.TIM_GenerateEvent), (4 bytes).
    Removing stm32f10x_tim.o(i.TIM_GetCapture1), (6 bytes).
    Removing stm32f10x_tim.o(i.TIM_GetCapture2), (6 bytes).
    Removing stm32f10x_tim.o(i.TIM_GetCapture3), (6 bytes).
    Removing stm32f10x_tim.o(i.TIM_GetCapture4), (8 bytes).
    Removing stm32f10x_tim.o(i.TIM_GetCounter), (6 bytes).
    Removing stm32f10x_tim.o(i.TIM_GetFlagStatus), (18 bytes).
    Removing stm32f10x_tim.o(i.TIM_GetPrescaler), (6 bytes).
    Removing stm32f10x_tim.o(i.TIM_ICInit), (172 bytes).
    Removing stm32f10x_tim.o(i.TIM_ICStructInit), (18 bytes).
    Removing stm32f10x_tim.o(i.TIM_ITRxExternalClockConfig), (24 bytes).
    Removing stm32f10x_tim.o(i.TIM_InternalClockConfig), (12 bytes).
    Removing stm32f10x_tim.o(i.TIM_OC1FastConfig), (18 bytes).
    Removing stm32f10x_tim.o(i.TIM_OC1Init), (152 bytes).
    Removing stm32f10x_tim.o(i.TIM_OC1NPolarityConfig), (18 bytes).
    Removing stm32f10x_tim.o(i.TIM_OC1PolarityConfig), (18 bytes).
    Removing stm32f10x_tim.o(i.TIM_OC1PreloadConfig), (18 bytes).
    Removing stm32f10x_tim.o(i.TIM_OC2FastConfig), (26 bytes).
    Removing stm32f10x_tim.o(i.TIM_OC2Init), (164 bytes).
    Removing stm32f10x_tim.o(i.TIM_OC2NPolarityConfig), (26 bytes).
    Removing stm32f10x_tim.o(i.TIM_OC2PolarityConfig), (26 bytes).
    Removing stm32f10x_tim.o(i.TIM_OC2PreloadConfig), (26 bytes).
    Removing stm32f10x_tim.o(i.TIM_OC3FastConfig), (18 bytes).
    Removing stm32f10x_tim.o(i.TIM_OC3Init), (160 bytes).
    Removing stm32f10x_tim.o(i.TIM_OC3NPolarityConfig), (26 bytes).
    Removing stm32f10x_tim.o(i.TIM_OC3PolarityConfig), (26 bytes).
    Removing stm32f10x_tim.o(i.TIM_OC3PreloadConfig), (18 bytes).
    Removing stm32f10x_tim.o(i.TIM_OC4FastConfig), (26 bytes).
    Removing stm32f10x_tim.o(i.TIM_OC4Init), (124 bytes).
    Removing stm32f10x_tim.o(i.TIM_OC4PolarityConfig), (26 bytes).
    Removing stm32f10x_tim.o(i.TIM_OC4PreloadConfig), (26 bytes).
    Removing stm32f10x_tim.o(i.TIM_OCStructInit), (20 bytes).
    Removing stm32f10x_tim.o(i.TIM_PWMIConfig), (124 bytes).
    Removing stm32f10x_tim.o(i.TIM_PrescalerConfig), (6 bytes).
    Removing stm32f10x_tim.o(i.TIM_SelectCCDMA), (24 bytes).
    Removing stm32f10x_tim.o(i.TIM_SelectCOM), (24 bytes).
    Removing stm32f10x_tim.o(i.TIM_SelectHallSensor), (24 bytes).
    Removing stm32f10x_tim.o(i.TIM_SelectInputTrigger), (18 bytes).
    Removing stm32f10x_tim.o(i.TIM_SelectMasterSlaveMode), (18 bytes).
    Removing stm32f10x_tim.o(i.TIM_SelectOCxM), (82 bytes).
    Removing stm32f10x_tim.o(i.TIM_SelectOnePulseMode), (18 bytes).
    Removing stm32f10x_tim.o(i.TIM_SelectOutputTrigger), (18 bytes).
    Removing stm32f10x_tim.o(i.TIM_SelectSlaveMode), (18 bytes).
    Removing stm32f10x_tim.o(i.TIM_SetAutoreload), (4 bytes).
    Removing stm32f10x_tim.o(i.TIM_SetClockDivision), (18 bytes).
    Removing stm32f10x_tim.o(i.TIM_SetCompare1), (4 bytes).
    Removing stm32f10x_tim.o(i.TIM_SetCompare2), (4 bytes).
    Removing stm32f10x_tim.o(i.TIM_SetCompare3), (4 bytes).
    Removing stm32f10x_tim.o(i.TIM_SetCompare4), (6 bytes).
    Removing stm32f10x_tim.o(i.TIM_SetCounter), (4 bytes).
    Removing stm32f10x_tim.o(i.TIM_SetIC1Prescaler), (18 bytes).
    Removing stm32f10x_tim.o(i.TIM_SetIC2Prescaler), (26 bytes).
    Removing stm32f10x_tim.o(i.TIM_SetIC3Prescaler), (18 bytes).
    Removing stm32f10x_tim.o(i.TIM_SetIC4Prescaler), (26 bytes).
    Removing stm32f10x_tim.o(i.TIM_TIxExternalClockConfig), (62 bytes).
    Removing stm32f10x_tim.o(i.TIM_TimeBaseStructInit), (18 bytes).
    Removing stm32f10x_tim.o(i.TIM_UpdateDisableConfig), (24 bytes).
    Removing stm32f10x_tim.o(i.TIM_UpdateRequestConfig), (24 bytes).
    Removing stm32f10x_usart.o(i.USART_ClearFlag), (18 bytes).
    Removing stm32f10x_usart.o(i.USART_ClearITPendingBit), (30 bytes).
    Removing stm32f10x_usart.o(i.USART_ClockInit), (34 bytes).
    Removing stm32f10x_usart.o(i.USART_ClockStructInit), (12 bytes).
    Removing stm32f10x_usart.o(i.USART_Cmd), (24 bytes).
    Removing stm32f10x_usart.o(i.USART_DMACmd), (18 bytes).
    Removing stm32f10x_usart.o(i.USART_DeInit), (156 bytes).
    Removing stm32f10x_usart.o(i.USART_GetFlagStatus), (26 bytes).
    Removing stm32f10x_usart.o(i.USART_HalfDuplexCmd), (24 bytes).
    Removing stm32f10x_usart.o(i.USART_ITConfig), (74 bytes).
    Removing stm32f10x_usart.o(i.USART_Init), (216 bytes).
    Removing stm32f10x_usart.o(i.USART_IrDACmd), (24 bytes).
    Removing stm32f10x_usart.o(i.USART_IrDAConfig), (18 bytes).
    Removing stm32f10x_usart.o(i.USART_LINBreakDetectLengthConfig), (18 bytes).
    Removing stm32f10x_usart.o(i.USART_LINCmd), (24 bytes).
    Removing stm32f10x_usart.o(i.USART_OneBitMethodCmd), (24 bytes).
    Removing stm32f10x_usart.o(i.USART_OverSampling8Cmd), (22 bytes).
    Removing stm32f10x_usart.o(i.USART_ReceiverWakeUpCmd), (24 bytes).
    Removing stm32f10x_usart.o(i.USART_SendBreak), (10 bytes).
    Removing stm32f10x_usart.o(i.USART_SendData), (8 bytes).
    Removing stm32f10x_usart.o(i.USART_SetAddress), (18 bytes).
    Removing stm32f10x_usart.o(i.USART_SetGuardTime), (16 bytes).
    Removing stm32f10x_usart.o(i.USART_SetPrescaler), (16 bytes).
    Removing stm32f10x_usart.o(i.USART_SmartCardCmd), (24 bytes).
    Removing stm32f10x_usart.o(i.USART_SmartCardNACKCmd), (24 bytes).
    Removing stm32f10x_usart.o(i.USART_StructInit), (24 bytes).
    Removing stm32f10x_usart.o(i.USART_WakeUpConfig), (18 bytes).
    Removing stm32f10x_wwdg.o(i.WWDG_ClearFlag), (12 bytes).
    Removing stm32f10x_wwdg.o(i.WWDG_DeInit), (22 bytes).
    Removing stm32f10x_wwdg.o(i.WWDG_Enable), (16 bytes).
    Removing stm32f10x_wwdg.o(i.WWDG_EnableIT), (12 bytes).
    Removing stm32f10x_wwdg.o(i.WWDG_GetFlagStatus), (12 bytes).
    Removing stm32f10x_wwdg.o(i.WWDG_SetCounter), (16 bytes).
    Removing stm32f10x_wwdg.o(i.WWDG_SetPrescaler), (24 bytes).
    Removing stm32f10x_wwdg.o(i.WWDG_SetWindowValue), (40 bytes).

309 unused section(s) (total 11067 bytes) removed from the image.

==============================================================================

Image Symbol Table

    Local Symbols

    Symbol Name                              Value     Ov Type        Size  Object(Section)

    ../clib/angel/boardlib.s                 0x00000000   Number         0  boardinit3.o ABSOLUTE
    ../clib/angel/boardlib.s                 0x00000000   Number         0  boardinit2.o ABSOLUTE
    ../clib/angel/boardlib.s                 0x00000000   Number         0  boardinit1.o ABSOLUTE
    ../clib/angel/boardlib.s                 0x00000000   Number         0  boardshut.o ABSOLUTE
    ../clib/angel/handlers.s                 0x00000000   Number         0  __scatter_zi.o ABSOLUTE
    ../clib/angel/handlers.s                 0x00000000   Number         0  __scatter_copy.o ABSOLUTE
    ../clib/angel/kernel.s                   0x00000000   Number         0  __rtentry2.o ABSOLUTE
    ../clib/angel/kernel.s                   0x00000000   Number         0  rtexit2.o ABSOLUTE
    ../clib/angel/kernel.s                   0x00000000   Number         0  rtexit.o ABSOLUTE
    ../clib/angel/kernel.s                   0x00000000   Number         0  __rtentry4.o ABSOLUTE
    ../clib/angel/kernel.s                   0x00000000   Number         0  __rtentry.o ABSOLUTE
    ../clib/angel/rt.s                       0x00000000   Number         0  rt_raise.o ABSOLUTE
    ../clib/angel/scatter.s                  0x00000000   Number         0  __scatter.o ABSOLUTE
    ../clib/angel/startup.s                  0x00000000   Number         0  __main.o ABSOLUTE
    ../clib/angel/sys.s                      0x00000000   Number         0  indicate_semi.o ABSOLUTE
    ../clib/angel/sys.s                      0x00000000   Number         0  use_no_semi.o ABSOLUTE
    ../clib/angel/sys.s                      0x00000000   Number         0  libspace.o ABSOLUTE
    ../clib/angel/sys.s                      0x00000000   Number         0  sys_stackheap_outer.o ABSOLUTE
    ../clib/angel/sys.s                      0x00000000   Number         0  use_no_semi_2.o ABSOLUTE
    ../clib/angel/sysapp.c                   0x00000000   Number         0  sys_wrch.o ABSOLUTE
    ../clib/angel/sysapp.c                   0x00000000   Number         0  sys_command.o ABSOLUTE
    ../clib/armsys.c                         0x00000000   Number         0  no_argv.o ABSOLUTE
    ../clib/armsys.c                         0x00000000   Number         0  _get_argv_nomalloc.o ABSOLUTE
    ../clib/armsys.c                         0x00000000   Number         0  argv_veneer.o ABSOLUTE
    ../clib/armsys.c                         0x00000000   Number         0  argv_veneer.o ABSOLUTE
    ../clib/heapalloc.c                      0x00000000   Number         0  hrguard.o ABSOLUTE
    ../clib/heapaux.c                        0x00000000   Number         0  heapauxi.o ABSOLUTE
    ../clib/libinit.s                        0x00000000   Number         0  libinit.o ABSOLUTE
    ../clib/libinit.s                        0x00000000   Number         0  libshutdown2.o ABSOLUTE
    ../clib/libinit.s                        0x00000000   Number         0  libshutdown.o ABSOLUTE
    ../clib/libinit.s                        0x00000000   Number         0  libinit2.o ABSOLUTE
    ../clib/printf.c                         0x00000000   Number         0  _printf_dec.o ABSOLUTE
    ../clib/printf.c                         0x00000000   Number         0  noretval__2printf.o ABSOLUTE
    ../clib/printf.c                         0x00000000   Number         0  __2printf.o ABSOLUTE
    ../clib/printf.c                         0x00000000   Number         0  _printf_char_common.o ABSOLUTE
    ../clib/printf.c                         0x00000000   Number         0  _printf_char_file.o ABSOLUTE
    ../clib/printf.c                         0x00000000   Number         0  _printf_intcommon.o ABSOLUTE
    ../clib/printf.c                         0x00000000   Number         0  __printf.o ABSOLUTE
    ../clib/printf.c                         0x00000000   Number         0  __printf_flags_ss_wp.o ABSOLUTE
    ../clib/printf.c                         0x00000000   Number         0  __printf_ss_wp.o ABSOLUTE
    ../clib/printf.c                         0x00000000   Number         0  __printf_nopercent.o ABSOLUTE
    ../clib/printf.c                         0x00000000   Number         0  __printf_flags_wp.o ABSOLUTE
    ../clib/printf.c                         0x00000000   Number         0  __printf_wp.o ABSOLUTE
    ../clib/printf.c                         0x00000000   Number         0  __printf_flags_ss.o ABSOLUTE
    ../clib/printf.c                         0x00000000   Number         0  __printf_ss.o ABSOLUTE
    ../clib/printf.c                         0x00000000   Number         0  __printf_flags.o ABSOLUTE
    ../clib/printf_percent.s                 0x00000000   Number         0  _printf_percent_end.o ABSOLUTE
    ../clib/printf_percent.s                 0x00000000   Number         0  _printf_d.o ABSOLUTE
    ../clib/printf_percent.s                 0x00000000   Number         0  _printf_percent.o ABSOLUTE
    ../clib/signal.c                         0x00000000   Number         0  defsig_rtmem_formal.o ABSOLUTE
    ../clib/signal.c                         0x00000000   Number         0  defsig_stak_inner.o ABSOLUTE
    ../clib/signal.c                         0x00000000   Number         0  defsig_rtmem_outer.o ABSOLUTE
    ../clib/signal.c                         0x00000000   Number         0  defsig_pvfn_inner.o ABSOLUTE
    ../clib/signal.c                         0x00000000   Number         0  defsig_exit.o ABSOLUTE
    ../clib/signal.c                         0x00000000   Number         0  defsig_rtmem_inner.o ABSOLUTE
    ../clib/signal.c                         0x00000000   Number         0  __raise.o ABSOLUTE
    ../clib/signal.c                         0x00000000   Number         0  defsig_general.o ABSOLUTE
    ../clib/signal.c                         0x00000000   Number         0  defsig_abrt_inner.o ABSOLUTE
    ../clib/signal.c                         0x00000000   Number         0  defsig_fpe_inner.o ABSOLUTE
    ../clib/signal.c                         0x00000000   Number         0  defsig_cppl_inner.o ABSOLUTE
    ../clib/signal.c                         0x00000000   Number         0  defsig_rtred_inner.o ABSOLUTE
    ../clib/signal.c                         0x00000000   Number         0  defsig_other.o ABSOLUTE
    ../clib/signal.c                         0x00000000   Number         0  defsig_segv_inner.o ABSOLUTE
    ../clib/signal.s                         0x00000000   Number         0  defsig.o ABSOLUTE
    ../clib/stdio.c                          0x00000000   Number         0  ferror.o ABSOLUTE
    ../clib/stdio.c                          0x00000000   Number         0  ferror_locked.o ABSOLUTE
    ../clib/stdlib.c                         0x00000000   Number         0  rand.o ABSOLUTE
    ../clib/stdlib.c                         0x00000000   Number         0  exit.o ABSOLUTE
    ../clib/stdlib.c                         0x00000000   Number         0  rand.o ABSOLUTE
    ../fplib/fpinit.s                        0x00000000   Number         0  fpinit.o ABSOLUTE
    ..\CORE\core_cm3.c                       0x00000000   Number         0  core_cm3.o ABSOLUTE
    ..\CORE\startup_stm32f10x_md.s           0x00000000   Number         0  startup_stm32f10x_md.o ABSOLUTE
    ..\STM32F10x_FWLib\src\misc.c            0x00000000   Number         0  misc.o ABSOLUTE
    ..\STM32F10x_FWLib\src\stm32f10x_adc.c   0x00000000   Number         0  stm32f10x_adc.o ABSOLUTE
    ..\STM32F10x_FWLib\src\stm32f10x_bkp.c   0x00000000   Number         0  stm32f10x_bkp.o ABSOLUTE
    ..\STM32F10x_FWLib\src\stm32f10x_cec.c   0x00000000   Number         0  stm32f10x_cec.o ABSOLUTE
    ..\STM32F10x_FWLib\src\stm32f10x_dbgmcu.c 0x00000000   Number         0  stm32f10x_dbgmcu.o ABSOLUTE
    ..\STM32F10x_FWLib\src\stm32f10x_exti.c  0x00000000   Number         0  stm32f10x_exti.o ABSOLUTE
    ..\STM32F10x_FWLib\src\stm32f10x_flash.c 0x00000000   Number         0  stm32f10x_flash.o ABSOLUTE
    ..\STM32F10x_FWLib\src\stm32f10x_gpio.c  0x00000000   Number         0  stm32f10x_gpio.o ABSOLUTE
    ..\STM32F10x_FWLib\src\stm32f10x_i2c.c   0x00000000   Number         0  stm32f10x_i2c.o ABSOLUTE
    ..\STM32F10x_FWLib\src\stm32f10x_iwdg.c  0x00000000   Number         0  stm32f10x_iwdg.o ABSOLUTE
    ..\STM32F10x_FWLib\src\stm32f10x_pwr.c   0x00000000   Number         0  stm32f10x_pwr.o ABSOLUTE
    ..\STM32F10x_FWLib\src\stm32f10x_rcc.c   0x00000000   Number         0  stm32f10x_rcc.o ABSOLUTE
    ..\STM32F10x_FWLib\src\stm32f10x_rtc.c   0x00000000   Number         0  stm32f10x_rtc.o ABSOLUTE
    ..\STM32F10x_FWLib\src\stm32f10x_tim.c   0x00000000   Number         0  stm32f10x_tim.o ABSOLUTE
    ..\STM32F10x_FWLib\src\stm32f10x_usart.c 0x00000000   Number         0  stm32f10x_usart.o ABSOLUTE
    ..\STM32F10x_FWLib\src\stm32f10x_wwdg.c  0x00000000   Number         0  stm32f10x_wwdg.o ABSOLUTE
    ..\SYSTEM\delay\delay.c                  0x00000000   Number         0  delay.o ABSOLUTE
    ..\SYSTEM\sys\sys.c                      0x00000000   Number         0  sys.o ABSOLUTE
    ..\SYSTEM\usart\usart.c                  0x00000000   Number         0  usart.o ABSOLUTE
    ..\\CORE\\core_cm3.c                     0x00000000   Number         0  core_cm3.o ABSOLUTE
    ..\\SYSTEM\\sys\\sys.c                   0x00000000   Number         0  sys.o ABSOLUTE
    BPCDecode.c                              0x00000000   Number         0  bpcdecode.o ABSOLUTE
    Clock.c                                  0x00000000   Number         0  clock.o ABSOLUTE
    Display.c                                0x00000000   Number         0  display.o ABSOLUTE
    dc.s                                     0x00000000   Number         0  dc.o ABSOLUTE
    exti.c                                   0x00000000   Number         0  exti.o ABSOLUTE
    key.c                                    0x00000000   Number         0  key.o ABSOLUTE
    main.c                                   0x00000000   Number         0  main.o ABSOLUTE
    rng.c                                    0x00000000   Number         0  rng.o ABSOLUTE
    rtc.c                                    0x00000000   Number         0  rtc.o ABSOLUTE
    stm32f10x_it.c                           0x00000000   Number         0  stm32f10x_it.o ABSOLUTE
    system_stm32f10x.c                       0x00000000   Number         0  system_stm32f10x.o ABSOLUTE
    RESET                                    0x08000000   Section      236  startup_stm32f10x_md.o(RESET)
    !!!main                                  0x080000ec   Section        8  __main.o(!!!main)
    !!!scatter                               0x080000f4   Section       52  __scatter.o(!!!scatter)
    !!handler_copy                           0x08000128   Section       26  __scatter_copy.o(!!handler_copy)
    !!handler_zi                             0x08000144   Section       28  __scatter_zi.o(!!handler_zi)
    .ARM.Collect$$_printf_percent$$00000000  0x08000160   Section        0  _printf_percent.o(.ARM.Collect$$_printf_percent$$00000000)
    .ARM.Collect$$_printf_percent$$00000009  0x08000160   Section        6  _printf_d.o(.ARM.Collect$$_printf_percent$$00000009)
    .ARM.Collect$$_printf_percent$$00000017  0x08000166   Section        4  _printf_percent_end.o(.ARM.Collect$$_printf_percent$$00000017)
    .ARM.Collect$$libinit$$00000000          0x0800016a   Section        2  libinit.o(.ARM.Collect$$libinit$$00000000)
    .ARM.Collect$$libinit$$00000002          0x0800016c   Section        0  libinit2.o(.ARM.Collect$$libinit$$00000002)
    .ARM.Collect$$libinit$$00000004          0x0800016c   Section        0  libinit2.o(.ARM.Collect$$libinit$$00000004)
    .ARM.Collect$$libinit$$0000000A          0x0800016c   Section        0  libinit2.o(.ARM.Collect$$libinit$$0000000A)
    .ARM.Collect$$libinit$$0000000C          0x0800016c   Section        0  libinit2.o(.ARM.Collect$$libinit$$0000000C)
    .ARM.Collect$$libinit$$0000000D          0x0800016c   Section        4  libinit2.o(.ARM.Collect$$libinit$$0000000D)
    .ARM.Collect$$libinit$$0000000E          0x08000170   Section        0  libinit2.o(.ARM.Collect$$libinit$$0000000E)
    .ARM.Collect$$libinit$$00000011          0x08000170   Section        0  libinit2.o(.ARM.Collect$$libinit$$00000011)
    .ARM.Collect$$libinit$$00000013          0x08000170   Section        0  libinit2.o(.ARM.Collect$$libinit$$00000013)
    .ARM.Collect$$libinit$$00000015          0x08000170   Section        0  libinit2.o(.ARM.Collect$$libinit$$00000015)
    .ARM.Collect$$libinit$$00000017          0x08000170   Section        0  libinit2.o(.ARM.Collect$$libinit$$00000017)
    .ARM.Collect$$libinit$$00000019          0x08000170   Section        0  libinit2.o(.ARM.Collect$$libinit$$00000019)
    .ARM.Collect$$libinit$$0000001B          0x08000170   Section        0  libinit2.o(.ARM.Collect$$libinit$$0000001B)
    .ARM.Collect$$libinit$$0000001D          0x08000170   Section        0  libinit2.o(.ARM.Collect$$libinit$$0000001D)
    .ARM.Collect$$libinit$$0000001F          0x08000170   Section        0  libinit2.o(.ARM.Collect$$libinit$$0000001F)
    .ARM.Collect$$libinit$$00000021          0x08000170   Section        0  libinit2.o(.ARM.Collect$$libinit$$00000021)
    .ARM.Collect$$libinit$$00000023          0x08000170   Section        0  libinit2.o(.ARM.Collect$$libinit$$00000023)
    .ARM.Collect$$libinit$$00000025          0x08000170   Section        0  libinit2.o(.ARM.Collect$$libinit$$00000025)
    .ARM.Collect$$libinit$$0000002C          0x08000170   Section        0  libinit2.o(.ARM.Collect$$libinit$$0000002C)
    .ARM.Collect$$libinit$$0000002E          0x08000170   Section        0  libinit2.o(.ARM.Collect$$libinit$$0000002E)
    .ARM.Collect$$libinit$$00000030          0x08000170   Section        0  libinit2.o(.ARM.Collect$$libinit$$00000030)
    .ARM.Collect$$libinit$$00000032          0x08000170   Section        0  libinit2.o(.ARM.Collect$$libinit$$00000032)
    .ARM.Collect$$libinit$$00000033          0x08000170   Section        2  libinit2.o(.ARM.Collect$$libinit$$00000033)
    .ARM.Collect$$libshutdown$$00000000      0x08000172   Section        2  libshutdown.o(.ARM.Collect$$libshutdown$$00000000)
    .ARM.Collect$$libshutdown$$00000003      0x08000174   Section        0  libshutdown2.o(.ARM.Collect$$libshutdown$$00000003)
    .ARM.Collect$$libshutdown$$00000006      0x08000174   Section        0  libshutdown2.o(.ARM.Collect$$libshutdown$$00000006)
    .ARM.Collect$$libshutdown$$00000009      0x08000174   Section        0  libshutdown2.o(.ARM.Collect$$libshutdown$$00000009)
    .ARM.Collect$$libshutdown$$0000000B      0x08000174   Section        0  libshutdown2.o(.ARM.Collect$$libshutdown$$0000000B)
    .ARM.Collect$$libshutdown$$0000000E      0x08000174   Section        0  libshutdown2.o(.ARM.Collect$$libshutdown$$0000000E)
    .ARM.Collect$$libshutdown$$0000000F      0x08000174   Section        2  libshutdown2.o(.ARM.Collect$$libshutdown$$0000000F)
    .ARM.Collect$$rtentry$$00000000          0x08000176   Section        0  __rtentry.o(.ARM.Collect$$rtentry$$00000000)
    .ARM.Collect$$rtentry$$00000002          0x08000176   Section        0  __rtentry2.o(.ARM.Collect$$rtentry$$00000002)
    .ARM.Collect$$rtentry$$00000004          0x08000176   Section        6  __rtentry4.o(.ARM.Collect$$rtentry$$00000004)
    .ARM.Collect$$rtentry$$00000009          0x0800017c   Section        0  __rtentry2.o(.ARM.Collect$$rtentry$$00000009)
    .ARM.Collect$$rtentry$$0000000A          0x0800017c   Section        4  __rtentry2.o(.ARM.Collect$$rtentry$$0000000A)
    .ARM.Collect$$rtentry$$0000000C          0x08000180   Section        0  __rtentry2.o(.ARM.Collect$$rtentry$$0000000C)
    .ARM.Collect$$rtentry$$0000000D          0x08000180   Section        8  __rtentry2.o(.ARM.Collect$$rtentry$$0000000D)
    .ARM.Collect$$rtexit$$00000000           0x08000188   Section        2  rtexit.o(.ARM.Collect$$rtexit$$00000000)
    .ARM.Collect$$rtexit$$00000002           0x0800018a   Section        0  rtexit2.o(.ARM.Collect$$rtexit$$00000002)
    .ARM.Collect$$rtexit$$00000003           0x0800018a   Section        4  rtexit2.o(.ARM.Collect$$rtexit$$00000003)
    .ARM.Collect$$rtexit$$00000004           0x0800018e   Section        6  rtexit2.o(.ARM.Collect$$rtexit$$00000004)
    .emb_text                                0x08000194   Section       52  rand.o(.emb_text)
    .text                                    0x080001c8   Section       64  startup_stm32f10x_md.o(.text)
    .text                                    0x08000208   Section        2  use_no_semi_2.o(.text)
    .text                                    0x0800020c   Section        0  noretval__2printf.o(.text)
    .text                                    0x08000224   Section        0  __printf.o(.text)
    .text                                    0x0800028c   Section        0  _printf_dec.o(.text)
    .text                                    0x08000304   Section        0  rand.o(.text)
    .text                                    0x08000340   Section        0  heapauxi.o(.text)
    .text                                    0x08000346   Section        2  use_no_semi.o(.text)
    .text                                    0x08000348   Section        0  _printf_intcommon.o(.text)
    .text                                    0x080003fc   Section        0  _printf_char_file.o(.text)
    .text                                    0x08000420   Section        0  _printf_char_common.o(.text)
    _printf_input_char                       0x08000421   Thumb Code    10  _printf_char_common.o(.text)
    .text                                    0x08000450   Section        0  ferror.o(.text)
    .text                                    0x08000458   Section       74  sys_stackheap_outer.o(.text)
    .text                                    0x080004a2   Section        0  exit.o(.text)
    .text                                    0x080004b0   Section        8  libspace.o(.text)
    i.ADC_ClearFlag                          0x080004b8   Section        0  stm32f10x_adc.o(i.ADC_ClearFlag)
    i.ADC_Cmd                                0x080004be   Section        0  stm32f10x_adc.o(i.ADC_Cmd)
    i.ADC_DeInit                             0x080004d4   Section        0  stm32f10x_adc.o(i.ADC_DeInit)
    i.ADC_GetCalibrationStatus               0x08000530   Section        0  stm32f10x_adc.o(i.ADC_GetCalibrationStatus)
    i.ADC_GetConversionValue                 0x08000544   Section        0  stm32f10x_adc.o(i.ADC_GetConversionValue)
    i.ADC_GetFlagStatus                      0x0800054c   Section        0  stm32f10x_adc.o(i.ADC_GetFlagStatus)
    i.ADC_GetResetCalibrationStatus          0x0800055e   Section        0  stm32f10x_adc.o(i.ADC_GetResetCalibrationStatus)
    i.ADC_Init                               0x08000574   Section        0  stm32f10x_adc.o(i.ADC_Init)
    i.ADC_RegularChannelConfig               0x080005c4   Section        0  stm32f10x_adc.o(i.ADC_RegularChannelConfig)
    i.ADC_ResetCalibration                   0x0800067c   Section        0  stm32f10x_adc.o(i.ADC_ResetCalibration)
    i.ADC_SoftwareStartConvCmd               0x08000686   Section        0  stm32f10x_adc.o(i.ADC_SoftwareStartConvCmd)
    i.ADC_StartCalibration                   0x0800069c   Section        0  stm32f10x_adc.o(i.ADC_StartCalibration)
    i.BKP_DeInit                             0x080006a6   Section        0  stm32f10x_bkp.o(i.BKP_DeInit)
    i.BKP_ReadBackupRegister                 0x080006b8   Section        0  stm32f10x_bkp.o(i.BKP_ReadBackupRegister)
    i.BKP_WriteBackupRegister                0x080006d4   Section        0  stm32f10x_bkp.o(i.BKP_WriteBackupRegister)
    i.BPC_Decode                             0x080006f0   Section        0  bpcdecode.o(i.BPC_Decode)
    i.BPC_Decode_RE                          0x0800075c   Section        0  bpcdecode.o(i.BPC_Decode_RE)
    i.BPC_STOP                               0x080007ac   Section        0  display.o(i.BPC_STOP)
    i.BusFault_Handler                       0x080007ec   Section        0  stm32f10x_it.o(i.BusFault_Handler)
    i.Calibration_12_5ms                     0x080007f0   Section        0  bpcdecode.o(i.Calibration_12_5ms)
    i.Clock_STOP                             0x08000820   Section        0  display.o(i.Clock_STOP)
    i.Close                                  0x08000860   Section        0  display.o(i.Close)
    i.DebugMon_Handler                       0x08000888   Section        0  stm32f10x_it.o(i.DebugMon_Handler)
    i.Display_C                              0x0800088c   Section        0  display.o(i.Display_C)
    i.Display_CAL                            0x08000904   Section        0  display.o(i.Display_CAL)
    i.Display_Init                           0x08000a08   Section        0  display.o(i.Display_Init)
    i.DokiDoki_BPC                           0x08000a4c   Section        0  clock.o(i.DokiDoki_BPC)
    i.DokiDoki_RTC                           0x08000a70   Section        0  clock.o(i.DokiDoki_RTC)
    i.EXTI0_IRQHandler                       0x08000ae4   Section        0  exti.o(i.EXTI0_IRQHandler)
    i.EXTI3_IRQHandler                       0x08000b20   Section        0  exti.o(i.EXTI3_IRQHandler)
    i.EXTI4_IRQHandler                       0x08000b50   Section        0  exti.o(i.EXTI4_IRQHandler)
    i.EXTIX_Init                             0x08000b84   Section        0  exti.o(i.EXTIX_Init)
    i.EXTI_ClearITPendingBit                 0x08000c38   Section        0  stm32f10x_exti.o(i.EXTI_ClearITPendingBit)
    i.EXTI_Init                              0x08000c44   Section        0  stm32f10x_exti.o(i.EXTI_Init)
    i.Find_Head_100us                        0x08000cd8   Section        0  bpcdecode.o(i.Find_Head_100us)
    i.GPIO_EXTILineConfig                    0x08000cfc   Section        0  stm32f10x_gpio.o(i.GPIO_EXTILineConfig)
    i.GPIO_Init                              0x08000d3c   Section        0  stm32f10x_gpio.o(i.GPIO_Init)
    i.GPIO_PinRemapConfig                    0x08000e54   Section        0  stm32f10x_gpio.o(i.GPIO_PinRemapConfig)
    i.GPIO_ReadInputDataBit                  0x08000ee4   Section        0  stm32f10x_gpio.o(i.GPIO_ReadInputDataBit)
    i.HardFault_Handler                      0x08000ef6   Section        0  stm32f10x_it.o(i.HardFault_Handler)
    i.Head_6_25ms                            0x08000efc   Section        0  bpcdecode.o(i.Head_6_25ms)
    i.IO_Init                                0x08000f24   Section        0  bpcdecode.o(i.IO_Init)
    i.Is_Leap_Year                           0x08000fc8   Section        0  rtc.o(i.Is_Leap_Year)
    i.KEY_Init                               0x08001004   Section        0  key.o(i.KEY_Init)
    i.MemManage_Handler                      0x0800104c   Section        0  stm32f10x_it.o(i.MemManage_Handler)
    i.NMI_Handler                            0x08001050   Section        0  stm32f10x_it.o(i.NMI_Handler)
    i.NVIC_Init                              0x08001054   Section        0  misc.o(i.NVIC_Init)
    i.NVIC_PriorityGroupConfig               0x080010c4   Section        0  misc.o(i.NVIC_PriorityGroupConfig)
    i.PWR_BackupAccessCmd                    0x080010d8   Section        0  stm32f10x_pwr.o(i.PWR_BackupAccessCmd)
    i.PendSV_Handler                         0x080010e4   Section        0  stm32f10x_it.o(i.PendSV_Handler)
    i.RCC_ADCCLKConfig                       0x080010e8   Section        0  stm32f10x_rcc.o(i.RCC_ADCCLKConfig)
    i.RCC_APB1PeriphClockCmd                 0x08001100   Section        0  stm32f10x_rcc.o(i.RCC_APB1PeriphClockCmd)
    i.RCC_APB2PeriphClockCmd                 0x08001120   Section        0  stm32f10x_rcc.o(i.RCC_APB2PeriphClockCmd)
    i.RCC_APB2PeriphResetCmd                 0x08001140   Section        0  stm32f10x_rcc.o(i.RCC_APB2PeriphResetCmd)
    i.RCC_BackupResetCmd                     0x08001160   Section        0  stm32f10x_rcc.o(i.RCC_BackupResetCmd)
    i.RCC_GetFlagStatus                      0x0800116c   Section        0  stm32f10x_rcc.o(i.RCC_GetFlagStatus)
    i.RCC_LSEConfig                          0x080011a8   Section        0  stm32f10x_rcc.o(i.RCC_LSEConfig)
    i.RCC_RTCCLKCmd                          0x080011dc   Section        0  stm32f10x_rcc.o(i.RCC_RTCCLKCmd)
    i.RCC_RTCCLKConfig                       0x080011e8   Section        0  stm32f10x_rcc.o(i.RCC_RTCCLKConfig)
    i.RNG_Get_RandomNum                      0x080011f8   Section        0  rng.o(i.RNG_Get_RandomNum)
    i.RNG_Get_RandomRange                    0x08001254   Section        0  rng.o(i.RNG_Get_RandomRange)
    i.RNG_Init                               0x08001284   Section        0  rng.o(i.RNG_Init)
    i.RTC_ClearITPendingBit                  0x08001314   Section        0  stm32f10x_rtc.o(i.RTC_ClearITPendingBit)
    i.RTC_EnterConfigMode                    0x08001324   Section        0  stm32f10x_rtc.o(i.RTC_EnterConfigMode)
    i.RTC_ExitConfigMode                     0x08001338   Section        0  stm32f10x_rtc.o(i.RTC_ExitConfigMode)
    i.RTC_Get                                0x0800134c   Section        0  rtc.o(i.RTC_Get)
    i.RTC_GetCounter                         0x0800144c   Section        0  stm32f10x_rtc.o(i.RTC_GetCounter)
    i.RTC_GetITStatus                        0x08001460   Section        0  stm32f10x_rtc.o(i.RTC_GetITStatus)
    i.RTC_Get_Week                           0x08001484   Section        0  rtc.o(i.RTC_Get_Week)
    i.RTC_IRQHandler                         0x080014fc   Section        0  rtc.o(i.RTC_IRQHandler)
    i.RTC_Init                               0x0800156c   Section        0  rtc.o(i.RTC_Init)
    i.RTC_Set                                0x08001630   Section        0  rtc.o(i.RTC_Set)
    i.RTC_SetCounter                         0x080016f8   Section        0  stm32f10x_rtc.o(i.RTC_SetCounter)
    i.RTC_SetPrescaler                       0x08001714   Section        0  stm32f10x_rtc.o(i.RTC_SetPrescaler)
    i.RTC_WaitForLastTask                    0x08001734   Section        0  stm32f10x_rtc.o(i.RTC_WaitForLastTask)
    i.RTC_WaitForSynchro                     0x08001748   Section        0  stm32f10x_rtc.o(i.RTC_WaitForSynchro)
    i.SVC_Handler                            0x0800176c   Section        0  stm32f10x_it.o(i.SVC_Handler)
    i.SetSysClock                            0x0800176e   Section        0  system_stm32f10x.o(i.SetSysClock)
    SetSysClock                              0x0800176f   Thumb Code     8  system_stm32f10x.o(i.SetSysClock)
    i.SetSysClockTo72                        0x08001778   Section        0  system_stm32f10x.o(i.SetSysClockTo72)
    SetSysClockTo72                          0x08001779   Thumb Code   214  system_stm32f10x.o(i.SetSysClockTo72)
    i.ShowNixie                              0x08001858   Section        0  display.o(i.ShowNixie)
    i.Show_STOP                              0x080018fc   Section        0  display.o(i.Show_STOP)
    i.SysTick_CLKSourceConfig                0x08001920   Section        0  misc.o(i.SysTick_CLKSourceConfig)
    i.SysTick_Handler                        0x08001948   Section        0  stm32f10x_it.o(i.SysTick_Handler)
    i.SystemInit                             0x0800194c   Section        0  system_stm32f10x.o(i.SystemInit)
    i.TIM3_IRQHandler                        0x080019ac   Section        0  bpcdecode.o(i.TIM3_IRQHandler)
    i.TIM3_Int_Init                          0x08002174   Section        0  bpcdecode.o(i.TIM3_Int_Init)
    i.TIM4_IRQHandler                        0x080021d4   Section        0  clock.o(i.TIM4_IRQHandler)
    i.TIM4_Int_Init                          0x08002334   Section        0  clock.o(i.TIM4_Int_Init)
    i.TIM_ClearITPendingBit                  0x08002394   Section        0  stm32f10x_tim.o(i.TIM_ClearITPendingBit)
    i.TIM_Cmd                                0x0800239a   Section        0  stm32f10x_tim.o(i.TIM_Cmd)
    i.TIM_GetITStatus                        0x080023b2   Section        0  stm32f10x_tim.o(i.TIM_GetITStatus)
    i.TIM_ITConfig                           0x080023d4   Section        0  stm32f10x_tim.o(i.TIM_ITConfig)
    i.TIM_TimeBaseInit                       0x080023e8   Section        0  stm32f10x_tim.o(i.TIM_TimeBaseInit)
    i.USART1_IRQHandler                      0x0800248c   Section        0  usart.o(i.USART1_IRQHandler)
    i.USART_GetITStatus                      0x08002514   Section        0  stm32f10x_usart.o(i.USART_GetITStatus)
    i.USART_ReceiveData                      0x08002568   Section        0  stm32f10x_usart.o(i.USART_ReceiveData)
    i.UsageFault_Handler                     0x08002572   Section        0  stm32f10x_it.o(i.UsageFault_Handler)
    i._sys_exit                              0x08002576   Section        0  usart.o(i._sys_exit)
    i.delay_init                             0x0800257c   Section        0  delay.o(i.delay_init)
    i.delay_ms                               0x080025c0   Section        0  delay.o(i.delay_ms)
    i.delay_us                               0x0800260c   Section        0  delay.o(i.delay_us)
    i.fputc                                  0x08002658   Section        0  usart.o(i.fputc)
    i.main                                   0x08002674   Section        0  main.o(i.main)
    i.show6num                               0x08002704   Section        0  display.o(i.show6num)
    .constdata                               0x0800287c   Section       24  rtc.o(.constdata)
    .data                                    0x20000000   Section       20  system_stm32f10x.o(.data)
    .data                                    0x20000014   Section       69  bpcdecode.o(.data)
    .data                                    0x20000059   Section        8  clock.o(.data)
    .data                                    0x20000064   Section       62  display.o(.data)
    .data                                    0x200000a2   Section        2  rtc.o(.data)
    daycnt                                   0x200000a2   Data           2  rtc.o(.data)
    .data                                    0x200000a4   Section        4  delay.o(.data)
    fac_us                                   0x200000a4   Data           1  delay.o(.data)
    fac_ms                                   0x200000a6   Data           2  delay.o(.data)
    .data                                    0x200000a8   Section        6  usart.o(.data)
    .bss                                     0x200000b0   Section       10  rtc.o(.bss)
    .bss                                     0x200000ba   Section      200  usart.o(.bss)
    .bss                                     0x20000184   Section      228  rand.o(.bss)
    .bss                                     0x20000268   Section       96  libspace.o(.bss)
    HEAP                                     0x200002c8   Section      512  startup_stm32f10x_md.o(HEAP)
    Heap_Mem                                 0x200002c8   Data         512  startup_stm32f10x_md.o(HEAP)
    STACK                                    0x200004c8   Section     1024  startup_stm32f10x_md.o(STACK)
    Stack_Mem                                0x200004c8   Data        1024  startup_stm32f10x_md.o(STACK)
    __initial_sp                             0x200008c8   Data           0  startup_stm32f10x_md.o(STACK)

    Global Symbols

    Symbol Name                              Value     Ov Type        Size  Object(Section)

    BuildAttributes$$THM_ISAv4$P$D$K$B$S$PE$A:L22UL41UL21$X:L11$S22US41US21$IEEE1$IW$USESV6$~STKCKD$USESV7$~SHL$OSPACE$ROPI$EBA8$UX$STANDARDLIB$REQ8$PRES8$EABIv2 0x00000000   Number         0  anon$$obj.o ABSOLUTE
    __ARM_use_no_argv                        0x00000000   Number         0  main.o ABSOLUTE
    __ARM_exceptions_init                     - Undefined Weak Reference
    __alloca_initialize                       - Undefined Weak Reference
    __arm_preinit_                            - Undefined Weak Reference
    __cpp_initialize__aeabi_                  - Undefined Weak Reference
    __cxa_finalize                            - Undefined Weak Reference
    __rt_locale                               - Undefined Weak Reference
    __sigvec_lookup                           - Undefined Weak Reference
    _atexit_init                              - Undefined Weak Reference
    _call_atexit_fns                          - Undefined Weak Reference
    _clock_init                               - Undefined Weak Reference
    _fp_trap_init                             - Undefined Weak Reference
    _fp_trap_shutdown                         - Undefined Weak Reference
    _get_lc_collate                           - Undefined Weak Reference
    _get_lc_ctype                             - Undefined Weak Reference
    _get_lc_monetary                          - Undefined Weak Reference
    _get_lc_numeric                           - Undefined Weak Reference
    _get_lc_time                              - Undefined Weak Reference
    _getenv_init                              - Undefined Weak Reference
    _handle_redirection                       - Undefined Weak Reference
    _init_alloc                               - Undefined Weak Reference
    _init_user_alloc                          - Undefined Weak Reference
    _initio                                   - Undefined Weak Reference
    _mutex_acquire                            - Undefined Weak Reference
    _mutex_release                            - Undefined Weak Reference
    _printf_post_padding                      - Undefined Weak Reference
    _printf_pre_padding                       - Undefined Weak Reference
    _printf_truncate_signed                   - Undefined Weak Reference
    _printf_truncate_unsigned                 - Undefined Weak Reference
    _signal_finish                            - Undefined Weak Reference
    _signal_init                              - Undefined Weak Reference
    _terminate_alloc                          - Undefined Weak Reference
    _terminate_user_alloc                     - Undefined Weak Reference
    _terminateio                              - Undefined Weak Reference
    __Vectors_Size                           0x000000ec   Number         0  startup_stm32f10x_md.o ABSOLUTE
    __Vectors                                0x08000000   Data           4  startup_stm32f10x_md.o(RESET)
    __Vectors_End                            0x080000ec   Data           0  startup_stm32f10x_md.o(RESET)
    __main                                   0x080000ed   Thumb Code     8  __main.o(!!!main)
    __scatterload                            0x080000f5   Thumb Code     0  __scatter.o(!!!scatter)
    __scatterload_rt2                        0x080000f5   Thumb Code    44  __scatter.o(!!!scatter)
    __scatterload_rt2_thumb_only             0x080000f5   Thumb Code     0  __scatter.o(!!!scatter)
    __scatterload_null                       0x08000103   Thumb Code     0  __scatter.o(!!!scatter)
    __scatterload_copy                       0x08000129   Thumb Code    26  __scatter_copy.o(!!handler_copy)
    __scatterload_zeroinit                   0x08000145   Thumb Code    28  __scatter_zi.o(!!handler_zi)
    _printf_d                                0x08000161   Thumb Code     0  _printf_d.o(.ARM.Collect$$_printf_percent$$00000009)
    _printf_percent                          0x08000161   Thumb Code     0  _printf_percent.o(.ARM.Collect$$_printf_percent$$00000000)
    _printf_percent_end                      0x08000167   Thumb Code     0  _printf_percent_end.o(.ARM.Collect$$_printf_percent$$00000017)
    __rt_lib_init                            0x0800016b   Thumb Code     0  libinit.o(.ARM.Collect$$libinit$$00000000)
    __rt_lib_init_fp_1                       0x0800016d   Thumb Code     0  libinit2.o(.ARM.Collect$$libinit$$00000002)
    __rt_lib_init_heap_1                     0x0800016d   Thumb Code     0  libinit2.o(.ARM.Collect$$libinit$$0000000A)
    __rt_lib_init_preinit_1                  0x0800016d   Thumb Code     0  libinit2.o(.ARM.Collect$$libinit$$00000004)
    __rt_lib_init_rand_2                     0x0800016d   Thumb Code     0  libinit2.o(.ARM.Collect$$libinit$$0000000D)
    __rt_lib_init_user_alloc_1               0x0800016d   Thumb Code     0  libinit2.o(.ARM.Collect$$libinit$$0000000C)
    __rt_lib_init_alloca_1                   0x08000171   Thumb Code     0  libinit2.o(.ARM.Collect$$libinit$$0000002E)
    __rt_lib_init_argv_1                     0x08000171   Thumb Code     0  libinit2.o(.ARM.Collect$$libinit$$0000002C)
    __rt_lib_init_atexit_1                   0x08000171   Thumb Code     0  libinit2.o(.ARM.Collect$$libinit$$0000001B)
    __rt_lib_init_clock_1                    0x08000171   Thumb Code     0  libinit2.o(.ARM.Collect$$libinit$$00000021)
    __rt_lib_init_cpp_1                      0x08000171   Thumb Code     0  libinit2.o(.ARM.Collect$$libinit$$00000032)
    __rt_lib_init_exceptions_1               0x08000171   Thumb Code     0  libinit2.o(.ARM.Collect$$libinit$$00000030)
    __rt_lib_init_fp_trap_1                  0x08000171   Thumb Code     0  libinit2.o(.ARM.Collect$$libinit$$0000001F)
    __rt_lib_init_getenv_1                   0x08000171   Thumb Code     0  libinit2.o(.ARM.Collect$$libinit$$00000023)
    __rt_lib_init_lc_collate_1               0x08000171   Thumb Code     0  libinit2.o(.ARM.Collect$$libinit$$00000011)
    __rt_lib_init_lc_ctype_1                 0x08000171   Thumb Code     0  libinit2.o(.ARM.Collect$$libinit$$00000013)
    __rt_lib_init_lc_monetary_1              0x08000171   Thumb Code     0  libinit2.o(.ARM.Collect$$libinit$$00000015)
    __rt_lib_init_lc_numeric_1               0x08000171   Thumb Code     0  libinit2.o(.ARM.Collect$$libinit$$00000017)
    __rt_lib_init_lc_time_1                  0x08000171   Thumb Code     0  libinit2.o(.ARM.Collect$$libinit$$00000019)
    __rt_lib_init_rand_1                     0x08000171   Thumb Code     0  libinit2.o(.ARM.Collect$$libinit$$0000000E)
    __rt_lib_init_return                     0x08000171   Thumb Code     0  libinit2.o(.ARM.Collect$$libinit$$00000033)
    __rt_lib_init_signal_1                   0x08000171   Thumb Code     0  libinit2.o(.ARM.Collect$$libinit$$0000001D)
    __rt_lib_init_stdio_1                    0x08000171   Thumb Code     0  libinit2.o(.ARM.Collect$$libinit$$00000025)
    __rt_lib_shutdown                        0x08000173   Thumb Code     0  libshutdown.o(.ARM.Collect$$libshutdown$$00000000)
    __rt_lib_shutdown_fp_trap_1              0x08000175   Thumb Code     0  libshutdown2.o(.ARM.Collect$$libshutdown$$00000006)
    __rt_lib_shutdown_heap_1                 0x08000175   Thumb Code     0  libshutdown2.o(.ARM.Collect$$libshutdown$$0000000E)
    __rt_lib_shutdown_return                 0x08000175   Thumb Code     0  libshutdown2.o(.ARM.Collect$$libshutdown$$0000000F)
    __rt_lib_shutdown_signal_1               0x08000175   Thumb Code     0  libshutdown2.o(.ARM.Collect$$libshutdown$$00000009)
    __rt_lib_shutdown_stdio_1                0x08000175   Thumb Code     0  libshutdown2.o(.ARM.Collect$$libshutdown$$00000003)
    __rt_lib_shutdown_user_alloc_1           0x08000175   Thumb Code     0  libshutdown2.o(.ARM.Collect$$libshutdown$$0000000B)
    __rt_entry                               0x08000177   Thumb Code     0  __rtentry.o(.ARM.Collect$$rtentry$$00000000)
    __rt_entry_presh_1                       0x08000177   Thumb Code     0  __rtentry2.o(.ARM.Collect$$rtentry$$00000002)
    __rt_entry_sh                            0x08000177   Thumb Code     0  __rtentry4.o(.ARM.Collect$$rtentry$$00000004)
    __rt_entry_li                            0x0800017d   Thumb Code     0  __rtentry2.o(.ARM.Collect$$rtentry$$0000000A)
    __rt_entry_postsh_1                      0x0800017d   Thumb Code     0  __rtentry2.o(.ARM.Collect$$rtentry$$00000009)
    __rt_entry_main                          0x08000181   Thumb Code     0  __rtentry2.o(.ARM.Collect$$rtentry$$0000000D)
    __rt_entry_postli_1                      0x08000181   Thumb Code     0  __rtentry2.o(.ARM.Collect$$rtentry$$0000000C)
    __rt_exit                                0x08000189   Thumb Code     0  rtexit.o(.ARM.Collect$$rtexit$$00000000)
    __rt_exit_ls                             0x0800018b   Thumb Code     0  rtexit2.o(.ARM.Collect$$rtexit$$00000003)
    __rt_exit_prels_1                        0x0800018b   Thumb Code     0  rtexit2.o(.ARM.Collect$$rtexit$$00000002)
    __rt_exit_exit                           0x0800018f   Thumb Code     0  rtexit2.o(.ARM.Collect$$rtexit$$00000004)
    rand                                     0x08000195   Thumb Code    48  rand.o(.emb_text)
    Reset_Handler                            0x080001c9   Thumb Code     8  startup_stm32f10x_md.o(.text)
    ADC1_2_IRQHandler                        0x080001e3   Thumb Code     0  startup_stm32f10x_md.o(.text)
    CAN1_RX1_IRQHandler                      0x080001e3   Thumb Code     0  startup_stm32f10x_md.o(.text)
    CAN1_SCE_IRQHandler                      0x080001e3   Thumb Code     0  startup_stm32f10x_md.o(.text)
    DMA1_Channel1_IRQHandler                 0x080001e3   Thumb Code     0  startup_stm32f10x_md.o(.text)
    DMA1_Channel2_IRQHandler                 0x080001e3   Thumb Code     0  startup_stm32f10x_md.o(.text)
    DMA1_Channel3_IRQHandler                 0x080001e3   Thumb Code     0  startup_stm32f10x_md.o(.text)
    DMA1_Channel4_IRQHandler                 0x080001e3   Thumb Code     0  startup_stm32f10x_md.o(.text)
    DMA1_Channel5_IRQHandler                 0x080001e3   Thumb Code     0  startup_stm32f10x_md.o(.text)
    DMA1_Channel6_IRQHandler                 0x080001e3   Thumb Code     0  startup_stm32f10x_md.o(.text)
    DMA1_Channel7_IRQHandler                 0x080001e3   Thumb Code     0  startup_stm32f10x_md.o(.text)
    EXTI15_10_IRQHandler                     0x080001e3   Thumb Code     0  startup_stm32f10x_md.o(.text)
    EXTI1_IRQHandler                         0x080001e3   Thumb Code     0  startup_stm32f10x_md.o(.text)
    EXTI2_IRQHandler                         0x080001e3   Thumb Code     0  startup_stm32f10x_md.o(.text)
    EXTI9_5_IRQHandler                       0x080001e3   Thumb Code     0  startup_stm32f10x_md.o(.text)
    FLASH_IRQHandler                         0x080001e3   Thumb Code     0  startup_stm32f10x_md.o(.text)
    I2C1_ER_IRQHandler                       0x080001e3   Thumb Code     0  startup_stm32f10x_md.o(.text)
    I2C1_EV_IRQHandler                       0x080001e3   Thumb Code     0  startup_stm32f10x_md.o(.text)
    I2C2_ER_IRQHandler                       0x080001e3   Thumb Code     0  startup_stm32f10x_md.o(.text)
    I2C2_EV_IRQHandler                       0x080001e3   Thumb Code     0  startup_stm32f10x_md.o(.text)
    PVD_IRQHandler                           0x080001e3   Thumb Code     0  startup_stm32f10x_md.o(.text)
    RCC_IRQHandler                           0x080001e3   Thumb Code     0  startup_stm32f10x_md.o(.text)
    RTCAlarm_IRQHandler                      0x080001e3   Thumb Code     0  startup_stm32f10x_md.o(.text)
    SPI1_IRQHandler                          0x080001e3   Thumb Code     0  startup_stm32f10x_md.o(.text)
    SPI2_IRQHandler                          0x080001e3   Thumb Code     0  startup_stm32f10x_md.o(.text)
    TAMPER_IRQHandler                        0x080001e3   Thumb Code     0  startup_stm32f10x_md.o(.text)
    TIM1_BRK_IRQHandler                      0x080001e3   Thumb Code     0  startup_stm32f10x_md.o(.text)
    TIM1_CC_IRQHandler                       0x080001e3   Thumb Code     0  startup_stm32f10x_md.o(.text)
    TIM1_TRG_COM_IRQHandler                  0x080001e3   Thumb Code     0  startup_stm32f10x_md.o(.text)
    TIM1_UP_IRQHandler                       0x080001e3   Thumb Code     0  startup_stm32f10x_md.o(.text)
    TIM2_IRQHandler                          0x080001e3   Thumb Code     0  startup_stm32f10x_md.o(.text)
    USART2_IRQHandler                        0x080001e3   Thumb Code     0  startup_stm32f10x_md.o(.text)
    USART3_IRQHandler                        0x080001e3   Thumb Code     0  startup_stm32f10x_md.o(.text)
    USBWakeUp_IRQHandler                     0x080001e3   Thumb Code     0  startup_stm32f10x_md.o(.text)
    USB_HP_CAN1_TX_IRQHandler                0x080001e3   Thumb Code     0  startup_stm32f10x_md.o(.text)
    USB_LP_CAN1_RX0_IRQHandler               0x080001e3   Thumb Code     0  startup_stm32f10x_md.o(.text)
    WWDG_IRQHandler                          0x080001e3   Thumb Code     0  startup_stm32f10x_md.o(.text)
    __user_initial_stackheap                 0x080001e5   Thumb Code     0  startup_stm32f10x_md.o(.text)
    __use_no_semihosting                     0x08000209   Thumb Code     2  use_no_semi_2.o(.text)
    __2printf                                0x0800020d   Thumb Code    20  noretval__2printf.o(.text)
    __printf                                 0x08000225   Thumb Code   104  __printf.o(.text)
    _printf_int_dec                          0x0800028d   Thumb Code   104  _printf_dec.o(.text)
    srand                                    0x08000305   Thumb Code    42  rand.o(.text)
    _rand_init                               0x0800032f   Thumb Code     4  rand.o(.text)
    __use_two_region_memory                  0x08000341   Thumb Code     2  heapauxi.o(.text)
    __rt_heap_escrow$2region                 0x08000343   Thumb Code     2  heapauxi.o(.text)
    __rt_heap_expand$2region                 0x08000345   Thumb Code     2  heapauxi.o(.text)
    __I$use$semihosting                      0x08000347   Thumb Code     0  use_no_semi.o(.text)
    __use_no_semihosting_swi                 0x08000347   Thumb Code     2  use_no_semi.o(.text)
    _printf_int_common                       0x08000349   Thumb Code   178  _printf_intcommon.o(.text)
    _printf_char_file                        0x080003fd   Thumb Code    32  _printf_char_file.o(.text)
    _printf_char_common                      0x0800042b   Thumb Code    32  _printf_char_common.o(.text)
    ferror                                   0x08000451   Thumb Code     8  ferror.o(.text)
    __user_setup_stackheap                   0x08000459   Thumb Code    74  sys_stackheap_outer.o(.text)
    exit                                     0x080004a3   Thumb Code    12  exit.o(.text)
    __user_libspace                          0x080004b1   Thumb Code     8  libspace.o(.text)
    __user_perproc_libspace                  0x080004b1   Thumb Code     0  libspace.o(.text)
    __user_perthread_libspace                0x080004b1   Thumb Code     0  libspace.o(.text)
    ADC_ClearFlag                            0x080004b9   Thumb Code     6  stm32f10x_adc.o(i.ADC_ClearFlag)
    ADC_Cmd                                  0x080004bf   Thumb Code    22  stm32f10x_adc.o(i.ADC_Cmd)
    ADC_DeInit                               0x080004d5   Thumb Code    78  stm32f10x_adc.o(i.ADC_DeInit)
    ADC_GetCalibrationStatus                 0x08000531   Thumb Code    20  stm32f10x_adc.o(i.ADC_GetCalibrationStatus)
    ADC_GetConversionValue                   0x08000545   Thumb Code     8  stm32f10x_adc.o(i.ADC_GetConversionValue)
    ADC_GetFlagStatus                        0x0800054d   Thumb Code    18  stm32f10x_adc.o(i.ADC_GetFlagStatus)
    ADC_GetResetCalibrationStatus            0x0800055f   Thumb Code    20  stm32f10x_adc.o(i.ADC_GetResetCalibrationStatus)
    ADC_Init                                 0x08000575   Thumb Code    70  stm32f10x_adc.o(i.ADC_Init)
    ADC_RegularChannelConfig                 0x080005c5   Thumb Code   184  stm32f10x_adc.o(i.ADC_RegularChannelConfig)
    ADC_ResetCalibration                     0x0800067d   Thumb Code    10  stm32f10x_adc.o(i.ADC_ResetCalibration)
    ADC_SoftwareStartConvCmd                 0x08000687   Thumb Code    22  stm32f10x_adc.o(i.ADC_SoftwareStartConvCmd)
    ADC_StartCalibration                     0x0800069d   Thumb Code    10  stm32f10x_adc.o(i.ADC_StartCalibration)
    BKP_DeInit                               0x080006a7   Thumb Code    16  stm32f10x_bkp.o(i.BKP_DeInit)
    BKP_ReadBackupRegister                   0x080006b9   Thumb Code    24  stm32f10x_bkp.o(i.BKP_ReadBackupRegister)
    BKP_WriteBackupRegister                  0x080006d5   Thumb Code    22  stm32f10x_bkp.o(i.BKP_WriteBackupRegister)
    BPC_Decode                               0x080006f1   Thumb Code    70  bpcdecode.o(i.BPC_Decode)
    BPC_Decode_RE                            0x0800075d   Thumb Code    48  bpcdecode.o(i.BPC_Decode_RE)
    BPC_STOP                                 0x080007ad   Thumb Code    50  display.o(i.BPC_STOP)
    BusFault_Handler                         0x080007ed   Thumb Code     4  stm32f10x_it.o(i.BusFault_Handler)
    Calibration_12_5ms                       0x080007f1   Thumb Code    40  bpcdecode.o(i.Calibration_12_5ms)
    Clock_STOP                               0x08000821   Thumb Code    52  display.o(i.Clock_STOP)
    Close                                    0x08000861   Thumb Code    30  display.o(i.Close)
    DebugMon_Handler                         0x08000889   Thumb Code     2  stm32f10x_it.o(i.DebugMon_Handler)
    Display_C                                0x0800088d   Thumb Code   108  display.o(i.Display_C)
    Display_CAL                              0x08000905   Thumb Code   236  display.o(i.Display_CAL)
    Display_Init                             0x08000a09   Thumb Code    60  display.o(i.Display_Init)
    DokiDoki_BPC                             0x08000a4d   Thumb Code    30  clock.o(i.DokiDoki_BPC)
    DokiDoki_RTC                             0x08000a71   Thumb Code    88  clock.o(i.DokiDoki_RTC)
    EXTI0_IRQHandler                         0x08000ae5   Thumb Code    54  exti.o(i.EXTI0_IRQHandler)
    EXTI3_IRQHandler                         0x08000b21   Thumb Code    40  exti.o(i.EXTI3_IRQHandler)
    EXTI4_IRQHandler                         0x08000b51   Thumb Code    48  exti.o(i.EXTI4_IRQHandler)
    EXTIX_Init                               0x08000b85   Thumb Code   180  exti.o(i.EXTIX_Init)
    EXTI_ClearITPendingBit                   0x08000c39   Thumb Code     6  stm32f10x_exti.o(i.EXTI_ClearITPendingBit)
    EXTI_Init                                0x08000c45   Thumb Code   142  stm32f10x_exti.o(i.EXTI_Init)
    Find_Head_100us                          0x08000cd9   Thumb Code    30  bpcdecode.o(i.Find_Head_100us)
    GPIO_EXTILineConfig                      0x08000cfd   Thumb Code    60  stm32f10x_gpio.o(i.GPIO_EXTILineConfig)
    GPIO_Init                                0x08000d3d   Thumb Code   278  stm32f10x_gpio.o(i.GPIO_Init)
    GPIO_PinRemapConfig                      0x08000e55   Thumb Code   138  stm32f10x_gpio.o(i.GPIO_PinRemapConfig)
    GPIO_ReadInputDataBit                    0x08000ee5   Thumb Code    18  stm32f10x_gpio.o(i.GPIO_ReadInputDataBit)
    HardFault_Handler                        0x08000ef7   Thumb Code     4  stm32f10x_it.o(i.HardFault_Handler)
    Head_6_25ms                              0x08000efd   Thumb Code    34  bpcdecode.o(i.Head_6_25ms)
    IO_Init                                  0x08000f25   Thumb Code   156  bpcdecode.o(i.IO_Init)
    Is_Leap_Year                             0x08000fc9   Thumb Code    58  rtc.o(i.Is_Leap_Year)
    KEY_Init                                 0x08001005   Thumb Code    68  key.o(i.KEY_Init)
    MemManage_Handler                        0x0800104d   Thumb Code     4  stm32f10x_it.o(i.MemManage_Handler)
    NMI_Handler                              0x08001051   Thumb Code     2  stm32f10x_it.o(i.NMI_Handler)
    NVIC_Init                                0x08001055   Thumb Code   100  misc.o(i.NVIC_Init)
    NVIC_PriorityGroupConfig                 0x080010c5   Thumb Code    10  misc.o(i.NVIC_PriorityGroupConfig)
    PWR_BackupAccessCmd                      0x080010d9   Thumb Code     6  stm32f10x_pwr.o(i.PWR_BackupAccessCmd)
    PendSV_Handler                           0x080010e5   Thumb Code     2  stm32f10x_it.o(i.PendSV_Handler)
    RCC_ADCCLKConfig                         0x080010e9   Thumb Code    18  stm32f10x_rcc.o(i.RCC_ADCCLKConfig)
    RCC_APB1PeriphClockCmd                   0x08001101   Thumb Code    26  stm32f10x_rcc.o(i.RCC_APB1PeriphClockCmd)
    RCC_APB2PeriphClockCmd                   0x08001121   Thumb Code    26  stm32f10x_rcc.o(i.RCC_APB2PeriphClockCmd)
    RCC_APB2PeriphResetCmd                   0x08001141   Thumb Code    26  stm32f10x_rcc.o(i.RCC_APB2PeriphResetCmd)
    RCC_BackupResetCmd                       0x08001161   Thumb Code     6  stm32f10x_rcc.o(i.RCC_BackupResetCmd)
    RCC_GetFlagStatus                        0x0800116d   Thumb Code    56  stm32f10x_rcc.o(i.RCC_GetFlagStatus)
    RCC_LSEConfig                            0x080011a9   Thumb Code    46  stm32f10x_rcc.o(i.RCC_LSEConfig)
    RCC_RTCCLKCmd                            0x080011dd   Thumb Code     6  stm32f10x_rcc.o(i.RCC_RTCCLKCmd)
    RCC_RTCCLKConfig                         0x080011e9   Thumb Code    12  stm32f10x_rcc.o(i.RCC_RTCCLKConfig)
    RNG_Get_RandomNum                        0x080011f9   Thumb Code    86  rng.o(i.RNG_Get_RandomNum)
    RNG_Get_RandomRange                      0x08001255   Thumb Code    48  rng.o(i.RNG_Get_RandomRange)
    RNG_Init                                 0x08001285   Thumb Code   134  rng.o(i.RNG_Init)
    RTC_ClearITPendingBit                    0x08001315   Thumb Code    12  stm32f10x_rtc.o(i.RTC_ClearITPendingBit)
    RTC_EnterConfigMode                      0x08001325   Thumb Code    14  stm32f10x_rtc.o(i.RTC_EnterConfigMode)
    RTC_ExitConfigMode                       0x08001339   Thumb Code    16  stm32f10x_rtc.o(i.RTC_ExitConfigMode)
    RTC_Get                                  0x0800134d   Thumb Code   240  rtc.o(i.RTC_Get)
    RTC_GetCounter                           0x0800144d   Thumb Code    16  stm32f10x_rtc.o(i.RTC_GetCounter)
    RTC_GetITStatus                          0x08001461   Thumb Code    32  stm32f10x_rtc.o(i.RTC_GetITStatus)
    RTC_Get_Week                             0x08001485   Thumb Code   116  rtc.o(i.RTC_Get_Week)
    RTC_IRQHandler                           0x080014fd   Thumb Code    76  rtc.o(i.RTC_IRQHandler)
    RTC_Init                                 0x0800156d   Thumb Code   172  rtc.o(i.RTC_Init)
    RTC_Set                                  0x08001631   Thumb Code   184  rtc.o(i.RTC_Set)
    RTC_SetCounter                           0x080016f9   Thumb Code    24  stm32f10x_rtc.o(i.RTC_SetCounter)
    RTC_SetPrescaler                         0x08001715   Thumb Code    26  stm32f10x_rtc.o(i.RTC_SetPrescaler)
    RTC_WaitForLastTask                      0x08001735   Thumb Code    16  stm32f10x_rtc.o(i.RTC_WaitForLastTask)
    RTC_WaitForSynchro                       0x08001749   Thumb Code    30  stm32f10x_rtc.o(i.RTC_WaitForSynchro)
    SVC_Handler                              0x0800176d   Thumb Code     2  stm32f10x_it.o(i.SVC_Handler)
    ShowNixie                                0x08001859   Thumb Code   152  display.o(i.ShowNixie)
    Show_STOP                                0x080018fd   Thumb Code    28  display.o(i.Show_STOP)
    SysTick_CLKSourceConfig                  0x08001921   Thumb Code    40  misc.o(i.SysTick_CLKSourceConfig)
    SysTick_Handler                          0x08001949   Thumb Code     2  stm32f10x_it.o(i.SysTick_Handler)
    SystemInit                               0x0800194d   Thumb Code    78  system_stm32f10x.o(i.SystemInit)
    TIM3_IRQHandler                          0x080019ad   Thumb Code  1888  bpcdecode.o(i.TIM3_IRQHandler)
    TIM3_Int_Init                            0x08002175   Thumb Code    90  bpcdecode.o(i.TIM3_Int_Init)
    TIM4_IRQHandler                          0x080021d5   Thumb Code   310  clock.o(i.TIM4_IRQHandler)
    TIM4_Int_Init                            0x08002335   Thumb Code    90  clock.o(i.TIM4_Int_Init)
    TIM_ClearITPendingBit                    0x08002395   Thumb Code     6  stm32f10x_tim.o(i.TIM_ClearITPendingBit)
    TIM_Cmd                                  0x0800239b   Thumb Code    24  stm32f10x_tim.o(i.TIM_Cmd)
    TIM_GetITStatus                          0x080023b3   Thumb Code    34  stm32f10x_tim.o(i.TIM_GetITStatus)
    TIM_ITConfig                             0x080023d5   Thumb Code    18  stm32f10x_tim.o(i.TIM_ITConfig)
    TIM_TimeBaseInit                         0x080023e9   Thumb Code   122  stm32f10x_tim.o(i.TIM_TimeBaseInit)
    USART1_IRQHandler                        0x0800248d   Thumb Code   122  usart.o(i.USART1_IRQHandler)
    USART_GetITStatus                        0x08002515   Thumb Code    84  stm32f10x_usart.o(i.USART_GetITStatus)
    USART_ReceiveData                        0x08002569   Thumb Code    10  stm32f10x_usart.o(i.USART_ReceiveData)
    UsageFault_Handler                       0x08002573   Thumb Code     4  stm32f10x_it.o(i.UsageFault_Handler)
    _sys_exit                                0x08002577   Thumb Code     6  usart.o(i._sys_exit)
    delay_init                               0x0800257d   Thumb Code    50  delay.o(i.delay_init)
    delay_ms                                 0x080025c1   Thumb Code    72  delay.o(i.delay_ms)
    delay_us                                 0x0800260d   Thumb Code    72  delay.o(i.delay_us)
    fputc                                    0x08002659   Thumb Code    24  usart.o(i.fputc)
    main                                     0x08002675   Thumb Code   122  main.o(i.main)
    show6num                                 0x08002705   Thumb Code   364  display.o(i.show6num)
    table_week                               0x0800287c   Data          12  rtc.o(.constdata)
    mon_table                                0x08002888   Data          12  rtc.o(.constdata)
    Region$$Table$$Base                      0x08002894   Number         0  anon$$obj.o(Region$$Table)
    Region$$Table$$Limit                     0x080028b4   Number         0  anon$$obj.o(Region$$Table)
    SystemCoreClock                          0x20000000   Data           4  system_stm32f10x.o(.data)
    AHBPrescTable                            0x20000004   Data          16  system_stm32f10x.o(.data)
    Decode_count                             0x20000014   Data           2  bpcdecode.o(.data)
    Decode_pre_count                         0x20000016   Data           2  bpcdecode.o(.data)
    Decode_start                             0x20000018   Data           1  bpcdecode.o(.data)
    Decode_RE                                0x20000019   Data           1  bpcdecode.o(.data)
    Decode_OK                                0x2000001a   Data           1  bpcdecode.o(.data)
    Decode_RE_Find                           0x2000001b   Data           1  bpcdecode.o(.data)
    Check_table                              0x2000001c   Data           4  bpcdecode.o(.data)
    OE_CheckT                                0x20000020   Data           1  bpcdecode.o(.data)
    OE_CheckB                                0x20000021   Data           1  bpcdecode.o(.data)
    OE_Check                                 0x20000022   Data           1  bpcdecode.o(.data)
    PP1                                      0x20000023   Data           1  bpcdecode.o(.data)
    PP2                                      0x20000024   Data           1  bpcdecode.o(.data)
    PP3                                      0x20000025   Data           1  bpcdecode.o(.data)
    PP4                                      0x20000026   Data           1  bpcdecode.o(.data)
    Hour                                     0x20000027   Data           2  bpcdecode.o(.data)
    Min                                      0x20000029   Data           3  bpcdecode.o(.data)
    Week                                     0x2000002c   Data           2  bpcdecode.o(.data)
    Day                                      0x2000002e   Data           3  bpcdecode.o(.data)
    Month                                    0x20000031   Data           2  bpcdecode.o(.data)
    Year                                     0x20000033   Data           4  bpcdecode.o(.data)
    MON                                      0x20000037   Data           1  bpcdecode.o(.data)
    DDD                                      0x20000038   Data           1  bpcdecode.o(.data)
    HHH                                      0x20000039   Data           1  bpcdecode.o(.data)
    MMM                                      0x2000003a   Data           1  bpcdecode.o(.data)
    SSS                                      0x2000003b   Data           1  bpcdecode.o(.data)
    WWW                                      0x2000003c   Data           1  bpcdecode.o(.data)
    YYY                                      0x2000003e   Data           2  bpcdecode.o(.data)
    x                                        0x20000040   Data           4  bpcdecode.o(.data)
    y                                        0x20000044   Data           4  bpcdecode.o(.data)
    z                                        0x20000048   Data           4  bpcdecode.o(.data)
    i                                        0x2000004c   Data           4  bpcdecode.o(.data)
    j                                        0x20000050   Data           4  bpcdecode.o(.data)
    k                                        0x20000054   Data           4  bpcdecode.o(.data)
    AUTO_BPC                                 0x20000058   Data           1  bpcdecode.o(.data)
    doki_doki                                0x20000059   Data           1  clock.o(.data)
    clock_or_number                          0x2000005a   Data           1  clock.o(.data)
    nnn                                      0x2000005b   Data           6  clock.o(.data)
    D                                        0x20000064   Data          52  display.o(.data)
    iii                                      0x20000098   Data           1  display.o(.data)
    HHH_Change                               0x20000099   Data           1  display.o(.data)
    N                                        0x2000009a   Data           6  display.o(.data)
    show_flag                                0x200000a0   Data           1  display.o(.data)
    show_CAL                                 0x200000a1   Data           1  display.o(.data)
    __stdout                                 0x200000a8   Data           4  usart.o(.data)
    USART_RX_STA                             0x200000ac   Data           2  usart.o(.data)
    calendar                                 0x200000b0   Data          10  rtc.o(.bss)
    USART_RX_BUF                             0x200000ba   Data         200  usart.o(.bss)
    _random_number_data                      0x20000184   Data         228  rand.o(.bss)
    __libspace_start                         0x20000268   Data          96  libspace.o(.bss)
    __temporary_stack_top$libspace           0x200002c8   Data           0  libspace.o(.bss)



==============================================================================

Memory Map of the image

  Image Entry point : 0x080001c9

  Load Region LR_1 (Base: 0x08000000, Size: 0x00002964, Max: 0xffffffff, ABSOLUTE)

    Execution Region ER_RO (Base: 0x08000000, Size: 0x000028b4, Max: 0xffffffff, ABSOLUTE)

    Base Addr    Size         Type   Attr      Idx    E Section Name        Object

    0x08000000   0x000000ec   Data   RO          687    RESET               startup_stm32f10x_md.o
    0x080000ec   0x00000008   Code   RO         2903  * !!!main             c_w.l(__main.o)
    0x080000f4   0x00000034   Code   RO         3070    !!!scatter          c_w.l(__scatter.o)
    0x08000128   0x0000001a   Code   RO         3072    !!handler_copy      c_w.l(__scatter_copy.o)
    0x08000142   0x00000002   PAD
    0x08000144   0x0000001c   Code   RO         3074    !!handler_zi        c_w.l(__scatter_zi.o)
    0x08000160   0x00000000   Code   RO         2895    .ARM.Collect$$_printf_percent$$00000000  c_w.l(_printf_percent.o)
    0x08000160   0x00000006   Code   RO         2894    .ARM.Collect$$_printf_percent$$00000009  c_w.l(_printf_d.o)
    0x08000166   0x00000004   Code   RO         2912    .ARM.Collect$$_printf_percent$$00000017  c_w.l(_printf_percent_end.o)
    0x0800016a   0x00000002   Code   RO         2998    .ARM.Collect$$libinit$$00000000  c_w.l(libinit.o)
    0x0800016c   0x00000000   Code   RO         2914    .ARM.Collect$$libinit$$00000002  c_w.l(libinit2.o)
    0x0800016c   0x00000000   Code   RO         2916    .ARM.Collect$$libinit$$00000004  c_w.l(libinit2.o)
    0x0800016c   0x00000000   Code   RO         2919    .ARM.Collect$$libinit$$0000000A  c_w.l(libinit2.o)
    0x0800016c   0x00000000   Code   RO         2921    .ARM.Collect$$libinit$$0000000C  c_w.l(libinit2.o)
    0x0800016c   0x00000004   Code   RO         2922    .ARM.Collect$$libinit$$0000000D  c_w.l(libinit2.o)
    0x08000170   0x00000000   Code   RO         2923    .ARM.Collect$$libinit$$0000000E  c_w.l(libinit2.o)
    0x08000170   0x00000000   Code   RO         2926    .ARM.Collect$$libinit$$00000011  c_w.l(libinit2.o)
    0x08000170   0x00000000   Code   RO         2928    .ARM.Collect$$libinit$$00000013  c_w.l(libinit2.o)
    0x08000170   0x00000000   Code   RO         2930    .ARM.Collect$$libinit$$00000015  c_w.l(libinit2.o)
    0x08000170   0x00000000   Code   RO         2932    .ARM.Collect$$libinit$$00000017  c_w.l(libinit2.o)
    0x08000170   0x00000000   Code   RO         2934    .ARM.Collect$$libinit$$00000019  c_w.l(libinit2.o)
    0x08000170   0x00000000   Code   RO         2936    .ARM.Collect$$libinit$$0000001B  c_w.l(libinit2.o)
    0x08000170   0x00000000   Code   RO         2938    .ARM.Collect$$libinit$$0000001D  c_w.l(libinit2.o)
    0x08000170   0x00000000   Code   RO         2940    .ARM.Collect$$libinit$$0000001F  c_w.l(libinit2.o)
    0x08000170   0x00000000   Code   RO         2942    .ARM.Collect$$libinit$$00000021  c_w.l(libinit2.o)
    0x08000170   0x00000000   Code   RO         2944    .ARM.Collect$$libinit$$00000023  c_w.l(libinit2.o)
    0x08000170   0x00000000   Code   RO         2946    .ARM.Collect$$libinit$$00000025  c_w.l(libinit2.o)
    0x08000170   0x00000000   Code   RO         2950    .ARM.Collect$$libinit$$0000002C  c_w.l(libinit2.o)
    0x08000170   0x00000000   Code   RO         2952    .ARM.Collect$$libinit$$0000002E  c_w.l(libinit2.o)
    0x08000170   0x00000000   Code   RO         2954    .ARM.Collect$$libinit$$00000030  c_w.l(libinit2.o)
    0x08000170   0x00000000   Code   RO         2956    .ARM.Collect$$libinit$$00000032  c_w.l(libinit2.o)
    0x08000170   0x00000002   Code   RO         2957    .ARM.Collect$$libinit$$00000033  c_w.l(libinit2.o)
    0x08000172   0x00000002   Code   RO         3032    .ARM.Collect$$libshutdown$$00000000  c_w.l(libshutdown.o)
    0x08000174   0x00000000   Code   RO         3039    .ARM.Collect$$libshutdown$$00000003  c_w.l(libshutdown2.o)
    0x08000174   0x00000000   Code   RO         3042    .ARM.Collect$$libshutdown$$00000006  c_w.l(libshutdown2.o)
    0x08000174   0x00000000   Code   RO         3045    .ARM.Collect$$libshutdown$$00000009  c_w.l(libshutdown2.o)
    0x08000174   0x00000000   Code   RO         3047    .ARM.Collect$$libshutdown$$0000000B  c_w.l(libshutdown2.o)
    0x08000174   0x00000000   Code   RO         3050    .ARM.Collect$$libshutdown$$0000000E  c_w.l(libshutdown2.o)
    0x08000174   0x00000002   Code   RO         3051    .ARM.Collect$$libshutdown$$0000000F  c_w.l(libshutdown2.o)
    0x08000176   0x00000000   Code   RO         2907    .ARM.Collect$$rtentry$$00000000  c_w.l(__rtentry.o)
    0x08000176   0x00000000   Code   RO         2959    .ARM.Collect$$rtentry$$00000002  c_w.l(__rtentry2.o)
    0x08000176   0x00000006   Code   RO         2971    .ARM.Collect$$rtentry$$00000004  c_w.l(__rtentry4.o)
    0x0800017c   0x00000000   Code   RO         2961    .ARM.Collect$$rtentry$$00000009  c_w.l(__rtentry2.o)
    0x0800017c   0x00000004   Code   RO         2962    .ARM.Collect$$rtentry$$0000000A  c_w.l(__rtentry2.o)
    0x08000180   0x00000000   Code   RO         2964    .ARM.Collect$$rtentry$$0000000C  c_w.l(__rtentry2.o)
    0x08000180   0x00000008   Code   RO         2965    .ARM.Collect$$rtentry$$0000000D  c_w.l(__rtentry2.o)
    0x08000188   0x00000002   Code   RO         3004    .ARM.Collect$$rtexit$$00000000  c_w.l(rtexit.o)
    0x0800018a   0x00000000   Code   RO         3014    .ARM.Collect$$rtexit$$00000002  c_w.l(rtexit2.o)
    0x0800018a   0x00000004   Code   RO         3015    .ARM.Collect$$rtexit$$00000003  c_w.l(rtexit2.o)
    0x0800018e   0x00000006   Code   RO         3016    .ARM.Collect$$rtexit$$00000004  c_w.l(rtexit2.o)
    0x08000194   0x00000034   Code   RO         2896    .emb_text           c_w.l(rand.o)
    0x080001c8   0x00000040   Code   RO          688  * .text               startup_stm32f10x_md.o
    0x08000208   0x00000002   Code   RO         2864    .text               c_w.l(use_no_semi_2.o)
    0x0800020a   0x00000002   PAD
    0x0800020c   0x00000018   Code   RO         2868    .text               c_w.l(noretval__2printf.o)
    0x08000224   0x00000068   Code   RO         2870    .text               c_w.l(__printf.o)
    0x0800028c   0x00000078   Code   RO         2872    .text               c_w.l(_printf_dec.o)
    0x08000304   0x0000003c   Code   RO         2897    .text               c_w.l(rand.o)
    0x08000340   0x00000006   Code   RO         2901    .text               c_w.l(heapauxi.o)
    0x08000346   0x00000002   Code   RO         2905    .text               c_w.l(use_no_semi.o)
    0x08000348   0x000000b2   Code   RO         2908    .text               c_w.l(_printf_intcommon.o)
    0x080003fa   0x00000002   PAD
    0x080003fc   0x00000024   Code   RO         2910    .text               c_w.l(_printf_char_file.o)
    0x08000420   0x00000030   Code   RO         2973    .text               c_w.l(_printf_char_common.o)
    0x08000450   0x00000008   Code   RO         2975    .text               c_w.l(ferror.o)
    0x08000458   0x0000004a   Code   RO         2983    .text               c_w.l(sys_stackheap_outer.o)
    0x080004a2   0x0000000c   Code   RO         2987    .text               c_w.l(exit.o)
    0x080004ae   0x00000002   PAD
    0x080004b0   0x00000008   Code   RO         3001    .text               c_w.l(libspace.o)
    0x080004b8   0x00000006   Code   RO          732    i.ADC_ClearFlag     stm32f10x_adc.o
    0x080004be   0x00000016   Code   RO          734    i.ADC_Cmd           stm32f10x_adc.o
    0x080004d4   0x0000005c   Code   RO          736    i.ADC_DeInit        stm32f10x_adc.o
    0x08000530   0x00000014   Code   RO          742    i.ADC_GetCalibrationStatus  stm32f10x_adc.o
    0x08000544   0x00000008   Code   RO          743    i.ADC_GetConversionValue  stm32f10x_adc.o
    0x0800054c   0x00000012   Code   RO          745    i.ADC_GetFlagStatus  stm32f10x_adc.o
    0x0800055e   0x00000014   Code   RO          748    i.ADC_GetResetCalibrationStatus  stm32f10x_adc.o
    0x08000572   0x00000002   PAD
    0x08000574   0x00000050   Code   RO          752    i.ADC_Init          stm32f10x_adc.o
    0x080005c4   0x000000b8   Code   RO          756    i.ADC_RegularChannelConfig  stm32f10x_adc.o
    0x0800067c   0x0000000a   Code   RO          757    i.ADC_ResetCalibration  stm32f10x_adc.o
    0x08000686   0x00000016   Code   RO          759    i.ADC_SoftwareStartConvCmd  stm32f10x_adc.o
    0x0800069c   0x0000000a   Code   RO          761    i.ADC_StartCalibration  stm32f10x_adc.o
    0x080006a6   0x00000010   Code   RO          952    i.BKP_DeInit        stm32f10x_bkp.o
    0x080006b6   0x00000002   PAD
    0x080006b8   0x0000001c   Code   RO          957    i.BKP_ReadBackupRegister  stm32f10x_bkp.o
    0x080006d4   0x0000001c   Code   RO          961    i.BKP_WriteBackupRegister  stm32f10x_bkp.o
    0x080006f0   0x0000006c   Code   RO          228    i.BPC_Decode        bpcdecode.o
    0x0800075c   0x00000050   Code   RO          229    i.BPC_Decode_RE     bpcdecode.o
    0x080007ac   0x00000040   Code   RO          358    i.BPC_STOP          display.o
    0x080007ec   0x00000004   Code   RO          131    i.BusFault_Handler  stm32f10x_it.o
    0x080007f0   0x00000030   Code   RO          230    i.Calibration_12_5ms  bpcdecode.o
    0x08000820   0x00000040   Code   RO          359    i.Clock_STOP        display.o
    0x08000860   0x00000028   Code   RO          360    i.Close             display.o
    0x08000888   0x00000002   Code   RO          132    i.DebugMon_Handler  stm32f10x_it.o
    0x0800088a   0x00000002   PAD
    0x0800088c   0x00000078   Code   RO          361    i.Display_C         display.o
    0x08000904   0x00000104   Code   RO          362    i.Display_CAL       display.o
    0x08000a08   0x00000044   Code   RO          363    i.Display_Init      display.o
    0x08000a4c   0x00000024   Code   RO          317    i.DokiDoki_BPC      clock.o
    0x08000a70   0x00000074   Code   RO          318    i.DokiDoki_RTC      clock.o
    0x08000ae4   0x0000003c   Code   RO          430    i.EXTI0_IRQHandler  exti.o
    0x08000b20   0x00000030   Code   RO          431    i.EXTI3_IRQHandler  exti.o
    0x08000b50   0x00000034   Code   RO          432    i.EXTI4_IRQHandler  exti.o
    0x08000b84   0x000000b4   Code   RO          433    i.EXTIX_Init        exti.o
    0x08000c38   0x0000000c   Code   RO         1143    i.EXTI_ClearITPendingBit  stm32f10x_exti.o
    0x08000c44   0x00000094   Code   RO         1148    i.EXTI_Init         stm32f10x_exti.o
    0x08000cd8   0x00000024   Code   RO          231    i.Find_Head_100us   bpcdecode.o
    0x08000cfc   0x00000040   Code   RO         1373    i.GPIO_EXTILineConfig  stm32f10x_gpio.o
    0x08000d3c   0x00000116   Code   RO         1376    i.GPIO_Init         stm32f10x_gpio.o
    0x08000e52   0x00000002   PAD
    0x08000e54   0x00000090   Code   RO         1378    i.GPIO_PinRemapConfig  stm32f10x_gpio.o
    0x08000ee4   0x00000012   Code   RO         1380    i.GPIO_ReadInputDataBit  stm32f10x_gpio.o
    0x08000ef6   0x00000004   Code   RO          133    i.HardFault_Handler  stm32f10x_it.o
    0x08000efa   0x00000002   PAD
    0x08000efc   0x00000028   Code   RO          232    i.Head_6_25ms       bpcdecode.o
    0x08000f24   0x000000a4   Code   RO          233    i.IO_Init           bpcdecode.o
    0x08000fc8   0x0000003a   Code   RO          514    i.Is_Leap_Year      rtc.o
    0x08001002   0x00000002   PAD
    0x08001004   0x00000048   Code   RO          495    i.KEY_Init          key.o
    0x0800104c   0x00000004   Code   RO          134    i.MemManage_Handler  stm32f10x_it.o
    0x08001050   0x00000002   Code   RO          135    i.NMI_Handler       stm32f10x_it.o
    0x08001052   0x00000002   PAD
    0x08001054   0x00000070   Code   RO          692    i.NVIC_Init         misc.o
    0x080010c4   0x00000014   Code   RO          693    i.NVIC_PriorityGroupConfig  misc.o
    0x080010d8   0x0000000c   Code   RO         1730    i.PWR_BackupAccessCmd  stm32f10x_pwr.o
    0x080010e4   0x00000002   Code   RO          136    i.PendSV_Handler    stm32f10x_it.o
    0x080010e6   0x00000002   PAD
    0x080010e8   0x00000018   Code   RO         1790    i.RCC_ADCCLKConfig  stm32f10x_rcc.o
    0x08001100   0x00000020   Code   RO         1792    i.RCC_APB1PeriphClockCmd  stm32f10x_rcc.o
    0x08001120   0x00000020   Code   RO         1794    i.RCC_APB2PeriphClockCmd  stm32f10x_rcc.o
    0x08001140   0x00000020   Code   RO         1795    i.RCC_APB2PeriphResetCmd  stm32f10x_rcc.o
    0x08001160   0x0000000c   Code   RO         1797    i.RCC_BackupResetCmd  stm32f10x_rcc.o
    0x0800116c   0x0000003c   Code   RO         1803    i.RCC_GetFlagStatus  stm32f10x_rcc.o
    0x080011a8   0x00000034   Code   RO         1810    i.RCC_LSEConfig     stm32f10x_rcc.o
    0x080011dc   0x0000000c   Code   RO         1817    i.RCC_RTCCLKCmd     stm32f10x_rcc.o
    0x080011e8   0x00000010   Code   RO         1818    i.RCC_RTCCLKConfig  stm32f10x_rcc.o
    0x080011f8   0x0000005c   Code   RO          468    i.RNG_Get_RandomNum  rng.o
    0x08001254   0x00000030   Code   RO          469    i.RNG_Get_RandomRange  rng.o
    0x08001284   0x00000090   Code   RO          470    i.RNG_Init          rng.o
    0x08001314   0x00000010   Code   RO         1991    i.RTC_ClearITPendingBit  stm32f10x_rtc.o
    0x08001324   0x00000014   Code   RO         1992    i.RTC_EnterConfigMode  stm32f10x_rtc.o
    0x08001338   0x00000014   Code   RO         1993    i.RTC_ExitConfigMode  stm32f10x_rtc.o
    0x0800134c   0x00000100   Code   RO          516    i.RTC_Get           rtc.o
    0x0800144c   0x00000014   Code   RO         1994    i.RTC_GetCounter    stm32f10x_rtc.o
    0x08001460   0x00000024   Code   RO         1997    i.RTC_GetITStatus   stm32f10x_rtc.o
    0x08001484   0x00000078   Code   RO          517    i.RTC_Get_Week      rtc.o
    0x080014fc   0x00000070   Code   RO          518    i.RTC_IRQHandler    rtc.o
    0x0800156c   0x000000c4   Code   RO          519    i.RTC_Init          rtc.o
    0x08001630   0x000000c8   Code   RO          521    i.RTC_Set           rtc.o
    0x080016f8   0x0000001c   Code   RO         2000    i.RTC_SetCounter    stm32f10x_rtc.o
    0x08001714   0x00000020   Code   RO         2001    i.RTC_SetPrescaler  stm32f10x_rtc.o
    0x08001734   0x00000014   Code   RO         2002    i.RTC_WaitForLastTask  stm32f10x_rtc.o
    0x08001748   0x00000024   Code   RO         2003    i.RTC_WaitForSynchro  stm32f10x_rtc.o
    0x0800176c   0x00000002   Code   RO          137    i.SVC_Handler       stm32f10x_it.o
    0x0800176e   0x00000008   Code   RO          194    i.SetSysClock       system_stm32f10x.o
    0x08001776   0x00000002   PAD
    0x08001778   0x000000e0   Code   RO          195    i.SetSysClockTo72   system_stm32f10x.o
    0x08001858   0x000000a4   Code   RO          365    i.ShowNixie         display.o
    0x080018fc   0x00000024   Code   RO          366    i.Show_STOP         display.o
    0x08001920   0x00000028   Code   RO          696    i.SysTick_CLKSourceConfig  misc.o
    0x08001948   0x00000002   Code   RO          138    i.SysTick_Handler   stm32f10x_it.o
    0x0800194a   0x00000002   PAD
    0x0800194c   0x00000060   Code   RO          197    i.SystemInit        system_stm32f10x.o
    0x080019ac   0x000007c8   Code   RO          234    i.TIM3_IRQHandler   bpcdecode.o
    0x08002174   0x00000060   Code   RO          235    i.TIM3_Int_Init     bpcdecode.o
    0x080021d4   0x00000160   Code   RO          319    i.TIM4_IRQHandler   clock.o
    0x08002334   0x00000060   Code   RO          320    i.TIM4_Int_Init     clock.o
    0x08002394   0x00000006   Code   RO         2091    i.TIM_ClearITPendingBit  stm32f10x_tim.o
    0x0800239a   0x00000018   Code   RO         2096    i.TIM_Cmd           stm32f10x_tim.o
    0x080023b2   0x00000022   Code   RO         2117    i.TIM_GetITStatus   stm32f10x_tim.o
    0x080023d4   0x00000012   Code   RO         2121    i.TIM_ITConfig      stm32f10x_tim.o
    0x080023e6   0x00000002   PAD
    0x080023e8   0x000000a4   Code   RO         2167    i.TIM_TimeBaseInit  stm32f10x_tim.o
    0x0800248c   0x00000088   Code   RO          634    i.USART1_IRQHandler  usart.o
    0x08002514   0x00000054   Code   RO         2636    i.USART_GetITStatus  stm32f10x_usart.o
    0x08002568   0x0000000a   Code   RO         2646    i.USART_ReceiveData  stm32f10x_usart.o
    0x08002572   0x00000004   Code   RO          139    i.UsageFault_Handler  stm32f10x_it.o
    0x08002576   0x00000006   Code   RO          635    i._sys_exit         usart.o
    0x0800257c   0x00000044   Code   RO          579    i.delay_init        delay.o
    0x080025c0   0x0000004c   Code   RO          580    i.delay_ms          delay.o
    0x0800260c   0x0000004c   Code   RO          581    i.delay_us          delay.o
    0x08002658   0x0000001c   Code   RO          636    i.fputc             usart.o
    0x08002674   0x00000090   Code   RO            1    i.main              main.o
    0x08002704   0x00000178   Code   RO          367    i.show6num          display.o
    0x0800287c   0x00000018   Data   RO          523    .constdata          rtc.o
    0x08002894   0x00000020   Data   RO         3068    Region$$Table       anon$$obj.o


    Execution Region ER_RW (Base: 0x20000000, Size: 0x000000b0, Max: 0xffffffff, ABSOLUTE)

    Base Addr    Size         Type   Attr      Idx    E Section Name        Object

    0x20000000   0x00000014   Data   RW          198    .data               system_stm32f10x.o
    0x20000014   0x00000045   Data   RW          236    .data               bpcdecode.o
    0x20000059   0x00000008   Data   RW          321    .data               clock.o
    0x20000061   0x00000003   PAD
    0x20000064   0x0000003e   Data   RW          368    .data               display.o
    0x200000a2   0x00000002   Data   RW          524    .data               rtc.o
    0x200000a4   0x00000004   Data   RW          582    .data               delay.o
    0x200000a8   0x00000006   Data   RW          639    .data               usart.o


    Execution Region ER_ZI (Base: 0x200000b0, Size: 0x00000818, Max: 0xffffffff, ABSOLUTE)

    Base Addr    Size         Type   Attr      Idx    E Section Name        Object

    0x200000b0   0x0000000a   Zero   RW          522    .bss                rtc.o
    0x200000ba   0x000000c8   Zero   RW          638    .bss                usart.o
    0x20000182   0x00000002   PAD
    0x20000184   0x000000e4   Zero   RW         2898    .bss                c_w.l(rand.o)
    0x20000268   0x00000060   Zero   RW         3002    .bss                c_w.l(libspace.o)
    0x200002c8   0x00000200   Zero   RW          686    HEAP                startup_stm32f10x_md.o
    0x200004c8   0x00000400   Zero   RW          685    STACK               startup_stm32f10x_md.o


==============================================================================

Image component sizes


      Code (inc. data)   RO Data    RW Data    ZI Data      Debug   Object Name

      2564        320          0         69          0     221069   bpcdecode.o
       600         82          0          8          0       2728   clock.o
       220         26          0          4          0       1615   delay.o
      1192        112          0         62          0       5140   display.o
       340         18          0          0          0       1882   exti.o
        72          4          0          0          0        447   key.o
       144         22          0          0          0     243047   main.o
       172         22          0          0          0       1977   misc.o
       284         16          0          0          0       1717   rng.o
       942         96         24          2         10       4622   rtc.o
        64         26        236          0       1536        784   startup_stm32f10x_md.o
       492         24          0          0          0       8782   stm32f10x_adc.o
        72         10          0          0          0       2596   stm32f10x_bkp.o
       160         12          0          0          0       1441   stm32f10x_exti.o
       504         10          0          0          0       3908   stm32f10x_gpio.o
        26          0          0          0          0       3522   stm32f10x_it.o
        12          6          0          0          0        490   stm32f10x_pwr.o
       272         50          0          0          0       4774   stm32f10x_rcc.o
       228         42          0          0          0       4397   stm32f10x_rtc.o
       246         42          0          0          0       3418   stm32f10x_tim.o
        94          0          0          0          0       2652   stm32f10x_usart.o
         0          0          0          0          0         32   sys.o
       328         28          0         20          0       1985   system_stm32f10x.o
       170         18          0          6        200       3332   usart.o

    ----------------------------------------------------------------------
      9220        986        292        176       1748     526357   Object Totals
         0          0         32          0          0          0   (incl. Generated)
        22          0          0          5          2          0   (incl. Padding)

    ----------------------------------------------------------------------

      Code (inc. data)   RO Data    RW Data    ZI Data      Debug   Library Member Name

         8          0          0          0          0         68   __main.o
       104          0          0          0          0         84   __printf.o
         0          0          0          0          0          0   __rtentry.o
        12          0          0          0          0          0   __rtentry2.o
         6          0          0          0          0          0   __rtentry4.o
        52          8          0          0          0          0   __scatter.o
        26          0          0          0          0          0   __scatter_copy.o
        28          0          0          0          0          0   __scatter_zi.o
        48          6          0          0          0         96   _printf_char_common.o
        36          4          0          0          0         80   _printf_char_file.o
         6          0          0          0          0          0   _printf_d.o
       120         16          0          0          0         92   _printf_dec.o
       178          0          0          0          0         88   _printf_intcommon.o
         0          0          0          0          0          0   _printf_percent.o
         4          0          0          0          0          0   _printf_percent_end.o
        12          0          0          0          0         72   exit.o
         8          0          0          0          0         68   ferror.o
         6          0          0          0          0        152   heapauxi.o
         2          0          0          0          0          0   libinit.o
         6          0          0          0          0          0   libinit2.o
         2          0          0          0          0          0   libshutdown.o
         2          0          0          0          0          0   libshutdown2.o
         8          4          0          0         96         68   libspace.o
        24          4          0          0          0         84   noretval__2printf.o
       112         18          0          0        228        160   rand.o
         2          0          0          0          0          0   rtexit.o
        10          0          0          0          0          0   rtexit2.o
        74          0          0          0          0         80   sys_stackheap_outer.o
         2          0          0          0          0         68   use_no_semi.o
         2          0          0          0          0         68   use_no_semi_2.o

    ----------------------------------------------------------------------
       908         60          0          0        324       1328   Library Totals
         8          0          0          0          0          0   (incl. Padding)

    ----------------------------------------------------------------------

      Code (inc. data)   RO Data    RW Data    ZI Data      Debug   Library Name

       900         60          0          0        324       1328   c_w.l

    ----------------------------------------------------------------------
       908         60          0          0        324       1328   Library Totals

    ----------------------------------------------------------------------

==============================================================================


      Code (inc. data)   RO Data    RW Data    ZI Data      Debug   

     10128       1046        292        176       2072     521961   Grand Totals
     10128       1046        292        176       2072     521961   ELF Image Totals
     10128       1046        292        176          0          0   ROM Totals

==============================================================================

    Total RO  Size (Code + RO Data)                10420 (  10.18kB)
    Total RW  Size (RW Data + ZI Data)              2248 (   2.20kB)
    Total ROM Size (Code + RO Data + RW Data)      10596 (  10.35kB)

==============================================================================

